 aectest

 Timestamp is 5a30f31b (Wed Dec 13 17:30:03 2017)

 Preferred load address is 00400000

 Start         Length     Name                   Class
 0001:00000000 0000986dH .text                   CODE
 0001:00009870 00113b9cH .text$mn                CODE
 0001:0011d410 000010e8H .text$x                 CODE
 0002:00000000 00000104H .CRT$XCA                DATA
 0002:00000104 00000104H .CRT$XCAA               DATA
 0002:00000208 00000104H .CRT$XCZ                DATA
 0002:0000030c 00000104H .CRT$XIA                DATA
 0002:00000410 00000104H .CRT$XIAA               DATA
 0002:00000514 00000104H .CRT$XIAC               DATA
 0002:00000618 00000113H .CRT$XIC                DATA
 0002:0000072c 00000104H .CRT$XIZ                DATA
 0002:00000830 00000104H .CRT$XPA                DATA
 0002:00000934 00000109H .CRT$XPX                DATA
 0002:00000a40 00000104H .CRT$XPXA               DATA
 0002:00000b44 00000104H .CRT$XPZ                DATA
 0002:00000c48 00000104H .CRT$XTA                DATA
 0002:00000d4c 00000104H .CRT$XTZ                DATA
 0002:00000e50 0003cd7aH .rdata                  DATA
 0002:0003dbcc 00000443H .rdata$r                DATA
 0002:0003e010 0000012bH .rdata$sxdata           DATA
 0002:0003e140 00000113H .rdata$zETW0            DATA
 0002:0003e253 0000018eH .rdata$zETW1            DATA
 0002:0003e3e1 00000134H .rdata$zETW2            DATA
 0002:0003e515 00000101H .rdata$zETW9            DATA
 0002:0003e618 000001ceH .rdata$zzzdbg           DATA
 0002:0003e7e8 00000104H .rtc$IAA                DATA
 0002:0003e8ec 00000104H .rtc$IZZ                DATA
 0002:0003e9f0 00000104H .rtc$TAA                DATA
 0002:0003eaf4 00000104H .rtc$TZZ                DATA
 0002:0003ebf8 00000f94H .xdata$x                DATA
 0002:0003fb8c 00000000H .edata                  DATA
 0003:00000000 00022a94H .data                   DATA
 0003:00022a94 00000244H .data$r                 DATA
 0003:00022ce0 00002ca4H .bss                    DATA
 0004:00000000 00000424H .idata$5                DATA
 0004:00000424 00000064H .idata$2                DATA
 0004:00000488 00000014H .idata$3                DATA
 0004:0000049c 00000424H .idata$4                DATA
 0004:000008c0 00000d43H .idata$6                DATA
 0005:00000000 00000104H .00cfg                  DATA

  Address         Publics by Value              Rva+Base       Lib:Object

 0000:00000000       ___guard_fids_count        00000000     <absolute>
 0000:00000000       ___guard_fids_table        00000000     <absolute>
 0000:00000000       __except_list              00000000     <absolute>
 0000:00000009       ___safe_se_handler_count   00000009     <absolute>
 0000:00000100       ___guard_flags             00000100     <absolute>
 0000:00000000       ___ImageBase               00400000     <linker-defined>
 0001:00009290       ?TraceLoggingRegister@__vcrt_trace_logging_provider@@YAJPBU_TlgProvider_t@1@PBU_GUID@@P6GX1KE_K2PAU_EVENT_FILTER_DESCRIPTOR@@PAX@Z4@Z 0040a290 f i libvcruntimed:telemetry.obj
 0001:00009380       ?TraceLoggingSetInformation@__vcrt_trace_logging_provider@@YAJPBU_TlgProvider_t@1@W4_EVENT_INFO_CLASS@@PAXK@Z 0040a380 f i libvcruntimed:telemetry.obj
 0001:000093d0       ?TraceLoggingUnregister@__vcrt_trace_logging_provider@@YAXPBU_TlgProvider_t@1@@Z 0040a3d0 f i libvcruntimed:telemetry.obj
 0001:00009410       ?_TlgCreateSz@__vcrt_trace_logging_provider@@YAXPAU_EVENT_DATA_DESCRIPTOR@@PBD@Z 0040a410 f i libvcruntimed:telemetry.obj
 0001:00009470       ?_TlgCreateWsz@__vcrt_trace_logging_provider@@YAXPAU_EVENT_DATA_DESCRIPTOR@@PB_W@Z 0040a470 f i libvcruntimed:telemetry.obj
 0001:000094d0       ?_TlgEnableCallback@__vcrt_trace_logging_provider@@YGXPBU_GUID@@KE_K1PAU_EVENT_FILTER_DESCRIPTOR@@PAX@Z 0040a4d0 f i libvcruntimed:telemetry.obj
 0001:000095d0       ?_TlgKeywordOn@__vcrt_trace_logging_provider@@YAEPBU_TlgProvider_t@1@_K@Z 0040a5d0 f i libvcruntimed:telemetry.obj
 0001:00009660       ?_TlgWrite@__vcrt_trace_logging_provider@@YAJPBU_TlgProvider_t@1@PBXPBU_GUID@@2IPAU_EVENT_DATA_DESCRIPTOR@@@Z 0040a660 f i libvcruntimed:telemetry.obj
 0001:00009aa0       _main                      0040aaa0 f   aectest.obj
 0001:0000a6c0       _pjmedia_aud_subsys_init   0040b6c0 f   pjmedia-audiodev-i386-win32-vc14-debug:audiodev.obj
 0001:0000a7d0       _pjmedia_aud_subsys_get_pool_factory 0040b7d0 f   pjmedia-audiodev-i386-win32-vc14-debug:audiodev.obj
 0001:0000a7f0       _pjmedia_aud_subsys_shutdown 0040b7f0 f   pjmedia-audiodev-i386-win32-vc14-debug:audiodev.obj
 0001:0000a860       _pjmedia_aud_register_factory 0040b860 f   pjmedia-audiodev-i386-win32-vc14-debug:audiodev.obj
 0001:0000a8d0       _pjmedia_aud_unregister_factory 0040b8d0 f   pjmedia-audiodev-i386-win32-vc14-debug:audiodev.obj
 0001:0000aa30       _pjmedia_audiodev_strerror 0040ba30 f   pjmedia-audiodev-i386-win32-vc14-debug:errno.obj
 0001:0000acc0       ___local_stdio_printf_options 0040bcc0 f i pjmedia-audiodev-i386-win32-vc14-debug:errno.obj
 0001:0000acd0       __snprintf                 0040bcd0 f i pjmedia-audiodev-i386-win32-vc14-debug:errno.obj
 0001:0000ad20       __vsnprintf                0040bd20 f i pjmedia-audiodev-i386-win32-vc14-debug:errno.obj
 0001:0000ad50       __vsnprintf_l              0040bd50 f i pjmedia-audiodev-i386-win32-vc14-debug:errno.obj
 0001:0000c1c0       _pjmedia_wmme_factory      0040d1c0 f   pjmedia-audiodev-i386-win32-vc14-debug:wmme_dev.obj
 0001:0000dc70       _pjmedia_port_info_init    0040ec70 f   pjmedia-i386-win32-vc14-debug:port.obj
 0001:0000dd10       _pjmedia_port_info_init2   0040ed10 f   pjmedia-i386-win32-vc14-debug:port.obj
 0001:0000dd60       _pjmedia_port_get_clock_src 0040ed60 f   pjmedia-i386-win32-vc14-debug:port.obj
 0001:0000dd90       _pjmedia_port_get_frame    0040ed90 f   pjmedia-i386-win32-vc14-debug:port.obj
 0001:0000de00       _pjmedia_port_put_frame    0040ee00 f   pjmedia-i386-win32-vc14-debug:port.obj
 0001:0000de70       _pjmedia_port_destroy      0040ee70 f   pjmedia-i386-win32-vc14-debug:port.obj
 0001:0000df80       _pjmedia_echo_create       0040ef80 f   pjmedia-i386-win32-vc14-debug:echo_common.obj
 0001:0000dfb0       _pjmedia_echo_create2      0040efb0 f   pjmedia-i386-win32-vc14-debug:echo_common.obj
 0001:0000e2c0       _pjmedia_echo_destroy      0040f2c0 f   pjmedia-i386-win32-vc14-debug:echo_common.obj
 0001:0000e310       _pjmedia_echo_reset        0040f310 f   pjmedia-i386-win32-vc14-debug:echo_common.obj
 0001:0000e390       _pjmedia_echo_playback     0040f390 f   pjmedia-i386-win32-vc14-debug:echo_common.obj
 0001:0000e4a0       _pjmedia_echo_capture      0040f4a0 f   pjmedia-i386-win32-vc14-debug:echo_common.obj
 0001:0000e5b0       _pjmedia_echo_cancel       0040f5b0 f   pjmedia-i386-win32-vc14-debug:echo_common.obj
 0001:0000e940       _pjmedia_endpt_create2     0040f940 f   pjmedia-i386-win32-vc14-debug:endpoint.obj
 0001:0000ec00       _pjmedia_endpt_destroy2    0040fc00 f   pjmedia-i386-win32-vc14-debug:endpoint.obj
 0001:0000ecb0       _pjmedia_endpt_set_flag    0040fcb0 f   pjmedia-i386-win32-vc14-debug:endpoint.obj
 0001:0000ed10       _pjmedia_endpt_get_flag    0040fd10 f   pjmedia-i386-win32-vc14-debug:endpoint.obj
 0001:0000ed70       _pjmedia_endpt_get_ioqueue 0040fd70 f   pjmedia-i386-win32-vc14-debug:endpoint.obj
 0001:0000edb0       _pjmedia_endpt_get_thread_count 0040fdb0 f   pjmedia-i386-win32-vc14-debug:endpoint.obj
 0001:0000edf0       _pjmedia_endpt_get_thread  0040fdf0 f   pjmedia-i386-win32-vc14-debug:endpoint.obj
 0001:0000ee70       _pjmedia_endpt_stop_threads 0040fe70 f   pjmedia-i386-win32-vc14-debug:endpoint.obj
 0001:0000ef30       _pjmedia_endpt_create_pool 0040ff30 f   pjmedia-i386-win32-vc14-debug:endpoint.obj
 0001:0000ef70       _pjmedia_endpt_get_codec_mgr 0040ff70 f   pjmedia-i386-win32-vc14-debug:endpoint.obj
 0001:0000ef80       _pjmedia_endpt_create_sdp  0040ff80 f   pjmedia-i386-win32-vc14-debug:endpoint.obj
 0001:0000f130       _pjmedia_endpt_create_base_sdp 00410130 f   pjmedia-i386-win32-vc14-debug:endpoint.obj
 0001:0000f300       _pjmedia_endpt_create_audio_sdp 00410300 f   pjmedia-i386-win32-vc14-debug:endpoint.obj
 0001:0000fac0       _pjmedia_endpt_create_video_sdp 00410ac0 f   pjmedia-i386-win32-vc14-debug:endpoint.obj
 0001:00010170       _pjmedia_endpt_dump        00411170 f   pjmedia-i386-win32-vc14-debug:endpoint.obj
 0001:00010480       _pjmedia_endpt_atexit      00411480 f   pjmedia-i386-win32-vc14-debug:endpoint.obj
 0001:00011010       __vsprintf_l               00412010 f i pjmedia-i386-win32-vc14-debug:endpoint.obj
 0001:00011040       _sprintf                   00412040 f i pjmedia-i386-win32-vc14-debug:endpoint.obj
 0001:000110e0       _pjmedia_wav_player_port_create 004120e0 f   pjmedia-i386-win32-vc14-debug:wav_player.obj
 0001:00011710       _pjmedia_wav_player_get_info 00412710 f   pjmedia-i386-win32-vc14-debug:wav_player.obj
 0001:00011860       _pjmedia_wav_player_get_len 00412860 f   pjmedia-i386-win32-vc14-debug:wav_player.obj
 0001:000118f0       _pjmedia_wav_player_port_set_pos 004128f0 f   pjmedia-i386-win32-vc14-debug:wav_player.obj
 0001:00011a30       _pjmedia_wav_player_port_get_pos 00412a30 f   pjmedia-i386-win32-vc14-debug:wav_player.obj
 0001:00011b10       _pjmedia_wav_player_set_eof_cb 00412b10 f   pjmedia-i386-win32-vc14-debug:wav_player.obj
 0001:000128c0       _pjmedia_wav_writer_port_create 004138c0 f   pjmedia-i386-win32-vc14-debug:wav_writer.obj
 0001:00012d30       _pjmedia_wav_writer_port_get_pos 00413d30 f   pjmedia-i386-win32-vc14-debug:wav_writer.obj
 0001:00012db0       _pjmedia_wav_writer_port_set_cb 00413db0 f   pjmedia-i386-win32-vc14-debug:wav_writer.obj
 0001:00013610       _pjmedia_get_aud_subsys    00414610 f   pjmedia-i386-win32-vc14-debug:audiodev.obj
 0001:00013620       _pjmedia_aud_driver_init   00414620 f   pjmedia-i386-win32-vc14-debug:audiodev.obj
 0001:000139a0       _pjmedia_aud_driver_deinit 004149a0 f   pjmedia-i386-win32-vc14-debug:audiodev.obj
 0001:00013a10       _pjmedia_aud_dev_cap_name  00414a10 f   pjmedia-i386-win32-vc14-debug:audiodev.obj
 0001:00013a80       _pjmedia_aud_param_set_cap 00414a80 f   pjmedia-i386-win32-vc14-debug:audiodev.obj
 0001:00013ae0       _pjmedia_aud_param_get_cap 00414ae0 f   pjmedia-i386-win32-vc14-debug:audiodev.obj
 0001:00013b50       _pjmedia_aud_dev_refresh   00414b50 f   pjmedia-i386-win32-vc14-debug:audiodev.obj
 0001:00013c00       _pjmedia_aud_dev_count     00414c00 f   pjmedia-i386-win32-vc14-debug:audiodev.obj
 0001:00013c10       _pjmedia_aud_dev_get_info  00414c10 f   pjmedia-i386-win32-vc14-debug:audiodev.obj
 0001:00013cd0       _pjmedia_aud_dev_lookup    00414cd0 f   pjmedia-i386-win32-vc14-debug:audiodev.obj
 0001:00013eb0       _pjmedia_aud_dev_default_param 00414eb0 f   pjmedia-i386-win32-vc14-debug:audiodev.obj
 0001:00013fb0       _pjmedia_aud_stream_create 00414fb0 f   pjmedia-i386-win32-vc14-debug:audiodev.obj
 0001:00014230       _pjmedia_aud_stream_get_param 00415230 f   pjmedia-i386-win32-vc14-debug:audiodev.obj
 0001:00014300       _pjmedia_aud_stream_get_cap 00415300 f   pjmedia-i386-win32-vc14-debug:audiodev.obj
 0001:00014320       _pjmedia_aud_stream_set_cap 00415320 f   pjmedia-i386-win32-vc14-debug:audiodev.obj
 0001:00014340       _pjmedia_aud_stream_start  00415340 f   pjmedia-i386-win32-vc14-debug:audiodev.obj
 0001:00014360       _pjmedia_aud_stream_stop   00415360 f   pjmedia-i386-win32-vc14-debug:audiodev.obj
 0001:00014380       _pjmedia_aud_stream_destroy 00415380 f   pjmedia-i386-win32-vc14-debug:audiodev.obj
 0001:00014bf0       _pjmedia_format_init_video 00415bf0 f   pjmedia-i386-win32-vc14-debug:format.obj
 0001:00014d10       _pjmedia_format_copy       00415d10 f   pjmedia-i386-win32-vc14-debug:format.obj
 0001:00014d30       _pjmedia_format_get_audio_format_detail 00415d30 f   pjmedia-i386-win32-vc14-debug:format.obj
 0001:00014d70       _pjmedia_format_get_video_format_detail 00415d70 f   pjmedia-i386-win32-vc14-debug:format.obj
 0001:00014db0       _pjmedia_video_format_mgr_create 00415db0 f   pjmedia-i386-win32-vc14-debug:format.obj
 0001:00014e90       _pjmedia_video_format_mgr_instance 00415e90 f   pjmedia-i386-win32-vc14-debug:format.obj
 0001:00014ec0       _pjmedia_video_format_mgr_set_instance 00415ec0 f   pjmedia-i386-win32-vc14-debug:format.obj
 0001:00014ed0       _pjmedia_get_video_format_info 00415ed0 f   pjmedia-i386-win32-vc14-debug:format.obj
 0001:00014fa0       _pjmedia_register_video_format_info 00415fa0 f   pjmedia-i386-win32-vc14-debug:format.obj
 0001:000150c0       _pjmedia_video_format_mgr_destroy 004160c0 f   pjmedia-i386-win32-vc14-debug:format.obj
 0001:000158d0       _echo_supp_create          004168d0 f   pjmedia-i386-win32-vc14-debug:echo_suppress.obj
 0001:00015aa0       _echo_supp_destroy         00416aa0 f   pjmedia-i386-win32-vc14-debug:echo_suppress.obj
 0001:00015ab0       _echo_supp_reset           00416ab0 f   pjmedia-i386-win32-vc14-debug:echo_suppress.obj
 0001:00015be0       _echo_supp_cancel_echo     00416be0 f   pjmedia-i386-win32-vc14-debug:echo_suppress.obj
 0001:000160d0       _echo_supp_soft_reset      004170d0 f   pjmedia-i386-win32-vc14-debug:echo_suppress.obj
 0001:00017120       _speex_aec_create          00418120 f   pjmedia-i386-win32-vc14-debug:echo_speex.obj
 0001:000172e0       _speex_aec_destroy         004182e0 f   pjmedia-i386-win32-vc14-debug:echo_speex.obj
 0001:00017370       _speex_aec_reset           00418370 f   pjmedia-i386-win32-vc14-debug:echo_speex.obj
 0001:00017390       _speex_aec_cancel_echo     00418390 f   pjmedia-i386-win32-vc14-debug:echo_speex.obj
 0001:00017450       _speex_aec_playback        00418450 f   pjmedia-i386-win32-vc14-debug:echo_speex.obj
 0001:000174b0       _speex_aec_capture         004184b0 f   pjmedia-i386-win32-vc14-debug:echo_speex.obj
 0001:00017660       _webrtc_aec_create         00418660 f   pjmedia-i386-win32-vc14-debug:echo_webrtc.obj
 0001:00017840       _webrtc_aec_destroy        00418840 f   pjmedia-i386-win32-vc14-debug:echo_webrtc.obj
 0001:000178c0       _webrtc_aec_reset          004188c0 f   pjmedia-i386-win32-vc14-debug:echo_webrtc.obj
 0001:00017960       _webrtc_aec_cancel_echo    00418960 f   pjmedia-i386-win32-vc14-debug:echo_webrtc.obj
 0001:00017d80       _pjmedia_delay_buf_create  00418d80 f   pjmedia-i386-win32-vc14-debug:delaybuf.obj
 0001:00017f70       _pjmedia_delay_buf_put     00418f70 f   pjmedia-i386-win32-vc14-debug:delaybuf.obj
 0001:00018140       _pjmedia_delay_buf_get     00419140 f   pjmedia-i386-win32-vc14-debug:delaybuf.obj
 0001:00018340       _pjmedia_delay_buf_reset   00419340 f   pjmedia-i386-win32-vc14-debug:delaybuf.obj
 0001:000183f0       _pjmedia_delay_buf_destroy 004193f0 f   pjmedia-i386-win32-vc14-debug:delaybuf.obj
 0001:00018fc0       _pjmedia_codec_param_clone 00419fc0 f   pjmedia-i386-win32-vc14-debug:codec.obj
 0001:00019120       _pjmedia_codec_mgr_init    0041a120 f   pjmedia-i386-win32-vc14-debug:codec.obj
 0001:000191f0       _pjmedia_codec_mgr_destroy 0041a1f0 f   pjmedia-i386-win32-vc14-debug:codec.obj
 0001:00019310       _pjmedia_codec_mgr_register_factory 0041a310 f   pjmedia-i386-win32-vc14-debug:codec.obj
 0001:00019530       _pjmedia_codec_mgr_unregister_factory 0041a530 f   pjmedia-i386-win32-vc14-debug:codec.obj
 0001:00019680       _pjmedia_codec_mgr_enum_codecs 0041a680 f   pjmedia-i386-win32-vc14-debug:codec.obj
 0001:00019780       _pjmedia_codec_mgr_get_codec_info 0041a780 f   pjmedia-i386-win32-vc14-debug:codec.obj
 0001:00019850       _pjmedia_codec_info_to_id  0041a850 f   pjmedia-i386-win32-vc14-debug:codec.obj
 0001:00019900       _pjmedia_codec_mgr_find_codecs_by_id 0041a900 f   pjmedia-i386-win32-vc14-debug:codec.obj
 0001:00019a50       _pjmedia_codec_mgr_set_codec_priority 0041aa50 f   pjmedia-i386-win32-vc14-debug:codec.obj
 0001:00019b50       _pjmedia_codec_mgr_get_default_param 0041ab50 f   pjmedia-i386-win32-vc14-debug:codec.obj
 0001:00019d40       _pjmedia_codec_mgr_set_default_param 0041ad40 f   pjmedia-i386-win32-vc14-debug:codec.obj
 0001:00019f50       _pjmedia_codec_mgr_alloc_codec 0041af50 f   pjmedia-i386-win32-vc14-debug:codec.obj
 0001:0001a040       _pjmedia_codec_mgr_dealloc_codec 0041b040 f   pjmedia-i386-win32-vc14-debug:codec.obj
 0001:0001a6a0       _pjmedia_sdp_attr_create   0041b6a0 f   pjmedia-i386-win32-vc14-debug:sdp.obj
 0001:0001a740       _pjmedia_sdp_attr_clone    0041b740 f   pjmedia-i386-win32-vc14-debug:sdp.obj
 0001:0001a7d0       _pjmedia_sdp_attr_find     0041b7d0 f   pjmedia-i386-win32-vc14-debug:sdp.obj
 0001:0001a8a0       _pjmedia_sdp_attr_find2    0041b8a0 f   pjmedia-i386-win32-vc14-debug:sdp.obj
 0001:0001a8e0       _pjmedia_sdp_attr_add      0041b8e0 f   pjmedia-i386-win32-vc14-debug:sdp.obj
 0001:0001a980       _pjmedia_sdp_attr_remove_all 0041b980 f   pjmedia-i386-win32-vc14-debug:sdp.obj
 0001:0001aa90       _pjmedia_sdp_attr_remove   0041ba90 f   pjmedia-i386-win32-vc14-debug:sdp.obj
 0001:0001ab90       _pjmedia_sdp_attr_to_rtpmap 0041bb90 f   pjmedia-i386-win32-vc14-debug:sdp.obj
 0001:0001ac40       _pjmedia_sdp_attr_get_rtpmap 0041bc40 f   pjmedia-i386-win32-vc14-debug:sdp.obj
 0001:0001aee0       _pjmedia_sdp_rtpmap_to_attr 0041bee0 f   pjmedia-i386-win32-vc14-debug:sdp.obj
 0001:0001b0f0       _pjmedia_sdp_attr_get_fmtp 0041c0f0 f   pjmedia-i386-win32-vc14-debug:sdp.obj
 0001:0001b1e0       _pjmedia_sdp_attr_get_rtcp 0041c1e0 f   pjmedia-i386-win32-vc14-debug:sdp.obj
 0001:0001b380       _pjmedia_sdp_attr_create_rtcp 0041c380 f   pjmedia-i386-win32-vc14-debug:sdp.obj
 0001:0001b4b0       _pjmedia_sdp_conn_clone    0041c4b0 f   pjmedia-i386-win32-vc14-debug:sdp.obj
 0001:0001b540       _pjmedia_sdp_bandw_clone   0041c540 f   pjmedia-i386-win32-vc14-debug:sdp.obj
 0001:0001b590       _pjmedia_sdp_media_clone   0041c590 f   pjmedia-i386-win32-vc14-debug:sdp.obj
 0001:0001b830       _pjmedia_sdp_media_find_attr 0041c830 f   pjmedia-i386-win32-vc14-debug:sdp.obj
 0001:0001b890       _pjmedia_sdp_media_find_attr2 0041c890 f   pjmedia-i386-win32-vc14-debug:sdp.obj
 0001:0001b8f0       _pjmedia_sdp_media_add_attr 0041c8f0 f   pjmedia-i386-win32-vc14-debug:sdp.obj
 0001:0001b920       _pjmedia_sdp_media_remove_all_attr 0041c920 f   pjmedia-i386-win32-vc14-debug:sdp.obj
 0001:0001b950       _pjmedia_sdp_media_remove_attr 0041c950 f   pjmedia-i386-win32-vc14-debug:sdp.obj
 0001:0001b980       _pjmedia_sdp_transport_cmp 0041c980 f   pjmedia-i386-win32-vc14-debug:sdp.obj
 0001:0001ba00       _pjmedia_sdp_media_deactivate 0041ca00 f   pjmedia-i386-win32-vc14-debug:sdp.obj
 0001:0001ba50       _pjmedia_sdp_media_clone_deactivate 0041ca50 f   pjmedia-i386-win32-vc14-debug:sdp.obj
 0001:0001bc40       _pjmedia_sdp_parse         0041cc40 f   pjmedia-i386-win32-vc14-debug:sdp.obj
 0001:0001c320       _pjmedia_sdp_print         0041d320 f   pjmedia-i386-win32-vc14-debug:sdp.obj
 0001:0001c340       _pjmedia_sdp_validate      0041d340 f   pjmedia-i386-win32-vc14-debug:sdp.obj
 0001:0001c360       _pjmedia_sdp_validate2     0041d360 f   pjmedia-i386-win32-vc14-debug:sdp.obj
 0001:0001c5f0       _pjmedia_sdp_session_clone 0041d5f0 f   pjmedia-i386-win32-vc14-debug:sdp.obj
 0001:0001c870       _pjmedia_sdp_session_add_attr 0041d870 f   pjmedia-i386-win32-vc14-debug:sdp.obj
 0001:0001e900       _pjmedia_strerror          0041f900 f   pjmedia-i386-win32-vc14-debug:errno.obj
 0001:0001eba0       _pjmedia_vid_codec_param_clone 0041fba0 f   pjmedia-i386-win32-vc14-debug:vid_codec.obj
 0001:0001ed00       _pjmedia_vid_codec_mgr_create 0041fd00 f   pjmedia-i386-win32-vc14-debug:vid_codec.obj
 0001:0001edc0       _pjmedia_vid_codec_mgr_destroy 0041fdc0 f   pjmedia-i386-win32-vc14-debug:vid_codec.obj
 0001:0001ee50       _pjmedia_vid_codec_mgr_instance 0041fe50 f   pjmedia-i386-win32-vc14-debug:vid_codec.obj
 0001:0001ee60       _pjmedia_vid_codec_mgr_set_instance 0041fe60 f   pjmedia-i386-win32-vc14-debug:vid_codec.obj
 0001:0001ee70       _pjmedia_vid_codec_mgr_register_factory 0041fe70 f   pjmedia-i386-win32-vc14-debug:vid_codec.obj
 0001:0001f0b0       _pjmedia_vid_codec_mgr_unregister_factory 004200b0 f   pjmedia-i386-win32-vc14-debug:vid_codec.obj
 0001:0001f1f0       _pjmedia_vid_codec_mgr_enum_codecs 004201f0 f   pjmedia-i386-win32-vc14-debug:vid_codec.obj
 0001:0001f340       _pjmedia_vid_codec_mgr_get_codec_info 00420340 f   pjmedia-i386-win32-vc14-debug:vid_codec.obj
 0001:0001f440       _pjmedia_vid_codec_mgr_get_codec_info2 00420440 f   pjmedia-i386-win32-vc14-debug:vid_codec.obj
 0001:0001f540       _pjmedia_vid_codec_info_to_id 00420540 f   pjmedia-i386-win32-vc14-debug:vid_codec.obj
 0001:0001f5e0       _pjmedia_vid_codec_mgr_find_codecs_by_id 004205e0 f   pjmedia-i386-win32-vc14-debug:vid_codec.obj
 0001:0001f770       _pjmedia_vid_codec_mgr_set_codec_priority 00420770 f   pjmedia-i386-win32-vc14-debug:vid_codec.obj
 0001:0001f8b0       _pjmedia_vid_codec_mgr_get_default_param 004208b0 f   pjmedia-i386-win32-vc14-debug:vid_codec.obj
 0001:0001faa0       _pjmedia_vid_codec_mgr_set_default_param 00420aa0 f   pjmedia-i386-win32-vc14-debug:vid_codec.obj
 0001:0001fd10       _pjmedia_vid_codec_mgr_alloc_codec 00420d10 f   pjmedia-i386-win32-vc14-debug:vid_codec.obj
 0001:0001fe40       _pjmedia_vid_codec_mgr_dealloc_codec 00420e40 f   pjmedia-i386-win32-vc14-debug:vid_codec.obj
 0001:000205b0       _pjmedia_wave_hdr_file_to_host 004215b0 f   pjmedia-i386-win32-vc14-debug:wave.obj
 0001:000205d0       _pjmedia_wave_hdr_host_to_file 004215d0 f   pjmedia-i386-win32-vc14-debug:wave.obj
 0001:00020600       _pjmedia_silence_det_create 00421600 f   pjmedia-i386-win32-vc14-debug:silencedet.obj
 0001:000206c0       _pjmedia_silence_det_set_name 004216c0 f   pjmedia-i386-win32-vc14-debug:silencedet.obj
 0001:00020730       _pjmedia_silence_det_set_fixed 00421730 f   pjmedia-i386-win32-vc14-debug:silencedet.obj
 0001:00020790       _pjmedia_silence_det_set_adaptive 00421790 f   pjmedia-i386-win32-vc14-debug:silencedet.obj
 0001:000207f0       _pjmedia_silence_det_set_params 004217f0 f   pjmedia-i386-win32-vc14-debug:silencedet.obj
 0001:00020870       _pjmedia_silence_det_disable 00421870 f   pjmedia-i386-win32-vc14-debug:silencedet.obj
 0001:000208b0       _pjmedia_silence_det_detect 004218b0 f   pjmedia-i386-win32-vc14-debug:silencedet.obj
 0001:000208f0       _pjmedia_calc_avg_signal   004218f0 f   pjmedia-i386-win32-vc14-debug:silencedet.obj
 0001:00020970       _pjmedia_silence_det_apply 00421970 f   pjmedia-i386-win32-vc14-debug:silencedet.obj
 0001:00020e20       _pjmedia_wsola_create      00421e20 f   pjmedia-i386-win32-vc14-debug:wsola.obj
 0001:00021170       _pjmedia_wsola_set_max_expand 00422170 f   pjmedia-i386-win32-vc14-debug:wsola.obj
 0001:000211c0       _pjmedia_wsola_destroy     004221c0 f   pjmedia-i386-win32-vc14-debug:wsola.obj
 0001:000211d0       _pjmedia_wsola_reset       004221d0 f   pjmedia-i386-win32-vc14-debug:wsola.obj
 0001:00021270       _pjmedia_wsola_save        00422270 f   pjmedia-i386-win32-vc14-debug:wsola.obj
 0001:000216b0       _pjmedia_wsola_generate    004226b0 f   pjmedia-i386-win32-vc14-debug:wsola.obj
 0001:000217a0       _pjmedia_wsola_discard     004227a0 f   pjmedia-i386-win32-vc14-debug:wsola.obj
 0001:000234e0       _pjmedia_srtp_init_lib     004244e0 f   pjmedia-i386-win32-vc14-debug:transport_srtp.obj
 0001:00023590       _pjmedia_srtp_setting_default 00424590 f   pjmedia-i386-win32-vc14-debug:transport_srtp.obj
 0001:00023670       _pjmedia_transport_srtp_create 00424670 f   pjmedia-i386-win32-vc14-debug:transport_srtp.obj
 0001:00023a00       _pjmedia_transport_srtp_dtls_get_fingerprint 00424a00 f   pjmedia-i386-win32-vc14-debug:transport_srtp.obj
 0001:00023a10       _pjmedia_transport_srtp_dtls_start_nego 00424a10 f   pjmedia-i386-win32-vc14-debug:transport_srtp.obj
 0001:00023a20       _pjmedia_transport_srtp_start 00424a20 f   pjmedia-i386-win32-vc14-debug:transport_srtp.obj
 0001:00024380       _pjmedia_transport_srtp_stop 00425380 f   pjmedia-i386-win32-vc14-debug:transport_srtp.obj
 0001:000244e0       _pjmedia_transport_srtp_decrypt_pkt 004254e0 f   pjmedia-i386-win32-vc14-debug:transport_srtp.obj
 0001:000246b0       _pjmedia_transport_srtp_get_member 004256b0 f   pjmedia-i386-win32-vc14-debug:transport_srtp.obj
 0001:00025c10       _get_libsrtp_errstr        00426c10 f   pjmedia-i386-win32-vc14-debug:transport_srtp.obj
 0001:00028330       _pj_getopt                 00429330 f   pjlib-util-i386-win32-vc14-debug:getopt.obj
 0001:00028350       _pj_getopt_long            00429350 f   pjlib-util-i386-win32-vc14-debug:getopt.obj
 0001:000293b0       _pj_cis_buf_init           0042a3b0 f   pjlib-util-i386-win32-vc14-debug:scanner.obj
 0001:000293e0       _pj_cis_init               0042a3e0 f   pjlib-util-i386-win32-vc14-debug:scanner.obj
 0001:00029460       _pj_cis_dup                0042a460 f   pjlib-util-i386-win32-vc14-debug:scanner.obj
 0001:00029520       _pj_cis_add_range          0042a520 f   pjlib-util-i386-win32-vc14-debug:scanner.obj
 0001:00029580       _pj_cis_add_alpha          0042a580 f   pjlib-util-i386-win32-vc14-debug:scanner.obj
 0001:000295b0       _pj_cis_add_num            0042a5b0 f   pjlib-util-i386-win32-vc14-debug:scanner.obj
 0001:000295d0       _pj_cis_add_str            0042a5d0 f   pjlib-util-i386-win32-vc14-debug:scanner.obj
 0001:00029620       _pj_cis_add_cis            0042a620 f   pjlib-util-i386-win32-vc14-debug:scanner.obj
 0001:00029690       _pj_cis_del_range          0042a690 f   pjlib-util-i386-win32-vc14-debug:scanner.obj
 0001:000296d0       _pj_cis_del_str            0042a6d0 f   pjlib-util-i386-win32-vc14-debug:scanner.obj
 0001:00029720       _pj_cis_invert             0042a720 f   pjlib-util-i386-win32-vc14-debug:scanner.obj
 0001:000297b0       _pj_scan_init              0042a7b0 f   pjlib-util-i386-win32-vc14-debug:scanner.obj
 0001:00029820       _pj_scan_fini              0042a820 f   pjlib-util-i386-win32-vc14-debug:scanner.obj
 0001:00029840       _pj_scan_peek              0042a840 f   pjlib-util-i386-win32-vc14-debug:scanner.obj
 0001:000298b0       _pj_scan_peek_n            0042a8b0 f   pjlib-util-i386-win32-vc14-debug:scanner.obj
 0001:00029900       _pj_scan_peek_until        0042a900 f   pjlib-util-i386-win32-vc14-debug:scanner.obj
 0001:00029980       _pj_scan_get               0042a980 f   pjlib-util-i386-win32-vc14-debug:scanner.obj
 0001:00029a40       _pj_scan_get_unescape      0042aa40 f   pjlib-util-i386-win32-vc14-debug:scanner.obj
 0001:00029c60       _pj_scan_get_quote         0042ac60 f   pjlib-util-i386-win32-vc14-debug:scanner.obj
 0001:00029c90       _pj_scan_get_quotes        0042ac90 f   pjlib-util-i386-win32-vc14-debug:scanner.obj
 0001:00029e40       _pj_scan_get_n             0042ae40 f   pjlib-util-i386-win32-vc14-debug:scanner.obj
 0001:00029eb0       _pj_scan_get_char          0042aeb0 f   pjlib-util-i386-win32-vc14-debug:scanner.obj
 0001:00029f10       _pj_scan_get_until         0042af10 f   pjlib-util-i386-win32-vc14-debug:scanner.obj
 0001:00029fb0       _pj_scan_get_until_ch      0042afb0 f   pjlib-util-i386-win32-vc14-debug:scanner.obj
 0001:0002a040       _pj_scan_get_until_chr     0042b040 f   pjlib-util-i386-win32-vc14-debug:scanner.obj
 0001:0002a0f0       _pj_scan_advance_n         0042b0f0 f   pjlib-util-i386-win32-vc14-debug:scanner.obj
 0001:0002a150       _pj_scan_strcmp            0042b150 f   pjlib-util-i386-win32-vc14-debug:scanner.obj
 0001:0002a190       _pj_scan_stricmp           0042b190 f   pjlib-util-i386-win32-vc14-debug:scanner.obj
 0001:0002a1d0       _pj_scan_stricmp_alnum     0042b1d0 f   pjlib-util-i386-win32-vc14-debug:scanner.obj
 0001:0002a210       _pj_scan_get_newline       0042b210 f   pjlib-util-i386-win32-vc14-debug:scanner.obj
 0001:0002a2a0       _pj_scan_skip_whitespace   0042b2a0 f   pjlib-util-i386-win32-vc14-debug:scanner.obj
 0001:0002a490       _pj_scan_skip_line         0042b490 f   pjlib-util-i386-win32-vc14-debug:scanner.obj
 0001:0002a4f0       _pj_scan_save_state        0042b4f0 f   pjlib-util-i386-win32-vc14-debug:scanner.obj
 0001:0002a520       _pj_scan_restore_state     0042b520 f   pjlib-util-i386-win32-vc14-debug:scanner.obj
 0001:0002ab20       _pj_base64_encode          0042bb20 f   pjlib-util-i386-win32-vc14-debug:base64.obj
 0001:0002acd0       _pj_base64_decode          0042bcd0 f   pjlib-util-i386-win32-vc14-debug:base64.obj
 0001:0002b280       _pj_init                   0042c280 f   pjlib-i386-win32-vc14-debug:os_core_win32.obj
 0001:0002b460       _pj_shutdown               0042c460 f   pjlib-i386-win32-vc14-debug:os_core_win32.obj
 0001:0002b580       _pj_atexit                 0042c580 f   pjlib-i386-win32-vc14-debug:os_core_win32.obj
 0001:0002b5c0       _pj_getpid                 0042c5c0 f   pjlib-i386-win32-vc14-debug:os_core_win32.obj
 0001:0002b5e0       _pj_thread_create          0042c5e0 f   pjlib-i386-win32-vc14-debug:os_core_win32.obj
 0001:0002b7a0       _pj_thread_register        0042c7a0 f   pjlib-i386-win32-vc14-debug:os_core_win32.obj
 0001:0002b8c0       _pj_thread_is_registered   0042c8c0 f   pjlib-i386-win32-vc14-debug:os_core_win32.obj
 0001:0002b8f0       _pj_thread_get_prio        0042c8f0 f   pjlib-i386-win32-vc14-debug:os_core_win32.obj
 0001:0002b910       _pj_thread_set_prio        0042c910 f   pjlib-i386-win32-vc14-debug:os_core_win32.obj
 0001:0002b9e0       _pj_thread_get_prio_min    0042c9e0 f   pjlib-i386-win32-vc14-debug:os_core_win32.obj
 0001:0002b9f0       _pj_thread_get_prio_max    0042c9f0 f   pjlib-i386-win32-vc14-debug:os_core_win32.obj
 0001:0002ba00       _pj_thread_get_os_handle   0042ca00 f   pjlib-i386-win32-vc14-debug:os_core_win32.obj
 0001:0002ba40       _pj_thread_get_name        0042ca40 f   pjlib-i386-win32-vc14-debug:os_core_win32.obj
 0001:0002baa0       _pj_thread_resume          0042caa0 f   pjlib-i386-win32-vc14-debug:os_core_win32.obj
 0001:0002bb50       _pj_thread_this            0042cb50 f   pjlib-i386-win32-vc14-debug:os_core_win32.obj
 0001:0002bba0       _pj_thread_join            0042cba0 f   pjlib-i386-win32-vc14-debug:os_core_win32.obj
 0001:0002bc80       _pj_thread_destroy         0042cc80 f   pjlib-i386-win32-vc14-debug:os_core_win32.obj
 0001:0002bd30       _pj_thread_sleep           0042cd30 f   pjlib-i386-win32-vc14-debug:os_core_win32.obj
 0001:0002bd60       _pj_thread_check_stack     0042cd60 f   pjlib-i386-win32-vc14-debug:os_core_win32.obj
 0001:0002be20       _pj_thread_get_stack_max_usage 0042ce20 f   pjlib-i386-win32-vc14-debug:os_core_win32.obj
 0001:0002be30       _pj_thread_get_stack_info  0042ce30 f   pjlib-i386-win32-vc14-debug:os_core_win32.obj
 0001:0002be70       _pj_thread_local_alloc     0042ce70 f   pjlib-i386-win32-vc14-debug:os_core_win32.obj
 0001:0002bf00       _pj_thread_local_free      0042cf00 f   pjlib-i386-win32-vc14-debug:os_core_win32.obj
 0001:0002bf30       _pj_thread_local_set       0042cf30 f   pjlib-i386-win32-vc14-debug:os_core_win32.obj
 0001:0002bfa0       _pj_thread_local_get       0042cfa0 f   pjlib-i386-win32-vc14-debug:os_core_win32.obj
 0001:0002bfb0       _pj_atomic_create          0042cfb0 f   pjlib-i386-win32-vc14-debug:os_core_win32.obj
 0001:0002bff0       _pj_atomic_destroy         0042cff0 f   pjlib-i386-win32-vc14-debug:os_core_win32.obj
 0001:0002c030       _pj_atomic_set             0042d030 f   pjlib-i386-win32-vc14-debug:os_core_win32.obj
 0001:0002c050       _pj_atomic_get             0042d050 f   pjlib-i386-win32-vc14-debug:os_core_win32.obj
 0001:0002c0a0       _pj_atomic_inc             0042d0a0 f   pjlib-i386-win32-vc14-debug:os_core_win32.obj
 0001:0002c0c0       _pj_atomic_inc_and_get     0042d0c0 f   pjlib-i386-win32-vc14-debug:os_core_win32.obj
 0001:0002c0f0       _pj_atomic_dec             0042d0f0 f   pjlib-i386-win32-vc14-debug:os_core_win32.obj
 0001:0002c110       _pj_atomic_dec_and_get     0042d110 f   pjlib-i386-win32-vc14-debug:os_core_win32.obj
 0001:0002c140       _pj_atomic_add             0042d140 f   pjlib-i386-win32-vc14-debug:os_core_win32.obj
 0001:0002c150       _pj_atomic_add_and_get     0042d150 f   pjlib-i386-win32-vc14-debug:os_core_win32.obj
 0001:0002c170       _pj_mutex_create           0042d170 f   pjlib-i386-win32-vc14-debug:os_core_win32.obj
 0001:0002c200       _pj_mutex_create_simple    0042d200 f   pjlib-i386-win32-vc14-debug:os_core_win32.obj
 0001:0002c220       _pj_mutex_create_recursive 0042d220 f   pjlib-i386-win32-vc14-debug:os_core_win32.obj
 0001:0002c240       _pj_mutex_lock             0042d240 f   pjlib-i386-win32-vc14-debug:os_core_win32.obj
 0001:0002c2d0       _pj_mutex_unlock           0042d2d0 f   pjlib-i386-win32-vc14-debug:os_core_win32.obj
 0001:0002c380       _pj_mutex_trylock          0042d380 f   pjlib-i386-win32-vc14-debug:os_core_win32.obj
 0001:0002c430       _pj_mutex_destroy          0042d430 f   pjlib-i386-win32-vc14-debug:os_core_win32.obj
 0001:0002c490       _pj_mutex_is_locked        0042d490 f   pjlib-i386-win32-vc14-debug:os_core_win32.obj
 0001:0002c4c0       _pj_rwmutex_create         0042d4c0 f   pjlib-i386-win32-vc14-debug:os_core_win32.obj
 0001:0002c590       _pj_rwmutex_lock_read      0042d590 f   pjlib-i386-win32-vc14-debug:os_core_win32.obj
 0001:0002c660       _pj_rwmutex_lock_write     0042d660 f   pjlib-i386-win32-vc14-debug:os_core_win32.obj
 0001:0002c6a0       _pj_rwmutex_unlock_read    0042d6a0 f   pjlib-i386-win32-vc14-debug:os_core_win32.obj
 0001:0002c770       _pj_rwmutex_unlock_write   0042d770 f   pjlib-i386-win32-vc14-debug:os_core_win32.obj
 0001:0002c7e0       _pj_rwmutex_destroy        0042d7e0 f   pjlib-i386-win32-vc14-debug:os_core_win32.obj
 0001:0002c840       _pj_enter_critical_section 0042d840 f   pjlib-i386-win32-vc14-debug:os_core_win32.obj
 0001:0002c860       _pj_leave_critical_section 0042d860 f   pjlib-i386-win32-vc14-debug:os_core_win32.obj
 0001:0002c880       _pj_sem_create             0042d880 f   pjlib-i386-win32-vc14-debug:os_core_win32.obj
 0001:0002c9c0       _pj_sem_wait               0042d9c0 f   pjlib-i386-win32-vc14-debug:os_core_win32.obj
 0001:0002ca20       _pj_sem_trywait            0042da20 f   pjlib-i386-win32-vc14-debug:os_core_win32.obj
 0001:0002ca80       _pj_sem_post               0042da80 f   pjlib-i386-win32-vc14-debug:os_core_win32.obj
 0001:0002cb30       _pj_sem_destroy            0042db30 f   pjlib-i386-win32-vc14-debug:os_core_win32.obj
 0001:0002cbe0       _pj_event_create           0042dbe0 f   pjlib-i386-win32-vc14-debug:os_core_win32.obj
 0001:0002cd60       _pj_event_wait             0042dd60 f   pjlib-i386-win32-vc14-debug:os_core_win32.obj
 0001:0002cdb0       _pj_event_trywait          0042ddb0 f   pjlib-i386-win32-vc14-debug:os_core_win32.obj
 0001:0002ce00       _pj_event_set              0042de00 f   pjlib-i386-win32-vc14-debug:os_core_win32.obj
 0001:0002ceb0       _pj_event_pulse            0042deb0 f   pjlib-i386-win32-vc14-debug:os_core_win32.obj
 0001:0002cf60       _pj_event_reset            0042df60 f   pjlib-i386-win32-vc14-debug:os_core_win32.obj
 0001:0002d010       _pj_event_destroy          0042e010 f   pjlib-i386-win32-vc14-debug:os_core_win32.obj
 0001:0002d0c0       _pj_term_set_color         0042e0c0 f   pjlib-i386-win32-vc14-debug:os_core_win32.obj
 0001:0002d160       _pj_term_get_color         0042e160 f   pjlib-i386-win32-vc14-debug:os_core_win32.obj
 0001:0002d1b0       _pj_run_app                0042e1b0 f   pjlib-i386-win32-vc14-debug:os_core_win32.obj
 0001:0002d1d0       _pj_thread_init            0042e1d0 f   pjlib-i386-win32-vc14-debug:os_core_win32.obj
 0001:0002def0       _pj_get_timestamp          0042eef0 f   pjlib-i386-win32-vc14-debug:os_timestamp_win32.obj
 0001:0002df60       _pj_get_timestamp_freq     0042ef60 f   pjlib-i386-win32-vc14-debug:os_timestamp_win32.obj
 0001:0002e000       _pj_gettickcount           0042f000 f   pjlib-i386-win32-vc14-debug:os_timestamp_common.obj
 0001:0002e050       _pj_elapsed_time           0042f050 f   pjlib-i386-win32-vc14-debug:os_timestamp_common.obj
 0001:0002e100       _pj_elapsed_msec           0042f100 f   pjlib-i386-win32-vc14-debug:os_timestamp_common.obj
 0001:0002e130       _pj_elapsed_msec64         0042f130 f   pjlib-i386-win32-vc14-debug:os_timestamp_common.obj
 0001:0002e160       _pj_elapsed_usec           0042f160 f   pjlib-i386-win32-vc14-debug:os_timestamp_common.obj
 0001:0002e190       _pj_elapsed_nanosec        0042f190 f   pjlib-i386-win32-vc14-debug:os_timestamp_common.obj
 0001:0002e220       _pj_elapsed_cycle          0042f220 f   pjlib-i386-win32-vc14-debug:os_timestamp_common.obj
 0001:0002e480       _pj_strerror               0042f480 f   pjlib-i386-win32-vc14-debug:errno.obj
 0001:0002e610       _pj_perror                 0042f610 f   pjlib-i386-win32-vc14-debug:errno.obj
 0001:0002e650       _pj_register_strerror      0042f650 f   pjlib-i386-win32-vc14-debug:errno.obj
 0001:0002e800       _pj_errno_clear_handlers   0042f800 f   pjlib-i386-win32-vc14-debug:errno.obj
 0001:0002e820       _pj_perror_1               0042f820 f   pjlib-i386-win32-vc14-debug:errno.obj
 0001:0002e850       _pj_perror_2               0042f850 f   pjlib-i386-win32-vc14-debug:errno.obj
 0001:0002e880       _pj_perror_3               0042f880 f   pjlib-i386-win32-vc14-debug:errno.obj
 0001:0002e8b0       _pj_perror_4               0042f8b0 f   pjlib-i386-win32-vc14-debug:errno.obj
 0001:0002e8e0       _pj_perror_5               0042f8e0 f   pjlib-i386-win32-vc14-debug:errno.obj
 0001:0002ec70       _pj_pool_create            0042fc70 f   pjlib-i386-win32-vc14-debug:pool.obj
 0001:0002eca0       _pj_pool_release           0042fca0 f   pjlib-i386-win32-vc14-debug:pool.obj
 0001:0002ecd0       _pj_pool_safe_release      0042fcd0 f   pjlib-i386-win32-vc14-debug:pool.obj
 0001:0002ed00       _pj_pool_getobjname        0042fd00 f   pjlib-i386-win32-vc14-debug:pool.obj
 0001:0002ed10       _pj_pool_reset             0042fd10 f   pjlib-i386-win32-vc14-debug:pool.obj
 0001:0002ed30       _pj_pool_get_capacity      0042fd30 f   pjlib-i386-win32-vc14-debug:pool.obj
 0001:0002ed40       _pj_pool_get_used_size     0042fd40 f   pjlib-i386-win32-vc14-debug:pool.obj
 0001:0002ed90       _pj_pool_alloc             0042fd90 f   pjlib-i386-win32-vc14-debug:pool.obj
 0001:0002edd0       _pj_pool_calloc            0042fdd0 f   pjlib-i386-win32-vc14-debug:pool.obj
 0001:0002ee10       _pj_pool_alloc_from_block  0042fe10 f   pjlib-i386-win32-vc14-debug:pool.obj
 0001:0002ee60       _pj_pool_allocate_find     0042fe60 f   pjlib-i386-win32-vc14-debug:pool.obj
 0001:0002ef80       _pj_NO_MEMORY_EXCEPTION    0042ff80 f   pjlib-i386-win32-vc14-debug:pool.obj
 0001:0002ef90       _pj_pool_create_int        0042ff90 f   pjlib-i386-win32-vc14-debug:pool.obj
 0001:0002f0b0       _pj_pool_init_int          004300b0 f   pjlib-i386-win32-vc14-debug:pool.obj
 0001:0002f150       _pj_pool_destroy_int       00430150 f   pjlib-i386-win32-vc14-debug:pool.obj
 0001:0002f560       _pj_caching_pool_init      00430560 f   pjlib-i386-win32-vc14-debug:pool_caching.obj
 0001:0002f660       _pj_caching_pool_destroy   00430660 f   pjlib-i386-win32-vc14-debug:pool_caching.obj
 0001:0002ff60       _pj_log                    00430f60 f   pjlib-i386-win32-vc14-debug:log.obj
 0001:000307a0       _pj_log_set_log_func       004317a0 f   pjlib-i386-win32-vc14-debug:log.obj
 0001:000307b0       _pj_log_get_log_func       004317b0 f   pjlib-i386-win32-vc14-debug:log.obj
 0001:000307c0       _pj_log_set_level          004317c0 f   pjlib-i386-win32-vc14-debug:log.obj
 0001:000307d0       _pj_log_get_level          004317d0 f   pjlib-i386-win32-vc14-debug:log.obj
 0001:000307e0       _pj_log_set_decor          004317e0 f   pjlib-i386-win32-vc14-debug:log.obj
 0001:000307f0       _pj_log_get_decor          004317f0 f   pjlib-i386-win32-vc14-debug:log.obj
 0001:00030800       _pj_log_add_indent         00431800 f   pjlib-i386-win32-vc14-debug:log.obj
 0001:00030820       _pj_log_push_indent        00431820 f   pjlib-i386-win32-vc14-debug:log.obj
 0001:00030830       _pj_log_pop_indent         00431830 f   pjlib-i386-win32-vc14-debug:log.obj
 0001:00030840       _pj_log_set_color          00431840 f   pjlib-i386-win32-vc14-debug:log.obj
 0001:00030930       _pj_log_get_color          00431930 f   pjlib-i386-win32-vc14-debug:log.obj
 0001:000309a0       _pj_log_init               004319a0 f   pjlib-i386-win32-vc14-debug:log.obj
 0001:00030a20       _pj_log_1                  00431a20 f   pjlib-i386-win32-vc14-debug:log.obj
 0001:00030a50       _pj_log_2                  00431a50 f   pjlib-i386-win32-vc14-debug:log.obj
 0001:00030a80       _pj_log_3                  00431a80 f   pjlib-i386-win32-vc14-debug:log.obj
 0001:00030ab0       _pj_log_4                  00431ab0 f   pjlib-i386-win32-vc14-debug:log.obj
 0001:00030ae0       _pj_log_5                  00431ae0 f   pjlib-i386-win32-vc14-debug:log.obj
 0001:00031040       _pj_pool_factory_get_default_policy 00432040 f   pjlib-i386-win32-vc14-debug:pool_policy_malloc.obj
 0001:00031170       _pj_str                    00432170 f   pjlib-i386-win32-vc14-debug:string.obj
 0001:000311b0       _pj_strassign              004321b0 f   pjlib-i386-win32-vc14-debug:string.obj
 0001:000311d0       _pj_strcpy                 004321d0 f   pjlib-i386-win32-vc14-debug:string.obj
 0001:00031210       _pj_strcpy2                00432210 f   pjlib-i386-win32-vc14-debug:string.obj
 0001:00031270       _pj_strncpy                00432270 f   pjlib-i386-win32-vc14-debug:string.obj
 0001:000312d0       _pj_strncpy_with_null      004322d0 f   pjlib-i386-win32-vc14-debug:string.obj
 0001:00031350       _pj_strdup                 00432350 f   pjlib-i386-win32-vc14-debug:string.obj
 0001:000313b0       _pj_strdup_with_null       004323b0 f   pjlib-i386-win32-vc14-debug:string.obj
 0001:00031420       _pj_strdup2                00432420 f   pjlib-i386-win32-vc14-debug:string.obj
 0001:000314a0       _pj_strdup2_with_null      004324a0 f   pjlib-i386-win32-vc14-debug:string.obj
 0001:00031520       _pj_strdup3                00432520 f   pjlib-i386-win32-vc14-debug:string.obj
 0001:00031550       _pj_strcmp                 00432550 f   pjlib-i386-win32-vc14-debug:string.obj
 0001:00031630       _pj_strcmp2                00432630 f   pjlib-i386-win32-vc14-debug:string.obj
 0001:00031680       _pj_strncmp                00432680 f   pjlib-i386-win32-vc14-debug:string.obj
 0001:000316e0       _pj_strncmp2               004326e0 f   pjlib-i386-win32-vc14-debug:string.obj
 0001:00031730       _pj_stricmp                00432730 f   pjlib-i386-win32-vc14-debug:string.obj
 0001:00031810       _pj_stricmp2               00432810 f   pjlib-i386-win32-vc14-debug:string.obj
 0001:00031860       _pj_strnicmp               00432860 f   pjlib-i386-win32-vc14-debug:string.obj
 0001:000318c0       _pj_strnicmp2              004328c0 f   pjlib-i386-win32-vc14-debug:string.obj
 0001:00031910       _pj_strcat                 00432910 f   pjlib-i386-win32-vc14-debug:string.obj
 0001:00031960       _pj_strcat2                00432960 f   pjlib-i386-win32-vc14-debug:string.obj
 0001:000319c0       _pj_strspn                 004329c0 f   pjlib-i386-win32-vc14-debug:string.obj
 0001:00031a50       _pj_strspn2                00432a50 f   pjlib-i386-win32-vc14-debug:string.obj
 0001:00031ad0       _pj_strcspn                00432ad0 f   pjlib-i386-win32-vc14-debug:string.obj
 0001:00031b40       _pj_strcspn2               00432b40 f   pjlib-i386-win32-vc14-debug:string.obj
 0001:00031bb0       _pj_strtok                 00432bb0 f   pjlib-i386-win32-vc14-debug:string.obj
 0001:00031c60       _pj_strtok2                00432c60 f   pjlib-i386-win32-vc14-debug:string.obj
 0001:00031d10       _pj_strstr                 00432d10 f   pjlib-i386-win32-vc14-debug:string.obj
 0001:00031d80       _pj_stristr                00432d80 f   pjlib-i386-win32-vc14-debug:string.obj
 0001:00031df0       _pj_strltrim               00432df0 f   pjlib-i386-win32-vc14-debug:string.obj
 0001:00031e60       _pj_strrtrim               00432e60 f   pjlib-i386-win32-vc14-debug:string.obj
 0001:00031ed0       _pj_strtrim                00432ed0 f   pjlib-i386-win32-vc14-debug:string.obj
 0001:00031ef0       _pj_create_random_string   00432ef0 f   pjlib-i386-win32-vc14-debug:string.obj
 0001:00031ff0       _pj_strtol                 00432ff0 f   pjlib-i386-win32-vc14-debug:string.obj
 0001:000320b0       _pj_strtol2                004330b0 f   pjlib-i386-win32-vc14-debug:string.obj
 0001:00032250       _pj_strtoul                00433250 f   pjlib-i386-win32-vc14-debug:string.obj
 0001:000322d0       _pj_strtoul2               004332d0 f   pjlib-i386-win32-vc14-debug:string.obj
 0001:00032400       _pj_strtoul3               00433400 f   pjlib-i386-win32-vc14-debug:string.obj
 0001:00032660       _pj_strtof                 00433660 f   pjlib-i386-win32-vc14-debug:string.obj
 0001:000327d0       _pj_utoa                   004337d0 f   pjlib-i386-win32-vc14-debug:string.obj
 0001:000327f0       _pj_utoa_pad               004337f0 f   pjlib-i386-win32-vc14-debug:string.obj
 0001:00033020       _pj_get_os_error           00434020 f   pjlib-i386-win32-vc14-debug:os_error_win32.obj
 0001:00033050       _pj_set_os_error           00434050 f   pjlib-i386-win32-vc14-debug:os_error_win32.obj
 0001:00033080       _pj_get_netos_error        00434080 f   pjlib-i386-win32-vc14-debug:os_error_win32.obj
 0001:000330b0       _pj_set_netos_error        004340b0 f   pjlib-i386-win32-vc14-debug:os_error_win32.obj
 0001:00033100       _platform_strerror         00434100 f   pjlib-i386-win32-vc14-debug:os_error_win32.obj
 0001:00033350       _pj_list_insert_before     00434350 f   pjlib-i386-win32-vc14-debug:list.obj
 0001:00033370       _pj_list_insert_nodes_before 00434370 f   pjlib-i386-win32-vc14-debug:list.obj
 0001:00033390       _pj_list_insert_after      00434390 f   pjlib-i386-win32-vc14-debug:list.obj
 0001:000333c0       _pj_list_insert_nodes_after 004343c0 f   pjlib-i386-win32-vc14-debug:list.obj
 0001:00033400       _pj_list_merge_first       00434400 f   pjlib-i386-win32-vc14-debug:list.obj
 0001:00033450       _pj_list_merge_last        00434450 f   pjlib-i386-win32-vc14-debug:list.obj
 0001:000334a0       _pj_list_erase             004344a0 f   pjlib-i386-win32-vc14-debug:list.obj
 0001:000334d0       _pj_list_find_node         004344d0 f   pjlib-i386-win32-vc14-debug:list.obj
 0001:00033520       _pj_list_search            00434520 f   pjlib-i386-win32-vc14-debug:list.obj
 0001:00033580       _pj_list_size              00434580 f   pjlib-i386-win32-vc14-debug:list.obj
 0001:000336b0       _pj_inet_ntop2             004346b0 f   pjlib-i386-win32-vc14-debug:sock_common.obj
 0001:000336f0       _pj_sockaddr_print         004346f0 f   pjlib-i386-win32-vc14-debug:sock_common.obj
 0001:00033800       _pj_inet_addr              00434800 f   pjlib-i386-win32-vc14-debug:sock_common.obj
 0001:00033820       _pj_inet_addr2             00434820 f   pjlib-i386-win32-vc14-debug:sock_common.obj
 0001:00033850       _pj_sockaddr_in_init       00434850 f   pjlib-i386-win32-vc14-debug:sock_common.obj
 0001:000338d0       _pj_sockaddr_init          004348d0 f   pjlib-i386-win32-vc14-debug:sock_common.obj
 0001:00033990       _pj_sockaddr_cmp           00434990 f   pjlib-i386-win32-vc14-debug:sock_common.obj
 0001:00033a60       _pj_sockaddr_get_addr      00434a60 f   pjlib-i386-win32-vc14-debug:sock_common.obj
 0001:00033b00       _pj_sockaddr_has_addr      00434b00 f   pjlib-i386-win32-vc14-debug:sock_common.obj
 0001:00033bc0       _pj_sockaddr_get_addr_len  00434bc0 f   pjlib-i386-win32-vc14-debug:sock_common.obj
 0001:00033c60       _pj_sockaddr_get_len       00434c60 f   pjlib-i386-win32-vc14-debug:sock_common.obj
 0001:00033d00       _pj_sockaddr_copy_addr     00434d00 f   pjlib-i386-win32-vc14-debug:sock_common.obj
 0001:00033d50       _pj_sockaddr_cp            00434d50 f   pjlib-i386-win32-vc14-debug:sock_common.obj
 0001:00033d80       _pj_sockaddr_synthesize    00434d80 f   pjlib-i386-win32-vc14-debug:sock_common.obj
 0001:00033eb0       _pj_sockaddr_in_get_addr   00434eb0 f   pjlib-i386-win32-vc14-debug:sock_common.obj
 0001:00033ed0       _pj_sockaddr_in_set_addr   00434ed0 f   pjlib-i386-win32-vc14-debug:sock_common.obj
 0001:00033ef0       _pj_sockaddr_in_set_str_addr 00434ef0 f   pjlib-i386-win32-vc14-debug:sock_common.obj
 0001:00034030       _pj_sockaddr_set_str_addr  00435030 f   pjlib-i386-win32-vc14-debug:sock_common.obj
 0001:00034170       _pj_sockaddr_get_port      00435170 f   pjlib-i386-win32-vc14-debug:sock_common.obj
 0001:00034220       _pj_sockaddr_in_get_port   00435220 f   pjlib-i386-win32-vc14-debug:sock_common.obj
 0001:00034240       _pj_sockaddr_set_port      00435240 f   pjlib-i386-win32-vc14-debug:sock_common.obj
 0001:000342e0       _pj_sockaddr_in_set_port   004352e0 f   pjlib-i386-win32-vc14-debug:sock_common.obj
 0001:00034300       _pj_sockaddr_parse         00435300 f   pjlib-i386-win32-vc14-debug:sock_common.obj
 0001:00034440       _pj_sockaddr_parse2        00435440 f   pjlib-i386-win32-vc14-debug:sock_common.obj
 0001:000347e0       _pj_gethostaddr            004357e0 f   pjlib-i386-win32-vc14-debug:sock_common.obj
 0001:00034820       _pj_sock_bind_random       00435820 f   pjlib-i386-win32-vc14-debug:sock_common.obj
 0001:00034950       _pj_sock_setsockopt_sobuf  00435950 f   pjlib-i386-win32-vc14-debug:sock_common.obj
 0001:00034b20       _pj_gethostip              00435b20 f   pjlib-i386-win32-vc14-debug:sock_common.obj
 0001:00035550       _pj_getipinterface         00436550 f   pjlib-i386-win32-vc14-debug:sock_common.obj
 0001:00035730       _pj_getdefaultipinterface  00436730 f   pjlib-i386-win32-vc14-debug:sock_common.obj
 0001:00036080       _pj_gettimeofday           00437080 f   pjlib-i386-win32-vc14-debug:os_time_win32.obj
 0001:00036130       _pj_time_decode            00437130 f   pjlib-i386-win32-vc14-debug:os_time_win32.obj
 0001:00036200       _pj_time_encode            00437200 f   pjlib-i386-win32-vc14-debug:os_time_win32.obj
 0001:00036460       _pj_ioqueue_name           00437460 f   pjlib-i386-win32-vc14-debug:ioqueue_select.obj
 0001:00036470       _pj_ioqueue_create         00437470 f   pjlib-i386-win32-vc14-debug:ioqueue_select.obj
 0001:000366f0       _pj_ioqueue_destroy        004376f0 f   pjlib-i386-win32-vc14-debug:ioqueue_select.obj
 0001:000367f0       _pj_ioqueue_set_lock       004377f0 f   pjlib-i386-win32-vc14-debug:ioqueue_select.obj
 0001:00036860       _pj_ioqueue_set_default_concurrency 00437860 f   pjlib-i386-win32-vc14-debug:ioqueue_select.obj
 0001:000368a0       _pj_ioqueue_register_sock  004378a0 f   pjlib-i386-win32-vc14-debug:ioqueue_select.obj
 0001:000368d0       _pj_ioqueue_register_sock2 004378d0 f   pjlib-i386-win32-vc14-debug:ioqueue_select.obj
 0001:00036af0       _pj_ioqueue_unregister     00437af0 f   pjlib-i386-win32-vc14-debug:ioqueue_select.obj
 0001:00036cb0       _pj_ioqueue_get_user_data  00437cb0 f   pjlib-i386-win32-vc14-debug:ioqueue_select.obj
 0001:00036cf0       _pj_ioqueue_set_user_data  00437cf0 f   pjlib-i386-win32-vc14-debug:ioqueue_select.obj
 0001:00036d40       _pj_ioqueue_set_concurrency 00437d40 f   pjlib-i386-win32-vc14-debug:ioqueue_select.obj
 0001:00036dc0       _pj_ioqueue_lock_key       00437dc0 f   pjlib-i386-win32-vc14-debug:ioqueue_select.obj
 0001:00036df0       _pj_ioqueue_trylock_key    00437df0 f   pjlib-i386-win32-vc14-debug:ioqueue_select.obj
 0001:00036e20       _pj_ioqueue_unlock_key     00437e20 f   pjlib-i386-win32-vc14-debug:ioqueue_select.obj
 0001:00036e50       _pj_ioqueue_op_key_init    00437e50 f   pjlib-i386-win32-vc14-debug:ioqueue_select.obj
 0001:00036e70       _pj_ioqueue_is_pending     00437e70 f   pjlib-i386-win32-vc14-debug:ioqueue_select.obj
 0001:00036ea0       _pj_ioqueue_post_completion 00437ea0 f   pjlib-i386-win32-vc14-debug:ioqueue_select.obj
 0001:00037000       _pj_ioqueue_accept         00438000 f   pjlib-i386-win32-vc14-debug:ioqueue_select.obj
 0001:000371b0       _pj_ioqueue_connect        004381b0 f   pjlib-i386-win32-vc14-debug:ioqueue_select.obj
 0001:000372e0       _pj_ioqueue_poll           004382e0 f   pjlib-i386-win32-vc14-debug:ioqueue_select.obj
 0001:00037880       _pj_ioqueue_recv           00438880 f   pjlib-i386-win32-vc14-debug:ioqueue_select.obj
 0001:00037a10       _pj_ioqueue_recvfrom       00438a10 f   pjlib-i386-win32-vc14-debug:ioqueue_select.obj
 0001:00037bc0       _pj_ioqueue_send           00438bc0 f   pjlib-i386-win32-vc14-debug:ioqueue_select.obj
 0001:00037d90       _pj_ioqueue_sendto         00438d90 f   pjlib-i386-win32-vc14-debug:ioqueue_select.obj
 0001:000383e0       _ioqueue_dispatch_write_event 004393e0 f   pjlib-i386-win32-vc14-debug:ioqueue_select.obj
 0001:000387a0       _ioqueue_dispatch_read_event 004397a0 f   pjlib-i386-win32-vc14-debug:ioqueue_select.obj
 0001:00038ad0       _ioqueue_dispatch_exception_event 00439ad0 f   pjlib-i386-win32-vc14-debug:ioqueue_select.obj
 0001:00039940       _pj_ntohs                  0043a940 f   pjlib-i386-win32-vc14-debug:sock_bsd.obj
 0001:00039950       _pj_htons                  0043a950 f   pjlib-i386-win32-vc14-debug:sock_bsd.obj
 0001:00039960       _pj_ntohl                  0043a960 f   pjlib-i386-win32-vc14-debug:sock_bsd.obj
 0001:00039970       _pj_htonl                  0043a970 f   pjlib-i386-win32-vc14-debug:sock_bsd.obj
 0001:00039980       _pj_inet_ntoa              0043a980 f   pjlib-i386-win32-vc14-debug:sock_bsd.obj
 0001:000399b0       _pj_inet_aton              0043a9b0 f   pjlib-i386-win32-vc14-debug:sock_bsd.obj
 0001:00039a90       _pj_inet_pton              0043aa90 f   pjlib-i386-win32-vc14-debug:sock_bsd.obj
 0001:00039c70       _pj_inet_ntop              0043ac70 f   pjlib-i386-win32-vc14-debug:sock_bsd.obj
 0001:00039e30       _pj_gethostname            0043ae30 f   pjlib-i386-win32-vc14-debug:sock_bsd.obj
 0001:00039eb0       _pj_sock_socket            0043aeb0 f   pjlib-i386-win32-vc14-debug:sock_bsd.obj
 0001:00039fc0       _pj_sock_close             0043afc0 f   pjlib-i386-win32-vc14-debug:sock_bsd.obj
 0001:0003a040       _pj_sock_bind              0043b040 f   pjlib-i386-win32-vc14-debug:sock_bsd.obj
 0001:0003a0f0       _pj_sock_bind_in           0043b0f0 f   pjlib-i386-win32-vc14-debug:sock_bsd.obj
 0001:0003a170       _pj_sock_listen            0043b170 f   pjlib-i386-win32-vc14-debug:sock_bsd.obj
 0001:0003a1f0       _pj_sock_accept            0043b1f0 f   pjlib-i386-win32-vc14-debug:sock_bsd.obj
 0001:0003a2a0       _pj_sock_connect           0043b2a0 f   pjlib-i386-win32-vc14-debug:sock_bsd.obj
 0001:0003a320       _pj_sock_getpeername       0043b320 f   pjlib-i386-win32-vc14-debug:sock_bsd.obj
 0001:0003a3a0       _pj_sock_getsockname       0043b3a0 f   pjlib-i386-win32-vc14-debug:sock_bsd.obj
 0001:0003a420       _pj_sock_getsockopt        0043b420 f   pjlib-i386-win32-vc14-debug:sock_bsd.obj
 0001:0003a4e0       _pj_sock_setsockopt        0043b4e0 f   pjlib-i386-win32-vc14-debug:sock_bsd.obj
 0001:0003a590       _pj_sock_setsockopt_params 0043b590 f   pjlib-i386-win32-vc14-debug:sock_bsd.obj
 0001:0003a6a0       _pj_sock_recv              0043b6a0 f   pjlib-i386-win32-vc14-debug:sock_bsd.obj
 0001:0003a760       _pj_sock_recvfrom          0043b760 f   pjlib-i386-win32-vc14-debug:sock_bsd.obj
 0001:0003a830       _pj_sock_send              0043b830 f   pjlib-i386-win32-vc14-debug:sock_bsd.obj
 0001:0003a8f0       _pj_sock_sendto            0043b8f0 f   pjlib-i386-win32-vc14-debug:sock_bsd.obj
 0001:0003a9b0       _pj_sock_shutdown          0043b9b0 f   pjlib-i386-win32-vc14-debug:sock_bsd.obj
 0001:0003aec0       _pj_file_exists            0043bec0 f   pjlib-i386-win32-vc14-debug:file_access_win32.obj
 0001:0003af30       _pj_file_size              0043bf30 f   pjlib-i386-win32-vc14-debug:file_access_win32.obj
 0001:0003afc0       _pj_file_delete            0043bfc0 f   pjlib-i386-win32-vc14-debug:file_access_win32.obj
 0001:0003b050       _pj_file_move              0043c050 f   pjlib-i386-win32-vc14-debug:file_access_win32.obj
 0001:0003b0f0       _pj_file_getstat           0043c0f0 f   pjlib-i386-win32-vc14-debug:file_access_win32.obj
 0001:0003b6a0       _pj_file_open              0043c6a0 f   pjlib-i386-win32-vc14-debug:file_io_win32.obj
 0001:0003b870       _pj_file_close             0043c870 f   pjlib-i386-win32-vc14-debug:file_io_win32.obj
 0001:0003b8d0       _pj_file_write             0043c8d0 f   pjlib-i386-win32-vc14-debug:file_io_win32.obj
 0001:0003b950       _pj_file_read              0043c950 f   pjlib-i386-win32-vc14-debug:file_io_win32.obj
 0001:0003b9d0       _pj_file_setpos            0043c9d0 f   pjlib-i386-win32-vc14-debug:file_io_win32.obj
 0001:0003baa0       _pj_file_getpos            0043caa0 f   pjlib-i386-win32-vc14-debug:file_io_win32.obj
 0001:0003bb10       _pj_file_flush             0043cb10 f   pjlib-i386-win32-vc14-debug:file_io_win32.obj
 0001:0003bd90       _pj_array_insert           0043cd90 f   pjlib-i386-win32-vc14-debug:array.obj
 0001:0003bdf0       _pj_array_erase            0043cdf0 f   pjlib-i386-win32-vc14-debug:array.obj
 0001:0003be50       _pj_array_find             0043ce50 f   pjlib-i386-win32-vc14-debug:array.obj
 0001:0003bf20       _pj_lock_create_simple_mutex 0043cf20 f   pjlib-i386-win32-vc14-debug:lock.obj
 0001:0003bf40       _pj_lock_create_recursive_mutex 0043cf40 f   pjlib-i386-win32-vc14-debug:lock.obj
 0001:0003bf60       _pj_lock_create_null_mutex 0043cf60 f   pjlib-i386-win32-vc14-debug:lock.obj
 0001:0003bfa0       _pj_lock_create_semaphore  0043cfa0 f   pjlib-i386-win32-vc14-debug:lock.obj
 0001:0003c060       _pj_lock_acquire           0043d060 f   pjlib-i386-win32-vc14-debug:lock.obj
 0001:0003c0b0       _pj_lock_tryacquire        0043d0b0 f   pjlib-i386-win32-vc14-debug:lock.obj
 0001:0003c100       _pj_lock_release           0043d100 f   pjlib-i386-win32-vc14-debug:lock.obj
 0001:0003c150       _pj_lock_destroy           0043d150 f   pjlib-i386-win32-vc14-debug:lock.obj
 0001:0003c1a0       _pj_grp_lock_config_default 0043d1a0 f   pjlib-i386-win32-vc14-debug:lock.obj
 0001:0003c1c0       _pj_grp_lock_create        0043d1c0 f   pjlib-i386-win32-vc14-debug:lock.obj
 0001:0003c340       _pj_grp_lock_create_w_handler 0043d340 f   pjlib-i386-win32-vc14-debug:lock.obj
 0001:0003c390       _pj_grp_lock_destroy       0043d390 f   pjlib-i386-win32-vc14-debug:lock.obj
 0001:0003c3b0       _pj_grp_lock_replace       0043d3b0 f   pjlib-i386-win32-vc14-debug:lock.obj
 0001:0003c440       _pj_grp_lock_acquire       0043d440 f   pjlib-i386-win32-vc14-debug:lock.obj
 0001:0003c460       _pj_grp_lock_tryacquire    0043d460 f   pjlib-i386-win32-vc14-debug:lock.obj
 0001:0003c480       _pj_grp_lock_release       0043d480 f   pjlib-i386-win32-vc14-debug:lock.obj
 0001:0003c4a0       _pj_grp_lock_add_handler   0043d4a0 f   pjlib-i386-win32-vc14-debug:lock.obj
 0001:0003c4c0       _pj_grp_lock_del_handler   0043d4c0 f   pjlib-i386-win32-vc14-debug:lock.obj
 0001:0003c530       _pj_grp_lock_add_ref       0043d530 f   pjlib-i386-win32-vc14-debug:lock.obj
 0001:0003c550       _pj_grp_lock_dec_ref       0043d550 f   pjlib-i386-win32-vc14-debug:lock.obj
 0001:0003c570       _pj_grp_lock_get_ref       0043d570 f   pjlib-i386-win32-vc14-debug:lock.obj
 0001:0003c590       _pj_grp_lock_dump          0043d590 f   pjlib-i386-win32-vc14-debug:lock.obj
 0001:0003c5a0       _pj_grp_lock_chain_lock    0043d5a0 f   pjlib-i386-win32-vc14-debug:lock.obj
 0001:0003c660       _pj_grp_lock_unchain_lock  0043d660 f   pjlib-i386-win32-vc14-debug:lock.obj
 0001:0003d060       _pj_exception_id_alloc     0043e060 f   pjlib-i386-win32-vc14-debug:except.obj
 0001:0003d0c0       _pj_exception_id_free      0043e0c0 f   pjlib-i386-win32-vc14-debug:except.obj
 0001:0003d120       _pj_exception_id_name      0043e120 f   pjlib-i386-win32-vc14-debug:except.obj
 0001:0003d1a0       _pj_throw_exception_       0043e1a0 f   pjlib-i386-win32-vc14-debug:except.obj
 0001:0003d220       _pj_push_exception_handler_ 0043e220 f   pjlib-i386-win32-vc14-debug:except.obj
 0001:0003d2a0       _pj_pop_exception_handler_ 0043e2a0 f   pjlib-i386-win32-vc14-debug:except.obj
 0001:0003d3f0       _pj_srand                  0043e3f0 f   pjlib-i386-win32-vc14-debug:rand.obj
 0001:0003d410       _pj_rand                   0043e410 f   pjlib-i386-win32-vc14-debug:rand.obj
 0001:0003d470       _pj_GUID_STRING_LENGTH     0043e470 f   pjlib-i386-win32-vc14-debug:guid_win32.obj
 0001:0003d480       _pj_generate_unique_string 0043e480 f   pjlib-i386-win32-vc14-debug:guid_win32.obj
 0001:0003d610       _pj_get_version            0043e610 f   pjlib-i386-win32-vc14-debug:config.obj
 0001:0003d620       _pj_dump_config            0043e620 f   pjlib-i386-win32-vc14-debug:config.obj
 0001:0003dc40       _pj_pool_create_on_buf     0043ec40 f   pjlib-i386-win32-vc14-debug:pool_buf.obj
 0001:0003de70       _pj_log_write              0043ee70 f   pjlib-i386-win32-vc14-debug:log_writer_stdout.obj
 0001:0003df30       __vfprintf_l               0043ef30 f i pjlib-i386-win32-vc14-debug:log_writer_stdout.obj
 0001:0003df70       _printf                    0043ef70 f i pjlib-i386-win32-vc14-debug:log_writer_stdout.obj
 0001:0003dfc0       _pj_enum_ip_interface      0043efc0 f   pjlib-i386-win32-vc14-debug:ip_helper_win32.obj
 0001:0003e0d0       _pj_enum_ip_route          0043f0d0 f   pjlib-i386-win32-vc14-debug:ip_helper_win32.obj
 0001:0003eed0       _pj_gethostbyname          0043fed0 f   pjlib-i386-win32-vc14-debug:addr_resolv_sock.obj
 0001:0003eff0       _pj_getaddrinfo            0043fff0 f   pjlib-i386-win32-vc14-debug:addr_resolv_sock.obj
 0001:0003f2a0       _pj_time_val_normalize     004402a0 f   pjlib-i386-win32-vc14-debug:types.obj
 0001:0003f3c0       _PJ_FD_ZERO                004403c0 f   pjlib-i386-win32-vc14-debug:sock_select.obj
 0001:0003f400       _PJ_FD_COUNT               00440400 f   pjlib-i386-win32-vc14-debug:sock_select.obj
 0001:0003f420       _PJ_FD_SET                 00440420 f   pjlib-i386-win32-vc14-debug:sock_select.obj
 0001:0003f510       _PJ_FD_CLR                 00440510 f   pjlib-i386-win32-vc14-debug:sock_select.obj
 0001:0003f610       _PJ_FD_ISSET               00440610 f   pjlib-i386-win32-vc14-debug:sock_select.obj
 0001:0003f650       _pj_sock_select            00440650 f   pjlib-i386-win32-vc14-debug:sock_select.obj
 0001:0003f7f0       _speex_echo_state_init     004407f0 f   libspeex-i386-win32-vc14-debug:mdf.obj
 0001:0003fe50       _speex_echo_state_destroy  00440e50 f   libspeex-i386-win32-vc14-debug:mdf.obj
 0001:0003ffe0       _speex_echo_cancellation   00440fe0 f   libspeex-i386-win32-vc14-debug:mdf.obj
 0001:000416e0       _speex_echo_cancel         004426e0 f   libspeex-i386-win32-vc14-debug:mdf.obj
 0001:00041700       _speex_echo_capture        00442700 f   libspeex-i386-win32-vc14-debug:mdf.obj
 0001:00041850       _speex_echo_playback       00442850 f   libspeex-i386-win32-vc14-debug:mdf.obj
 0001:000419c0       _speex_echo_state_reset    004429c0 f   libspeex-i386-win32-vc14-debug:mdf.obj
 0001:00041c80       _speex_echo_ctl            00442c80 f   libspeex-i386-win32-vc14-debug:mdf.obj
 0001:00041e00       _speex_echo_get_residual   00442e00 f   libspeex-i386-win32-vc14-debug:mdf.obj
 0001:000431c0       _speex_preprocess_state_init 004441c0 f   libspeex-i386-win32-vc14-debug:preprocess.obj
 0001:00043920       _speex_preprocess_state_destroy 00444920 f   libspeex-i386-win32-vc14-debug:preprocess.obj
 0001:00043ac0       _speex_preprocess_run      00444ac0 f   libspeex-i386-win32-vc14-debug:preprocess.obj
 0001:00044d90       _speex_preprocess          00445d90 f   libspeex-i386-win32-vc14-debug:preprocess.obj
 0001:00044db0       _speex_preprocess_estimate_update 00445db0 f   libspeex-i386-win32-vc14-debug:preprocess.obj
 0001:00044f70       _speex_preprocess_ctl      00445f70 f   libspeex-i386-win32-vc14-debug:preprocess.obj
 0001:00047290       _spx_fft_init              00448290 f   libspeex-i386-win32-vc14-debug:fftwrap.obj
 0001:000472c0       _spx_fft_destroy           004482c0 f   libspeex-i386-win32-vc14-debug:fftwrap.obj
 0001:000472e0       _spx_fft                   004482e0 f   libspeex-i386-win32-vc14-debug:fftwrap.obj
 0001:000473e0       _spx_ifft                  004483e0 f   libspeex-i386-win32-vc14-debug:fftwrap.obj
 0001:00047460       _spx_fft_float             00448460 f   libspeex-i386-win32-vc14-debug:fftwrap.obj
 0001:00047480       _spx_ifft_float            00448480 f   libspeex-i386-win32-vc14-debug:fftwrap.obj
 0001:00047530       _filterbank_new            00448530 f   libspeex-i386-win32-vc14-debug:filterbank.obj
 0001:00047950       _filterbank_destroy        00448950 f   libspeex-i386-win32-vc14-debug:filterbank.obj
 0001:000479b0       _filterbank_compute_bank32 004489b0 f   libspeex-i386-win32-vc14-debug:filterbank.obj
 0001:00047a90       _filterbank_compute_psd16  00448a90 f   libspeex-i386-win32-vc14-debug:filterbank.obj
 0001:00047b30       _filterbank_compute_bank   00448b30 f   libspeex-i386-win32-vc14-debug:filterbank.obj
 0001:00047c50       _filterbank_compute_psd    00448c50 f   libspeex-i386-win32-vc14-debug:filterbank.obj
 0001:00047d30       _filterbank_psy_smooth     00448d30 f   libspeex-i386-win32-vc14-debug:filterbank.obj
 0001:000480b0       _spx_drft_forward          004490b0 f   libspeex-i386-win32-vc14-debug:smallft.obj
 0001:000480f0       _spx_drft_backward         004490f0 f   libspeex-i386-win32-vc14-debug:smallft.obj
 0001:00048130       _spx_drft_init             00449130 f   libspeex-i386-win32-vc14-debug:smallft.obj
 0001:00048180       _spx_drft_clear            00449180 f   libspeex-i386-win32-vc14-debug:smallft.obj
 0001:0004cf30       _srtp_init                 0044df30 f   libsrtp-i386-win32-vc14-debug:srtp.obj
 0001:0004cf70       _srtp_shutdown             0044df70 f   libsrtp-i386-win32-vc14-debug:srtp.obj
 0001:0004cf90       _srtp_protect              0044df90 f   libsrtp-i386-win32-vc14-debug:srtp.obj
 0001:0004cfb0       _srtp_protect_mki          0044dfb0 f   libsrtp-i386-win32-vc14-debug:srtp.obj
 0001:0004d770       _srtp_unprotect            0044e770 f   libsrtp-i386-win32-vc14-debug:srtp.obj
 0001:0004d790       _srtp_unprotect_mki        0044e790 f   libsrtp-i386-win32-vc14-debug:srtp.obj
 0001:0004dfe0       _srtp_create               0044efe0 f   libsrtp-i386-win32-vc14-debug:srtp.obj
 0001:0004e090       _srtp_add_stream           0044f090 f   libsrtp-i386-win32-vc14-debug:srtp.obj
 0001:0004e1b0       _srtp_remove_stream        0044f1b0 f   libsrtp-i386-win32-vc14-debug:srtp.obj
 0001:0004e250       _srtp_update               0044f250 f   libsrtp-i386-win32-vc14-debug:srtp.obj
 0001:0004e2b0       _srtp_update_stream        0044f2b0 f   libsrtp-i386-win32-vc14-debug:srtp.obj
 0001:0004e330       _srtp_crypto_policy_set_rtp_default 0044f330 f   libsrtp-i386-win32-vc14-debug:srtp.obj
 0001:0004e370       _srtp_crypto_policy_set_rtcp_default 0044f370 f   libsrtp-i386-win32-vc14-debug:srtp.obj
 0001:0004e3b0       _srtp_crypto_policy_set_aes_cm_128_hmac_sha1_32 0044f3b0 f   libsrtp-i386-win32-vc14-debug:srtp.obj
 0001:0004e3f0       _srtp_crypto_policy_set_aes_cm_128_null_auth 0044f3f0 f   libsrtp-i386-win32-vc14-debug:srtp.obj
 0001:0004e430       _srtp_crypto_policy_set_null_cipher_hmac_sha1_80 0044f430 f   libsrtp-i386-win32-vc14-debug:srtp.obj
 0001:0004e470       _srtp_crypto_policy_set_null_cipher_hmac_null 0044f470 f   libsrtp-i386-win32-vc14-debug:srtp.obj
 0001:0004e4b0       _srtp_crypto_policy_set_aes_cm_256_hmac_sha1_80 0044f4b0 f   libsrtp-i386-win32-vc14-debug:srtp.obj
 0001:0004e4f0       _srtp_crypto_policy_set_aes_cm_256_hmac_sha1_32 0044f4f0 f   libsrtp-i386-win32-vc14-debug:srtp.obj
 0001:0004e530       _srtp_crypto_policy_set_aes_cm_256_null_auth 0044f530 f   libsrtp-i386-win32-vc14-debug:srtp.obj
 0001:0004e570       _srtp_dealloc              0044f570 f   libsrtp-i386-win32-vc14-debug:srtp.obj
 0001:0004e5f0       _srtp_crypto_policy_set_from_profile_for_rtp 0044f5f0 f   libsrtp-i386-win32-vc14-debug:srtp.obj
 0001:0004e650       _srtp_crypto_policy_set_from_profile_for_rtcp 0044f650 f   libsrtp-i386-win32-vc14-debug:srtp.obj
 0001:0004e6b0       _srtp_profile_get_master_key_length 0044f6b0 f   libsrtp-i386-win32-vc14-debug:srtp.obj
 0001:0004e730       _srtp_profile_get_master_salt_length 0044f730 f   libsrtp-i386-win32-vc14-debug:srtp.obj
 0001:0004e7b0       _srtp_append_salt_to_key   0044f7b0 f   libsrtp-i386-win32-vc14-debug:srtp.obj
 0001:0004e7d0       _srtp_protect_rtcp         0044f7d0 f   libsrtp-i386-win32-vc14-debug:srtp.obj
 0001:0004e7f0       _srtp_protect_rtcp_mki     0044f7f0 f   libsrtp-i386-win32-vc14-debug:srtp.obj
 0001:0004ece0       _srtp_unprotect_rtcp       0044fce0 f   libsrtp-i386-win32-vc14-debug:srtp.obj
 0001:0004ed00       _srtp_unprotect_rtcp_mki   0044fd00 f   libsrtp-i386-win32-vc14-debug:srtp.obj
 0001:0004f3b0       _srtp_set_user_data        004503b0 f   libsrtp-i386-win32-vc14-debug:srtp.obj
 0001:0004f3c0       _srtp_get_user_data        004503c0 f   libsrtp-i386-win32-vc14-debug:srtp.obj
 0001:0004f3d0       _srtp_install_event_handler 004503d0 f   libsrtp-i386-win32-vc14-debug:srtp.obj
 0001:0004f3e0       _srtp_get_version_string   004503e0 f   libsrtp-i386-win32-vc14-debug:srtp.obj
 0001:0004f3f0       _srtp_get_version          004503f0 f   libsrtp-i386-win32-vc14-debug:srtp.obj
 0001:0004f480       _srtp_set_debug_module     00450480 f   libsrtp-i386-win32-vc14-debug:srtp.obj
 0001:0004f4a0       _srtp_list_debug_modules   004504a0 f   libsrtp-i386-win32-vc14-debug:srtp.obj
 0001:0004f4b0       _srtp_install_log_handler  004504b0 f   libsrtp-i386-win32-vc14-debug:srtp.obj
 0001:0004f500       _srtp_get_protect_trailer_length 00450500 f   libsrtp-i386-win32-vc14-debug:srtp.obj
 0001:0004f5c0       _srtp_get_protect_rtcp_trailer_length 004505c0 f   libsrtp-i386-win32-vc14-debug:srtp.obj
 0001:0004f690       _srtp_set_stream_roc       00450690 f   libsrtp-i386-win32-vc14-debug:srtp.obj
 0001:0004f6d0       _srtp_get_stream_roc       004506d0 f   libsrtp-i386-win32-vc14-debug:srtp.obj
 0001:0004f770       _srtp_get_stream           00450770 f   libsrtp-i386-win32-vc14-debug:srtp.obj
 0001:0004f7b0       _srtp_stream_init_keys     004507b0 f   libsrtp-i386-win32-vc14-debug:srtp.obj
 0001:000503e0       _srtp_stream_init          004513e0 f   libsrtp-i386-win32-vc14-debug:srtp.obj
 0001:00050780       _srtp_stream_alloc         00451780 f   libsrtp-i386-win32-vc14-debug:srtp.obj
 0001:00050b50       _srtp_stream_dealloc       00451b50 f   libsrtp-i386-win32-vc14-debug:srtp.obj
 0001:00050de0       _srtp_stream_clone         00451de0 f   libsrtp-i386-win32-vc14-debug:srtp.obj
 0001:000512e0       _srtp_validate_policy_master_keys 004522e0 f   libsrtp-i386-win32-vc14-debug:srtp.obj
 0001:00051370       _srtp_get_session_keys_with_mki_index 00452370 f   libsrtp-i386-win32-vc14-debug:srtp.obj
 0001:000513a0       _srtp_inject_mki           004523a0 f   libsrtp-i386-win32-vc14-debug:srtp.obj
 0001:000513e0       _srtp_stream_init_all_master_keys 004523e0 f   libsrtp-i386-win32-vc14-debug:srtp.obj
 0001:00051490       _srtp_event_reporter       00452490 f   libsrtp-i386-win32-vc14-debug:srtp.obj
 0001:00051ae0       _srtp_get_session_keys     00452ae0 f   libsrtp-i386-win32-vc14-debug:srtp.obj
 0001:000530c0       _srtp_err_handler          004540c0 f   libsrtp-i386-win32-vc14-debug:srtp.obj
 0001:000549c0       ___local_stdio_scanf_options 004559c0 f i libsrtp-i386-win32-vc14-debug:srtp.obj
 0001:000549d0       __vsscanf_l                004559d0 f i libsrtp-i386-win32-vc14-debug:srtp.obj
 0001:00054a10       _sscanf                    00455a10 f i libsrtp-i386-win32-vc14-debug:srtp.obj
 0001:00054a50       _srtp_crypto_alloc         00455a50 f   libsrtp-i386-win32-vc14-debug:alloc.obj
 0001:00054ac0       _srtp_crypto_free          00455ac0 f   libsrtp-i386-win32-vc14-debug:alloc.obj
 0001:00054b20       _octet_get_weight          00455b20 f   libsrtp-i386-win32-vc14-debug:datatypes.obj
 0001:00054b30       _srtp_octet_string_hex_string 00455b30 f   libsrtp-i386-win32-vc14-debug:datatypes.obj
 0001:00054be0       _v128_bit_string           00455be0 f   libsrtp-i386-win32-vc14-debug:datatypes.obj
 0001:00054c80       _v128_hex_string           00455c80 f   libsrtp-i386-win32-vc14-debug:datatypes.obj
 0001:00054d20       _v128_copy_octet_string    00455d20 f   libsrtp-i386-win32-vc14-debug:datatypes.obj
 0001:00054ef0       _v128_left_shift           00455ef0 f   libsrtp-i386-win32-vc14-debug:datatypes.obj
 0001:00055050       _v128_right_shift          00456050 f   libsrtp-i386-win32-vc14-debug:datatypes.obj
 0001:000551b0       _octet_string_is_eq        004561b0 f   libsrtp-i386-win32-vc14-debug:datatypes.obj
 0001:00055220       _srtp_cleanse              00456220 f   libsrtp-i386-win32-vc14-debug:datatypes.obj
 0001:00055260       _octet_string_set_to_zero  00456260 f   libsrtp-i386-win32-vc14-debug:datatypes.obj
 0001:00055280       _bitvector_alloc           00456280 f   libsrtp-i386-win32-vc14-debug:datatypes.obj
 0001:00055300       _bitvector_dealloc         00456300 f   libsrtp-i386-win32-vc14-debug:datatypes.obj
 0001:00055330       _bitvector_set_to_zero     00456330 f   libsrtp-i386-win32-vc14-debug:datatypes.obj
 0001:00055350       _bitvector_left_shift      00456350 f   libsrtp-i386-win32-vc14-debug:datatypes.obj
 0001:00055490       _bitvector_bit_string      00456490 f   libsrtp-i386-win32-vc14-debug:datatypes.obj
 0001:00055530       _srtp_nibble_to_hex_char   00456530 f   libsrtp-i386-win32-vc14-debug:datatypes.obj
 0001:00055840       _srtp_err_reporting_init   00456840 f   libsrtp-i386-win32-vc14-debug:srtp_err.obj
 0001:00055850       _srtp_install_err_report_handler 00456850 f   libsrtp-i386-win32-vc14-debug:srtp_err.obj
 0001:00055860       _srtp_err_report           00456860 f   libsrtp-i386-win32-vc14-debug:srtp_err.obj
 0001:000558a0       _srtp_err_reporting_set_level 004568a0 f   libsrtp-i386-win32-vc14-debug:srtp_err.obj
 0001:000558d0       _srtp_rdbx_init            004568d0 f   libsrtp-i386-win32-vc14-debug:rdbx.obj
 0001:00055910       _srtp_rdbx_dealloc         00456910 f   libsrtp-i386-win32-vc14-debug:rdbx.obj
 0001:00055930       _srtp_rdbx_estimate_index  00456930 f   libsrtp-i386-win32-vc14-debug:rdbx.obj
 0001:00055990       _srtp_rdbx_check           00456990 f   libsrtp-i386-win32-vc14-debug:rdbx.obj
 0001:00055a00       _srtp_rdbx_add_index       00456a00 f   libsrtp-i386-win32-vc14-debug:rdbx.obj
 0001:00055ac0       _srtp_rdbx_set_roc         00456ac0 f   libsrtp-i386-win32-vc14-debug:rdbx.obj
 0001:00055b50       _srtp_rdbx_get_packet_index 00456b50 f   libsrtp-i386-win32-vc14-debug:rdbx.obj
 0001:00055b60       _srtp_rdbx_get_window_size 00456b60 f   libsrtp-i386-win32-vc14-debug:rdbx.obj
 0001:00055b70       _srtp_index_init           00456b70 f   libsrtp-i386-win32-vc14-debug:rdbx.obj
 0001:00055b90       _srtp_index_advance        00456b90 f   libsrtp-i386-win32-vc14-debug:rdbx.obj
 0001:00055bb0       _srtp_index_guess          00456bb0 f   libsrtp-i386-win32-vc14-debug:rdbx.obj
 0001:00055cc0       _srtp_rdbx_get_roc         00456cc0 f   libsrtp-i386-win32-vc14-debug:rdbx.obj
 0001:00055ce0       _srtp_rdbx_set_roc_seq     00456ce0 f   libsrtp-i386-win32-vc14-debug:rdbx.obj
 0001:00055e90       _srtp_rdb_init             00456e90 f   libsrtp-i386-win32-vc14-debug:rdb.obj
 0001:00055ef0       _srtp_rdb_check            00456ef0 f   libsrtp-i386-win32-vc14-debug:rdb.obj
 0001:00055f50       _srtp_rdb_add_index        00456f50 f   libsrtp-i386-win32-vc14-debug:rdb.obj
 0001:00055ff0       _srtp_rdb_increment        00456ff0 f   libsrtp-i386-win32-vc14-debug:rdb.obj
 0001:00056020       _srtp_rdb_get_value        00457020 f   libsrtp-i386-win32-vc14-debug:rdb.obj
 0001:00056090       _srtp_cipher_get_key_length 00457090 f   libsrtp-i386-win32-vc14-debug:cipher.obj
 0001:000560a0       _srtp_cipher_type_self_test 004570a0 f   libsrtp-i386-win32-vc14-debug:cipher.obj
 0001:000560c0       _srtp_cipher_type_test     004570c0 f   libsrtp-i386-win32-vc14-debug:cipher.obj
 0001:00057170       _srtp_cipher_bits_per_second 00458170 f   libsrtp-i386-win32-vc14-debug:cipher.obj
 0001:000572e0       _srtp_cipher_type_alloc    004582e0 f   libsrtp-i386-win32-vc14-debug:cipher.obj
 0001:00057310       _srtp_cipher_dealloc       00458310 f   libsrtp-i386-win32-vc14-debug:cipher.obj
 0001:00057340       _srtp_cipher_init          00458340 f   libsrtp-i386-win32-vc14-debug:cipher.obj
 0001:00057380       _srtp_cipher_set_iv        00458380 f   libsrtp-i386-win32-vc14-debug:cipher.obj
 0001:000573c0       _srtp_cipher_output        004583c0 f   libsrtp-i386-win32-vc14-debug:cipher.obj
 0001:00057400       _srtp_cipher_encrypt       00458400 f   libsrtp-i386-win32-vc14-debug:cipher.obj
 0001:00057440       _srtp_cipher_decrypt       00458440 f   libsrtp-i386-win32-vc14-debug:cipher.obj
 0001:00057480       _srtp_cipher_get_tag       00458480 f   libsrtp-i386-win32-vc14-debug:cipher.obj
 0001:000574e0       _srtp_cipher_set_aad       004584e0 f   libsrtp-i386-win32-vc14-debug:cipher.obj
 0001:00057ac0       _srtp_auth_get_key_length  00458ac0 f   libsrtp-i386-win32-vc14-debug:auth.obj
 0001:00057ad0       _srtp_auth_get_tag_length  00458ad0 f   libsrtp-i386-win32-vc14-debug:auth.obj
 0001:00057ae0       _srtp_auth_get_prefix_length 00458ae0 f   libsrtp-i386-win32-vc14-debug:auth.obj
 0001:00057af0       _srtp_auth_type_self_test  00458af0 f   libsrtp-i386-win32-vc14-debug:auth.obj
 0001:00057b10       _srtp_auth_type_test       00458b10 f   libsrtp-i386-win32-vc14-debug:auth.obj
 0001:00057ef0       _srtp_key_limit_set        00458ef0 f   libsrtp-i386-win32-vc14-debug:key.obj
 0001:00057f30       _srtp_key_limit_clone      00458f30 f   libsrtp-i386-win32-vc14-debug:key.obj
 0001:00057f50       _srtp_key_limit_check      00458f50 f   libsrtp-i386-win32-vc14-debug:key.obj
 0001:00057f70       _srtp_key_limit_update     00458f70 f   libsrtp-i386-win32-vc14-debug:key.obj
 0001:00058030       _srtp_replace_cipher_type  00459030 f   libsrtp-i386-win32-vc14-debug:crypto_kernel.obj
 0001:00058050       _srtp_replace_auth_type    00459050 f   libsrtp-i386-win32-vc14-debug:crypto_kernel.obj
 0001:00058070       _srtp_crypto_kernel_init   00459070 f   libsrtp-i386-win32-vc14-debug:crypto_kernel.obj
 0001:00058210       _srtp_crypto_kernel_shutdown 00459210 f   libsrtp-i386-win32-vc14-debug:crypto_kernel.obj
 0001:00058330       _srtp_crypto_kernel_status 00459330 f   libsrtp-i386-win32-vc14-debug:crypto_kernel.obj
 0001:00058450       _srtp_crypto_kernel_list_debug_modules 00459450 f   libsrtp-i386-win32-vc14-debug:crypto_kernel.obj
 0001:000584d0       _srtp_crypto_kernel_load_cipher_type 004594d0 f   libsrtp-i386-win32-vc14-debug:crypto_kernel.obj
 0001:000584f0       _srtp_crypto_kernel_load_auth_type 004594f0 f   libsrtp-i386-win32-vc14-debug:crypto_kernel.obj
 0001:00058510       _srtp_crypto_kernel_load_debug_module 00459510 f   libsrtp-i386-win32-vc14-debug:crypto_kernel.obj
 0001:000585a0       _srtp_crypto_kernel_alloc_cipher 004595a0 f   libsrtp-i386-win32-vc14-debug:crypto_kernel.obj
 0001:000585f0       _srtp_crypto_kernel_alloc_auth 004595f0 f   libsrtp-i386-win32-vc14-debug:crypto_kernel.obj
 0001:00058640       _srtp_crypto_kernel_set_debug_module 00459640 f   libsrtp-i386-win32-vc14-debug:crypto_kernel.obj
 0001:000587a0       _srtp_crypto_kernel_do_load_auth_type 004597a0 f   libsrtp-i386-win32-vc14-debug:crypto_kernel.obj
 0001:000588b0       _srtp_crypto_kernel_get_cipher_type 004598b0 f   libsrtp-i386-win32-vc14-debug:crypto_kernel.obj
 0001:000588f0       _srtp_crypto_kernel_get_auth_type 004598f0 f   libsrtp-i386-win32-vc14-debug:crypto_kernel.obj
[...]
 0003:00024dd8       ___wargv                   00584dd8     libucrtd:argv_data.obj
 0003:00024ddc       __acmdln                   00584ddc     libucrtd:argv_data.obj
 0003:00024de0       __wcmdln                   00584de0     libucrtd:argv_data.obj
 0003:00024de4       __pgmptr                   00584de4     libucrtd:argv_data.obj
 0003:00024de8       __wpgmptr                  00584de8     libucrtd:argv_data.obj
 0003:00024dec       ___acrt_locale_changed_data 00584dec     libucrtd:wsetlocale.obj
 0003:00024df4       __commode                  00584df4     libucrtd:ncommode.obj
 0003:00024df8       ___acrt_atexit_table       00584df8     libucrtd:onexit.obj
 0003:00024e08       ___acrt_at_quick_exit_table 00584e08     libucrtd:onexit.obj
 0003:00024e34       __pfnDumpClient            00584e34     libucrtd:debug_heap.obj
 0003:00024f48       ___pioinfo                 00584f48     libucrtd:ioinit.obj
 0003:000251b0       __nhandle                  005851b0     libucrtd:ioinit.obj
 0003:000251b4       ___acrt_stdout_buffer      005851b4     libucrtd:_sftbuf.obj
 0003:000251b8       ___acrt_stderr_buffer      005851b8     libucrtd:_sftbuf.obj
 0003:000251bc       ___acrt_current_locale_data 005851bc     libucrtd:nlsdata.obj
 0003:000251e0       ___fastflag                005851e0     libucrtd:fp_flags.obj
 0003:00025364       ___mbcodepage              00585364     libucrtd:mbctype.obj
 0003:00025368       ___ismbcodepage            00585368     libucrtd:mbctype.obj
 0003:0002536c       ___mbulinfo                0058536c     libucrtd:mbctype.obj
 0003:00025380       ___mblocalename            00585380     libucrtd:mbctype.obj
 0003:00025388       __fmode                    00585388     libucrtd:txtmode.obj
 0003:0002538c       ___acrt_lconv_static_null  0058538c     libucrtd:localeconv.obj
 0003:00025390       ___acrt_lconv_static_W_null 00585390     libucrtd:localeconv.obj
 0003:00025394       ___acrt_heap               00585394     libucrtd:heap_handle.obj
 0003:0002539c       __pReportHookListW         0058539c     libucrtd:dbgrptt.obj
 0003:000253a0       __pfnReportHook            005853a0     libucrtd:dbgrptt.obj
 0003:000253a4       __pReportHookList          005853a4     libucrtd:dbgrptt.obj
 0003:000253ac       ?g_OutOfMemoryExceptionCallback@@3P6GPAXXZA 005853ac     libvcruntimed:frame.obj
 0003:000253b0       ?_OptionsStorage@?1??__local_stdio_printf_options@@9@9 005853b0     <common>
 0003:000253c4       _PJ_NO_MEMORY_EXCEPTION    005853c4     <common>
 0003:000253e0       _bit_string                005853e0     <common>
 0003:000258b8       ?_OptionsStorage@?1??__local_stdio_scanf_options@@9@9 005858b8     <common>
 0003:000258cc       _WebRtcNsx_NormalizeRealBuffer 005858cc     <common>
 0003:000258dc       _WebRtcNsx_Denormalize     005858dc     <common>
 0003:000258e0       _WebRtcNsx_AnalysisUpdate  005858e0     <common>
 0003:000258e4       _WebRtcNsx_SynthesisUpdate 005858e4     <common>
 0003:000258e8       _WebRtcNsx_PrepareSpectrum 005858e8     <common>
 0003:000258ec       _WebRtcNsx_NoiseEstimation 005858ec     <common>
 0003:000258f0       _WebRtcAecm_ResetAdaptiveChannel 005858f0     <common>
 0003:00025900       _WebRtcAecm_StoreAdaptiveChannel 00585900     <common>
 0003:00025904       _WebRtcAecm_CalcLinearEnergies 00585904     <common>
 0003:00025908       _WebRtcSpl_DownsampleFast  00585908     <common>
 0003:0002591c       _WebRtcSpl_CrossCorrelation 0058591c     <common>
 0003:00025920       _WebRtcSpl_ScaleAndAddVectorsWithRound 00585920     <common>
 0003:00025924       _WebRtcSpl_MinValueW32     00585924     <common>
 0003:00025928       _WebRtcSpl_MinValueW16     00585928     <common>
 0003:0002592c       _WebRtcSpl_MaxValueW32     0058592c     <common>
 0003:00025930       _WebRtcSpl_MaxValueW16     00585930     <common>
 0003:00025934       _WebRtcSpl_MaxAbsValueW32  00585934     <common>
 0003:00025938       _WebRtcSpl_MaxAbsValueW16  00585938     <common>
 0003:0002593c       ___scrt_ucrt_dll_is_in_use 0058593c     <common>
 0003:00025948       ___dyn_tls_dtor_callback   00585948     <common>
 0003:00025954       ___dyn_tls_init_callback   00585954     <common>
 0003:00025960       __setjmpexused             00585960     <common>
 0003:0002596c       __pmatherr                 0058596c     <common>
 0003:00025978       ___use_sse2_mathfcns       00585978     <common>
 0004:00000000       __imp__SystemFunction036@8 00586000     advapi32:ADVAPI32.dll
 0004:00000004       \177ADVAPI32_NULL_THUNK_DATA 00586004     advapi32:ADVAPI32.dll
 0004:00000030       __imp__SetFilePointerEx@20 00586030     kernel32:KERNEL32.dll
 0004:00000034       __imp__GetConsoleMode@8    00586034     kernel32:KERNEL32.dll
 0004:00000038       __imp__GetConsoleCP@0      00586038     kernel32:KERNEL32.dll
 0004:0000003c       __imp__HeapQueryInformation@20 0058603c     kernel32:KERNEL32.dll
 0004:00000040       __imp__HeapSize@12         00586040     kernel32:KERNEL32.dll
 0004:00000044       __imp__HeapReAlloc@16      00586044     kernel32:KERNEL32.dll
 0004:00000048       __imp__HeapFree@12         00586048     kernel32:KERNEL32.dll
 0004:0000004c       __imp__GetProcessHeap@0    0058604c     kernel32:KERNEL32.dll
 0004:00000050       __imp__SetStdHandle@8      00586050     kernel32:KERNEL32.dll
 0004:00000054       __imp__SetEnvironmentVariableW@8 00586054     kernel32:KERNEL32.dll
 0004:00000058       __imp__SetEnvironmentVariableA@8 00586058     kernel32:KERNEL32.dll
 0004:0000005c       __imp__FreeEnvironmentStringsW@4 0058605c     kernel32:KERNEL32.dll
 0004:00000060       __imp__GetEnvironmentStringsW@0 00586060     kernel32:KERNEL32.dll
 0004:00000064       __imp__GetCPInfo@8         00586064     kernel32:KERNEL32.dll
 0004:00000068       __imp__GetOEMCP@0          00586068     kernel32:KERNEL32.dll
 0004:0000006c       __imp__IsValidCodePage@4   0058606c     kernel32:KERNEL32.dll
 0004:00000070       __imp__FindNextFileW@8     00586070     kernel32:KERNEL32.dll
 0004:00000074       __imp__FindNextFileA@8     00586074     kernel32:KERNEL32.dll
 0004:00000078       __imp__FindFirstFileExW@24 00586078     kernel32:KERNEL32.dll
 0004:0000007c       __imp__FindFirstFileExA@24 0058607c     kernel32:KERNEL32.dll
 0004:00000080       __imp__FindClose@4         00586080     kernel32:KERNEL32.dll
 0004:00000084       __imp__DecodePointer@4     00586084     kernel32:KERNEL32.dll
 0004:00000088       __imp__EncodePointer@4     00586088     kernel32:KERNEL32.dll
 0004:0000008c       __imp__SetConsoleCtrlHandler@8 0058608c     kernel32:KERNEL32.dll
 0004:00000090       __imp__WaitForSingleObjectEx@12 00586090     kernel32:KERNEL32.dll
 0004:00000094       __imp__OutputDebugStringW@4 00586094     kernel32:KERNEL32.dll
 0004:00000098       __imp__OutputDebugStringA@4 00586098     kernel32:KERNEL32.dll
 0004:0000009c       __imp__ReadConsoleW@20     0058609c     kernel32:KERNEL32.dll
 0004:000000a0       __imp__EnumSystemLocalesW@8 005860a0     kernel32:KERNEL32.dll
 0004:000000a4       __imp__GetUserDefaultLCID@0 005860a4     kernel32:KERNEL32.dll
 0004:000000a8       __imp__IsValidLocale@8     005860a8     kernel32:KERNEL32.dll
 0004:000000ac       __imp__GetLocaleInfoW@16   005860ac     kernel32:KERNEL32.dll
 0004:000000b0       __imp__LCMapStringW@24     005860b0     kernel32:KERNEL32.dll
 0004:000000b4       __imp__CompareStringW@24   005860b4     kernel32:KERNEL32.dll
 0004:000000b8       __imp__GetTimeFormatW@24   005860b8     kernel32:KERNEL32.dll
 0004:000000bc       __imp__GetDateFormatW@24   005860bc     kernel32:KERNEL32.dll
 0004:000000c0       __imp__GetSystemInfo@4     005860c0     kernel32:KERNEL32.dll
 0004:000000c4       __imp__HeapValidate@12     005860c4     kernel32:KERNEL32.dll
 0004:000000c8       __imp__HeapAlloc@12        005860c8     kernel32:KERNEL32.dll
 0004:000000cc       __imp__RaiseException@16   005860cc     kernel32:KERNEL32.dll
 0004:000000d0       __imp__GetACP@0            005860d0     kernel32:KERNEL32.dll
 0004:000000d4       __imp__GetCommandLineW@0   005860d4     kernel32:KERNEL32.dll
 0004:000000d8       __imp__GetCommandLineA@0   005860d8     kernel32:KERNEL32.dll
 0004:000000dc       __imp__WideCharToMultiByte@32 005860dc     kernel32:KERNEL32.dll
 0004:000000e0       __imp__MultiByteToWideChar@24 005860e0     kernel32:KERNEL32.dll
 0004:000000e4       __imp__ExitProcess@4       005860e4     kernel32:KERNEL32.dll
 0004:000000e8       __imp__WriteConsoleW@20    005860e8     kernel32:KERNEL32.dll
 0004:000000ec       __imp__GetModuleHandleExW@12 005860ec     kernel32:KERNEL32.dll
 0004:000000f0       __imp__GetModuleFileNameA@12 005860f0     kernel32:KERNEL32.dll
 0004:000000f4       __imp__GetFileType@4       005860f4     kernel32:KERNEL32.dll
 0004:000000f8       __imp__LoadLibraryExW@12   005860f8     kernel32:KERNEL32.dll
 0004:000000fc       __imp__InitializeCriticalSectionAndSpinCount@8 005860fc     kernel32:KERNEL32.dll
 0004:00000100       __imp__RtlUnwind@16        00586100     kernel32:KERNEL32.dll
 0004:00000104       __imp__InterlockedFlushSList@4 00586104     kernel32:KERNEL32.dll
 0004:00000108       __imp__InterlockedPushEntrySList@8 00586108     kernel32:KERNEL32.dll
 0004:0000010c       __imp__GetModuleFileNameW@12 0058610c     kernel32:KERNEL32.dll
 0004:00000110       __imp__GetStringTypeW@16   00586110     kernel32:KERNEL32.dll
 0004:00000114       __imp__QueryPerformanceCounter@4 00586114     kernel32:KERNEL32.dll
 0004:00000118       __imp__CloseHandle@4       00586118     kernel32:KERNEL32.dll
 0004:0000011c       __imp__SetEvent@4          0058611c     kernel32:KERNEL32.dll
 0004:00000120       __imp__CreateEventA@16     00586120     kernel32:KERNEL32.dll
 0004:00000124       __imp__WaitForMultipleObjects@16 00586124     kernel32:KERNEL32.dll
 0004:00000128       __imp__GetCurrentThread@0  00586128     kernel32:KERNEL32.dll
 0004:0000012c       __imp__SetThreadPriority@8 0058612c     kernel32:KERNEL32.dll
 0004:00000130       __imp__GetStdHandle@4      00586130     kernel32:KERNEL32.dll
 0004:00000134       __imp__GetLastError@0      00586134     kernel32:KERNEL32.dll
 0004:00000138       __imp__InitializeCriticalSection@4 00586138     kernel32:KERNEL32.dll
 0004:0000013c       __imp__EnterCriticalSection@4 0058613c     kernel32:KERNEL32.dll
 0004:00000140       __imp__LeaveCriticalSection@4 00586140     kernel32:KERNEL32.dll
 0004:00000144       __imp__TryEnterCriticalSection@4 00586144     kernel32:KERNEL32.dll
 0004:00000148       __imp__DeleteCriticalSection@4 00586148     kernel32:KERNEL32.dll
 0004:0000014c       __imp__ResetEvent@4        0058614c     kernel32:KERNEL32.dll
 0004:00000150       __imp__ReleaseSemaphore@12 00586150     kernel32:KERNEL32.dll
 0004:00000154       __imp__WaitForSingleObject@8 00586154     kernel32:KERNEL32.dll
 0004:00000158       __imp__Sleep@4             00586158     kernel32:KERNEL32.dll
 0004:0000015c       __imp__GetCurrentProcessId@0 0058615c     kernel32:KERNEL32.dll
 0004:00000160       __imp__CreateThread@24     00586160     kernel32:KERNEL32.dll
 0004:00000164       __imp__GetCurrentThreadId@0 00586164     kernel32:KERNEL32.dll
 0004:00000168       __imp__GetThreadPriority@4 00586168     kernel32:KERNEL32.dll
 0004:0000016c       __imp__ResumeThread@4      0058616c     kernel32:KERNEL32.dll
 0004:00000170       __imp__TlsAlloc@0          00586170     kernel32:KERNEL32.dll
 0004:00000174       __imp__TlsGetValue@4       00586174     kernel32:KERNEL32.dll
 0004:00000178       __imp__TlsSetValue@8       00586178     kernel32:KERNEL32.dll
 0004:0000017c       __imp__TlsFree@4           0058617c     kernel32:KERNEL32.dll
 0004:00000180       __imp__PulseEvent@4        00586180     kernel32:KERNEL32.dll
 0004:00000184       __imp__CreateSemaphoreA@16 00586184     kernel32:KERNEL32.dll
 0004:00000188       __imp__GetConsoleScreenBufferInfo@8 00586188     kernel32:KERNEL32.dll
 0004:0000018c       __imp__SetConsoleTextAttribute@8 0058618c     kernel32:KERNEL32.dll
 0004:00000190       __imp__CreateFileW@28      00586190     kernel32:KERNEL32.dll
 0004:00000194       __imp__QueryPerformanceFrequency@4 00586194     kernel32:KERNEL32.dll
 0004:00000198       __imp__SetLastError@4      00586198     kernel32:KERNEL32.dll
 0004:0000019c       __imp__FormatMessageA@28   0058619c     kernel32:KERNEL32.dll
 0004:000001a0       __imp__GetLocalTime@4      005861a0     kernel32:KERNEL32.dll
 0004:000001a4       __imp__FileTimeToSystemTime@8 005861a4     kernel32:KERNEL32.dll
 0004:000001a8       __imp__SystemTimeToFileTime@8 005861a8     kernel32:KERNEL32.dll
 0004:000001ac       __imp__CreateFileA@28      005861ac     kernel32:KERNEL32.dll
 0004:000001b0       __imp__DeleteFileA@4       005861b0     kernel32:KERNEL32.dll
 0004:000001b4       __imp__FileTimeToLocalFileTime@8 005861b4     kernel32:KERNEL32.dll
 0004:000001b8       __imp__GetFileSize@8       005861b8     kernel32:KERNEL32.dll
 0004:000001bc       __imp__GetFileTime@16      005861bc     kernel32:KERNEL32.dll
 0004:000001c0       __imp__MoveFileExA@12      005861c0     kernel32:KERNEL32.dll
 0004:000001c4       __imp__FlushFileBuffers@4  005861c4     kernel32:KERNEL32.dll
 0004:000001c8       __imp__ReadFile@20         005861c8     kernel32:KERNEL32.dll
 0004:000001cc       __imp__SetFilePointer@16   005861cc     kernel32:KERNEL32.dll
 0004:000001d0       __imp__WriteFile@20        005861d0     kernel32:KERNEL32.dll
 0004:000001d4       __imp__FreeLibrary@4       005861d4     kernel32:KERNEL32.dll
 0004:000001d8       __imp__GetProcAddress@8    005861d8     kernel32:KERNEL32.dll
 0004:000001dc       __imp__LoadLibraryA@4      005861dc     kernel32:KERNEL32.dll
 0004:000001e0       __imp__UnhandledExceptionFilter@4 005861e0     kernel32:KERNEL32.dll
 0004:000001e4       __imp__SetUnhandledExceptionFilter@4 005861e4     kernel32:KERNEL32.dll
 0004:000001e8       __imp__GetCurrentProcess@0 005861e8     kernel32:KERNEL32.dll
 0004:000001ec       __imp__TerminateProcess@8  005861ec     kernel32:KERNEL32.dll
 0004:000001f0       __imp__IsProcessorFeaturePresent@4 005861f0     kernel32:KERNEL32.dll
 0004:000001f4       __imp__GetSystemTimeAsFileTime@4 005861f4     kernel32:KERNEL32.dll
 0004:000001f8       __imp__InitializeSListHead@4 005861f8     kernel32:KERNEL32.dll
 0004:000001fc       __imp__IsDebuggerPresent@0 005861fc     kernel32:KERNEL32.dll
 0004:00000200       __imp__GetStartupInfoW@4   00586200     kernel32:KERNEL32.dll
 0004:00000204       __imp__GetModuleHandleW@4  00586204     kernel32:KERNEL32.dll
 0004:00000208       \177KERNEL32_NULL_THUNK_DATA 00586208     kernel32:KERNEL32.dll
 0004:00000290       __imp__waveInReset@4       00586290     winmm:WINMM.dll
 0004:00000294       __imp__waveInStop@4        00586294     winmm:WINMM.dll
 0004:00000298       __imp__waveInStart@4       00586298     winmm:WINMM.dll
 0004:0000029c       __imp__waveInAddBuffer@12  0058629c     winmm:WINMM.dll
 0004:000002a0       __imp__waveInUnprepareHeader@12 005862a0     winmm:WINMM.dll
 0004:000002a4       __imp__waveInPrepareHeader@12 005862a4     winmm:WINMM.dll
 0004:000002a8       __imp__waveInClose@4       005862a8     winmm:WINMM.dll
 0004:000002ac       __imp__waveInOpen@24       005862ac     winmm:WINMM.dll
 0004:000002b0       __imp__waveInGetDevCapsA@12 005862b0     winmm:WINMM.dll
 0004:000002b4       __imp__waveInGetNumDevs@0  005862b4     winmm:WINMM.dll
 0004:000002b8       __imp__waveOutReset@4      005862b8     winmm:WINMM.dll
 0004:000002bc       __imp__waveOutRestart@4    005862bc     winmm:WINMM.dll
 0004:000002c0       __imp__waveOutPause@4      005862c0     winmm:WINMM.dll
 0004:000002c4       __imp__waveOutWrite@12     005862c4     winmm:WINMM.dll
 0004:000002c8       __imp__waveOutUnprepareHeader@12 005862c8     winmm:WINMM.dll
 0004:000002cc       __imp__waveOutPrepareHeader@12 005862cc     winmm:WINMM.dll
 0004:000002d0       __imp__waveOutClose@4      005862d0     winmm:WINMM.dll
 0004:000002d4       __imp__waveOutOpen@24      005862d4     winmm:WINMM.dll
 0004:000002d8       __imp__waveOutSetVolume@8  005862d8     winmm:WINMM.dll
 0004:000002dc       __imp__waveOutGetVolume@8  005862dc     winmm:WINMM.dll
 0004:000002e0       __imp__waveOutGetDevCapsA@12 005862e0     winmm:WINMM.dll
 0004:000002e4       __imp__waveOutGetNumDevs@0 005862e4     winmm:WINMM.dll
 0004:000002e8       __imp__waveInGetErrorTextA@12 005862e8     winmm:WINMM.dll
 0004:000002ec       __imp__waveOutGetErrorTextA@12 005862ec     winmm:WINMM.dll
 0004:000002f0       \177WINMM_NULL_THUNK_DATA  005862f0     winmm:WINMM.dll
 0004:0000032c       __imp__select@20           0058632c     ws2_32:WS2_32.dll
 0004:00000330       __imp____WSAFDIsSet@8      00586330     ws2_32:WS2_32.dll
 0004:00000334       __imp__gethostbyname@4     00586334     ws2_32:WS2_32.dll
 0004:00000338       __imp__WSAStringToAddressA@20 00586338     ws2_32:WS2_32.dll
 0004:0000033c       __imp__WSAAddressToStringA@20 0058633c     ws2_32:WS2_32.dll
 0004:00000340       __imp__WSASocketA@24       00586340     ws2_32:WS2_32.dll
 0004:00000344       __imp__WSAIoctl@36         00586344     ws2_32:WS2_32.dll
 0004:00000348       __imp__gethostname@8       00586348     ws2_32:WS2_32.dll
 0004:0000034c       __imp__shutdown@8          0058634c     ws2_32:WS2_32.dll
 0004:00000350       __imp__setsockopt@20       00586350     ws2_32:WS2_32.dll
 0004:00000354       __imp__sendto@24           00586354     ws2_32:WS2_32.dll
 0004:00000358       __imp__send@16             00586358     ws2_32:WS2_32.dll
 0004:0000035c       __imp__recvfrom@24         0058635c     ws2_32:WS2_32.dll
 0004:00000360       __imp__recv@16             00586360     ws2_32:WS2_32.dll
 0004:00000364       __imp__ntohs@4             00586364     ws2_32:WS2_32.dll
 0004:00000368       __imp__ntohl@4             00586368     ws2_32:WS2_32.dll
 0004:0000036c       __imp__listen@8            0058636c     ws2_32:WS2_32.dll
 0004:00000370       __imp__inet_ntoa@4         00586370     ws2_32:WS2_32.dll
 0004:00000374       __imp__inet_addr@4         00586374     ws2_32:WS2_32.dll
 0004:00000378       __imp__htons@4             00586378     ws2_32:WS2_32.dll
 0004:0000037c       __imp__htonl@4             0058637c     ws2_32:WS2_32.dll
 0004:00000380       __imp__getsockopt@20       00586380     ws2_32:WS2_32.dll
 0004:00000384       __imp__getsockname@12      00586384     ws2_32:WS2_32.dll
 0004:00000388       __imp__getpeername@12      00586388     ws2_32:WS2_32.dll
 0004:0000038c       __imp__connect@12          0058638c     ws2_32:WS2_32.dll
 0004:00000390       __imp__closesocket@4       00586390     ws2_32:WS2_32.dll
 0004:00000394       __imp__bind@12             00586394     ws2_32:WS2_32.dll
 0004:00000398       __imp__accept@12           00586398     ws2_32:WS2_32.dll
 0004:0000039c       __imp__ioctlsocket@12      0058639c     ws2_32:WS2_32.dll
 0004:000003a0       __imp__WSASetLastError@4   005863a0     ws2_32:WS2_32.dll
 0004:000003a4       __imp__WSAGetLastError@0   005863a4     ws2_32:WS2_32.dll
 0004:000003a8       __imp__WSACleanup@0        005863a8     ws2_32:WS2_32.dll
 0004:000003ac       __imp__WSAStartup@8        005863ac     ws2_32:WS2_32.dll
 0004:000003b0       \177WS2_32_NULL_THUNK_DATA 005863b0     ws2_32:WS2_32.dll
 0004:000003f4       __imp__CoCreateGuid@4      005863f4     ole32:ole32.dll
 0004:000003f8       \177ole32_NULL_THUNK_DATA  005863f8     ole32:ole32.dll
 0004:00000424       __IMPORT_DESCRIPTOR_ole32  00586424     ole32:ole32.dll
 0004:00000438       __IMPORT_DESCRIPTOR_WS2_32 00586438     ws2_32:WS2_32.dll
 0004:0000044c       __IMPORT_DESCRIPTOR_WINMM  0058644c     winmm:WINMM.dll
 0004:00000460       __IMPORT_DESCRIPTOR_KERNEL32 00586460     kernel32:KERNEL32.dll
 0004:00000474       __IMPORT_DESCRIPTOR_ADVAPI32 00586474     advapi32:ADVAPI32.dll
 0004:00000488       __NULL_IMPORT_DESCRIPTOR   00586488     ole32:ole32.dll
 0005:00000000       ___guard_check_icall_fptr  00588000     LIBCMTD:guard_support.obj
