 auddemo

 Timestamp is 5a30f306 (Wed Dec 13 17:29:42 2017)

 Preferred load address is 00400000

 Start         Length     Name                   Class
 0001:00000000 0000829dH .text                   CODE
 0001:000082a0 000c3713H .text$mn                CODE
 0001:000cb9c0 000010e8H .text$x                 CODE
 0002:00000000 00000104H .CRT$XCA                DATA
 0002:00000104 00000104H .CRT$XCAA               DATA
 0002:00000208 00000104H .CRT$XCZ                DATA
 0002:0000030c 00000104H .CRT$XIA                DATA
 0002:00000410 00000104H .CRT$XIAA               DATA
 0002:00000514 00000104H .CRT$XIAC               DATA
 0002:00000618 0000010eH .CRT$XIC                DATA
 0002:00000728 00000104H .CRT$XIZ                DATA
 0002:0000082c 00000104H .CRT$XPA                DATA
 0002:00000930 00000109H .CRT$XPX                DATA
 0002:00000a3c 00000104H .CRT$XPXA               DATA
 0002:00000b40 00000104H .CRT$XPZ                DATA
 0002:00000c44 00000104H .CRT$XTA                DATA
 0002:00000d48 00000104H .CRT$XTZ                DATA
 0002:00000e50 0002e890H .rdata                  DATA
 0002:0002f6e0 00000443H .rdata$r                DATA
 0002:0002fb30 0000012bH .rdata$sxdata           DATA
 0002:0002fc60 00000113H .rdata$zETW0            DATA
 0002:0002fd73 0000018eH .rdata$zETW1            DATA
 0002:0002ff01 00000134H .rdata$zETW2            DATA
 0002:00030035 00000101H .rdata$zETW9            DATA
 0002:00030138 000001ceH .rdata$zzzdbg           DATA
 0002:00030308 00000104H .rtc$IAA                DATA
 0002:0003040c 00000104H .rtc$IZZ                DATA
 0002:00030510 00000104H .rtc$TAA                DATA
 0002:00030614 00000104H .rtc$TZZ                DATA
 0002:00030718 00000f94H .xdata$x                DATA
 0002:000316ac 00000000H .edata                  DATA
 0003:00000000 00010686H .data                   DATA
 0003:00010688 00000244H .data$r                 DATA
 0003:000108d0 00002274H .bss                    DATA
 0004:00000000 0000041cH .idata$5                DATA
 0004:0000041c 00000064H .idata$2                DATA
 0004:00000480 00000014H .idata$3                DATA
 0004:00000494 0000041cH .idata$4                DATA
 0004:000008b0 00000d31H .idata$6                DATA
 0005:00000000 00000104H .00cfg                  DATA

  Address         Publics by Value              Rva+Base       Lib:Object

 0000:00000000       ___guard_fids_table        00000000     <absolute>
 0000:00000000       ___guard_fids_count        00000000     <absolute>
 0000:00000000       __except_list              00000000     <absolute>
 0000:00000009       ___safe_se_handler_count   00000009     <absolute>
 0000:00000100       ___guard_flags             00000100     <absolute>
 0000:00000000       ___ImageBase               00400000     <linker-defined>
 0001:00007cc0       ?TraceLoggingRegister@__vcrt_trace_logging_provider@@YAJPBU_TlgProvider_t@1@PBU_GUID@@P6GX1KE_K2PAU_EVENT_FILTER_DESCRIPTOR@@PAX@Z4@Z 00408cc0 f i libvcruntimed:telemetry.obj
 0001:00007db0       ?TraceLoggingSetInformation@__vcrt_trace_logging_provider@@YAJPBU_TlgProvider_t@1@W4_EVENT_INFO_CLASS@@PAXK@Z 00408db0 f i libvcruntimed:telemetry.obj
 0001:00007e00       ?TraceLoggingUnregister@__vcrt_trace_logging_provider@@YAXPBU_TlgProvider_t@1@@Z 00408e00 f i libvcruntimed:telemetry.obj
 0001:00007e40       ?_TlgCreateSz@__vcrt_trace_logging_provider@@YAXPAU_EVENT_DATA_DESCRIPTOR@@PBD@Z 00408e40 f i libvcruntimed:telemetry.obj
 0001:00007ea0       ?_TlgCreateWsz@__vcrt_trace_logging_provider@@YAXPAU_EVENT_DATA_DESCRIPTOR@@PB_W@Z 00408ea0 f i libvcruntimed:telemetry.obj
 0001:00007f00       ?_TlgEnableCallback@__vcrt_trace_logging_provider@@YGXPBU_GUID@@KE_K1PAU_EVENT_FILTER_DESCRIPTOR@@PAX@Z 00408f00 f i libvcruntimed:telemetry.obj
 0001:00008000       ?_TlgKeywordOn@__vcrt_trace_logging_provider@@YAEPBU_TlgProvider_t@1@_K@Z 00409000 f i libvcruntimed:telemetry.obj
 0001:00008090       ?_TlgWrite@__vcrt_trace_logging_provider@@YAJPBU_TlgProvider_t@1@PBXPBU_GUID@@2IPAU_EVENT_DATA_DESCRIPTOR@@@Z 00409090 f i libvcruntimed:telemetry.obj
 0001:00009310       _main                      0040a310 f   auddemo.obj
 0001:00009e50       ___local_stdio_printf_options 0040ae50 f i auddemo.obj
 0001:00009e60       ___local_stdio_scanf_options 0040ae60 f i auddemo.obj
 0001:00009e70       __vfprintf_l               0040ae70 f i auddemo.obj
 0001:00009eb0       __vsnprintf_l              0040aeb0 f i auddemo.obj
 0001:00009f20       __vsprintf_l               0040af20 f i auddemo.obj
 0001:00009f50       __vsscanf_l                0040af50 f i auddemo.obj
 0001:00009f90       _printf                    0040af90 f i auddemo.obj
 0001:00009fe0       _sprintf                   0040afe0 f i auddemo.obj
 0001:0000a020       _sscanf                    0040b020 f i auddemo.obj
 0001:0000a060       _pjmedia_aud_subsys_init   0040b060 f   pjmedia-audiodev-i386-win32-vc14-debug:audiodev.obj
 0001:0000a170       _pjmedia_aud_subsys_get_pool_factory 0040b170 f   pjmedia-audiodev-i386-win32-vc14-debug:audiodev.obj
 0001:0000a190       _pjmedia_aud_subsys_shutdown 0040b190 f   pjmedia-audiodev-i386-win32-vc14-debug:audiodev.obj
 0001:0000a200       _pjmedia_aud_register_factory 0040b200 f   pjmedia-audiodev-i386-win32-vc14-debug:audiodev.obj
 0001:0000a270       _pjmedia_aud_unregister_factory 0040b270 f   pjmedia-audiodev-i386-win32-vc14-debug:audiodev.obj
 0001:0000a3f0       _pjmedia_aud_test          0040b3f0 f   pjmedia-audiodev-i386-win32-vc14-debug:audiotest.obj
 0001:0000ad80       _pjmedia_audiodev_strerror 0040bd80 f   pjmedia-audiodev-i386-win32-vc14-debug:errno.obj
 0001:0000b010       __snprintf                 0040c010 f i pjmedia-audiodev-i386-win32-vc14-debug:errno.obj
 0001:0000b060       __vsnprintf                0040c060 f i pjmedia-audiodev-i386-win32-vc14-debug:errno.obj
 0001:0000c490       _pjmedia_wmme_factory      0040d490 f   pjmedia-audiodev-i386-win32-vc14-debug:wmme_dev.obj
 0001:0000df00       _pjmedia_get_aud_subsys    0040ef00 f   pjmedia-i386-win32-vc14-debug:audiodev.obj
 0001:0000df10       _pjmedia_aud_driver_init   0040ef10 f   pjmedia-i386-win32-vc14-debug:audiodev.obj
 0001:0000e290       _pjmedia_aud_driver_deinit 0040f290 f   pjmedia-i386-win32-vc14-debug:audiodev.obj
 0001:0000e300       _pjmedia_aud_dev_cap_name  0040f300 f   pjmedia-i386-win32-vc14-debug:audiodev.obj
 0001:0000e370       _pjmedia_aud_param_set_cap 0040f370 f   pjmedia-i386-win32-vc14-debug:audiodev.obj
 0001:0000e3d0       _pjmedia_aud_param_get_cap 0040f3d0 f   pjmedia-i386-win32-vc14-debug:audiodev.obj
 0001:0000e440       _pjmedia_aud_dev_refresh   0040f440 f   pjmedia-i386-win32-vc14-debug:audiodev.obj
 0001:0000e4f0       _pjmedia_aud_dev_count     0040f4f0 f   pjmedia-i386-win32-vc14-debug:audiodev.obj
 0001:0000e500       _pjmedia_aud_dev_get_info  0040f500 f   pjmedia-i386-win32-vc14-debug:audiodev.obj
 0001:0000e5c0       _pjmedia_aud_dev_lookup    0040f5c0 f   pjmedia-i386-win32-vc14-debug:audiodev.obj
 0001:0000e7a0       _pjmedia_aud_dev_default_param 0040f7a0 f   pjmedia-i386-win32-vc14-debug:audiodev.obj
 0001:0000e8a0       _pjmedia_aud_stream_create 0040f8a0 f   pjmedia-i386-win32-vc14-debug:audiodev.obj
 0001:0000eb20       _pjmedia_aud_stream_get_param 0040fb20 f   pjmedia-i386-win32-vc14-debug:audiodev.obj
 0001:0000ebf0       _pjmedia_aud_stream_get_cap 0040fbf0 f   pjmedia-i386-win32-vc14-debug:audiodev.obj
 0001:0000ec10       _pjmedia_aud_stream_set_cap 0040fc10 f   pjmedia-i386-win32-vc14-debug:audiodev.obj
 0001:0000ec30       _pjmedia_aud_stream_start  0040fc30 f   pjmedia-i386-win32-vc14-debug:audiodev.obj
 0001:0000ec50       _pjmedia_aud_stream_stop   0040fc50 f   pjmedia-i386-win32-vc14-debug:audiodev.obj
 0001:0000ec70       _pjmedia_aud_stream_destroy 0040fc70 f   pjmedia-i386-win32-vc14-debug:audiodev.obj
 0001:0000f560       _pjmedia_port_info_init    00410560 f   pjmedia-i386-win32-vc14-debug:port.obj
 0001:0000f600       _pjmedia_port_info_init2   00410600 f   pjmedia-i386-win32-vc14-debug:port.obj
 0001:0000f650       _pjmedia_port_get_clock_src 00410650 f   pjmedia-i386-win32-vc14-debug:port.obj
 0001:0000f680       _pjmedia_port_get_frame    00410680 f   pjmedia-i386-win32-vc14-debug:port.obj
 0001:0000f6f0       _pjmedia_port_put_frame    004106f0 f   pjmedia-i386-win32-vc14-debug:port.obj
 0001:0000f760       _pjmedia_port_destroy      00410760 f   pjmedia-i386-win32-vc14-debug:port.obj
 0001:0000f8d0       _pjmedia_wav_player_port_create 004108d0 f   pjmedia-i386-win32-vc14-debug:wav_player.obj
 0001:0000ff00       _pjmedia_wav_player_get_info 00410f00 f   pjmedia-i386-win32-vc14-debug:wav_player.obj
 0001:00010050       _pjmedia_wav_player_get_len 00411050 f   pjmedia-i386-win32-vc14-debug:wav_player.obj
 0001:000100e0       _pjmedia_wav_player_port_set_pos 004110e0 f   pjmedia-i386-win32-vc14-debug:wav_player.obj
 0001:00010220       _pjmedia_wav_player_port_get_pos 00411220 f   pjmedia-i386-win32-vc14-debug:wav_player.obj
 0001:00010300       _pjmedia_wav_player_set_eof_cb 00411300 f   pjmedia-i386-win32-vc14-debug:wav_player.obj
 0001:000110b0       _pjmedia_wav_writer_port_create 004120b0 f   pjmedia-i386-win32-vc14-debug:wav_writer.obj
 0001:00011520       _pjmedia_wav_writer_port_get_pos 00412520 f   pjmedia-i386-win32-vc14-debug:wav_writer.obj
 0001:000115a0       _pjmedia_wav_writer_port_set_cb 004125a0 f   pjmedia-i386-win32-vc14-debug:wav_writer.obj
 0001:00011dc0       _pjmedia_format_init_video 00412dc0 f   pjmedia-i386-win32-vc14-debug:format.obj
 0001:00011ee0       _pjmedia_format_copy       00412ee0 f   pjmedia-i386-win32-vc14-debug:format.obj
 0001:00011f00       _pjmedia_format_get_audio_format_detail 00412f00 f   pjmedia-i386-win32-vc14-debug:format.obj
 0001:00011f40       _pjmedia_format_get_video_format_detail 00412f40 f   pjmedia-i386-win32-vc14-debug:format.obj
 0001:00011f80       _pjmedia_video_format_mgr_create 00412f80 f   pjmedia-i386-win32-vc14-debug:format.obj
 0001:00012060       _pjmedia_video_format_mgr_instance 00413060 f   pjmedia-i386-win32-vc14-debug:format.obj
 0001:00012090       _pjmedia_video_format_mgr_set_instance 00413090 f   pjmedia-i386-win32-vc14-debug:format.obj
 0001:000120a0       _pjmedia_get_video_format_info 004130a0 f   pjmedia-i386-win32-vc14-debug:format.obj
 0001:00012170       _pjmedia_register_video_format_info 00413170 f   pjmedia-i386-win32-vc14-debug:format.obj
 0001:00012290       _pjmedia_video_format_mgr_destroy 00413290 f   pjmedia-i386-win32-vc14-debug:format.obj
 0001:00012a60       _pjmedia_wave_hdr_file_to_host 00413a60 f   pjmedia-i386-win32-vc14-debug:wave.obj
 0001:00012a80       _pjmedia_wave_hdr_host_to_file 00413a80 f   pjmedia-i386-win32-vc14-debug:wave.obj
 0001:00012ab0       _pj_init                   00413ab0 f   pjlib-i386-win32-vc14-debug:os_core_win32.obj
 0001:00012c90       _pj_shutdown               00413c90 f   pjlib-i386-win32-vc14-debug:os_core_win32.obj
 0001:00012db0       _pj_atexit                 00413db0 f   pjlib-i386-win32-vc14-debug:os_core_win32.obj
 0001:00012df0       _pj_getpid                 00413df0 f   pjlib-i386-win32-vc14-debug:os_core_win32.obj
 0001:00012e10       _pj_thread_create          00413e10 f   pjlib-i386-win32-vc14-debug:os_core_win32.obj
 0001:00012fd0       _pj_thread_register        00413fd0 f   pjlib-i386-win32-vc14-debug:os_core_win32.obj
 0001:000130f0       _pj_thread_is_registered   004140f0 f   pjlib-i386-win32-vc14-debug:os_core_win32.obj
 0001:00013120       _pj_thread_get_prio        00414120 f   pjlib-i386-win32-vc14-debug:os_core_win32.obj
 0001:00013140       _pj_thread_set_prio        00414140 f   pjlib-i386-win32-vc14-debug:os_core_win32.obj
 0001:00013210       _pj_thread_get_prio_min    00414210 f   pjlib-i386-win32-vc14-debug:os_core_win32.obj
 0001:00013220       _pj_thread_get_prio_max    00414220 f   pjlib-i386-win32-vc14-debug:os_core_win32.obj
 0001:00013230       _pj_thread_get_os_handle   00414230 f   pjlib-i386-win32-vc14-debug:os_core_win32.obj
 0001:00013270       _pj_thread_get_name        00414270 f   pjlib-i386-win32-vc14-debug:os_core_win32.obj
 0001:000132d0       _pj_thread_resume          004142d0 f   pjlib-i386-win32-vc14-debug:os_core_win32.obj
 0001:00013380       _pj_thread_this            00414380 f   pjlib-i386-win32-vc14-debug:os_core_win32.obj
 0001:000133d0       _pj_thread_join            004143d0 f   pjlib-i386-win32-vc14-debug:os_core_win32.obj
 0001:000134b0       _pj_thread_destroy         004144b0 f   pjlib-i386-win32-vc14-debug:os_core_win32.obj
 0001:00013560       _pj_thread_sleep           00414560 f   pjlib-i386-win32-vc14-debug:os_core_win32.obj
 0001:00013590       _pj_thread_check_stack     00414590 f   pjlib-i386-win32-vc14-debug:os_core_win32.obj
 0001:00013650       _pj_thread_get_stack_max_usage 00414650 f   pjlib-i386-win32-vc14-debug:os_core_win32.obj
 0001:00013660       _pj_thread_get_stack_info  00414660 f   pjlib-i386-win32-vc14-debug:os_core_win32.obj
 0001:000136a0       _pj_thread_local_alloc     004146a0 f   pjlib-i386-win32-vc14-debug:os_core_win32.obj
 0001:00013730       _pj_thread_local_free      00414730 f   pjlib-i386-win32-vc14-debug:os_core_win32.obj
 0001:00013760       _pj_thread_local_set       00414760 f   pjlib-i386-win32-vc14-debug:os_core_win32.obj
 0001:000137d0       _pj_thread_local_get       004147d0 f   pjlib-i386-win32-vc14-debug:os_core_win32.obj
 0001:000137e0       _pj_atomic_create          004147e0 f   pjlib-i386-win32-vc14-debug:os_core_win32.obj
 0001:00013820       _pj_atomic_destroy         00414820 f   pjlib-i386-win32-vc14-debug:os_core_win32.obj
 0001:00013860       _pj_atomic_set             00414860 f   pjlib-i386-win32-vc14-debug:os_core_win32.obj
 0001:00013880       _pj_atomic_get             00414880 f   pjlib-i386-win32-vc14-debug:os_core_win32.obj
 0001:000138d0       _pj_atomic_inc             004148d0 f   pjlib-i386-win32-vc14-debug:os_core_win32.obj
 0001:000138f0       _pj_atomic_inc_and_get     004148f0 f   pjlib-i386-win32-vc14-debug:os_core_win32.obj
 0001:00013920       _pj_atomic_dec             00414920 f   pjlib-i386-win32-vc14-debug:os_core_win32.obj
 0001:00013940       _pj_atomic_dec_and_get     00414940 f   pjlib-i386-win32-vc14-debug:os_core_win32.obj
 0001:00013970       _pj_atomic_add             00414970 f   pjlib-i386-win32-vc14-debug:os_core_win32.obj
 0001:00013980       _pj_atomic_add_and_get     00414980 f   pjlib-i386-win32-vc14-debug:os_core_win32.obj
 0001:000139a0       _pj_mutex_create           004149a0 f   pjlib-i386-win32-vc14-debug:os_core_win32.obj
 0001:00013a30       _pj_mutex_create_simple    00414a30 f   pjlib-i386-win32-vc14-debug:os_core_win32.obj
 0001:00013a50       _pj_mutex_create_recursive 00414a50 f   pjlib-i386-win32-vc14-debug:os_core_win32.obj
 0001:00013a70       _pj_mutex_lock             00414a70 f   pjlib-i386-win32-vc14-debug:os_core_win32.obj
 0001:00013b00       _pj_mutex_unlock           00414b00 f   pjlib-i386-win32-vc14-debug:os_core_win32.obj
 0001:00013bb0       _pj_mutex_trylock          00414bb0 f   pjlib-i386-win32-vc14-debug:os_core_win32.obj
 0001:00013c60       _pj_mutex_destroy          00414c60 f   pjlib-i386-win32-vc14-debug:os_core_win32.obj
 0001:00013cc0       _pj_mutex_is_locked        00414cc0 f   pjlib-i386-win32-vc14-debug:os_core_win32.obj
 0001:00013cf0       _pj_rwmutex_create         00414cf0 f   pjlib-i386-win32-vc14-debug:os_core_win32.obj
 0001:00013dc0       _pj_rwmutex_lock_read      00414dc0 f   pjlib-i386-win32-vc14-debug:os_core_win32.obj
 0001:00013e90       _pj_rwmutex_lock_write     00414e90 f   pjlib-i386-win32-vc14-debug:os_core_win32.obj
 0001:00013ed0       _pj_rwmutex_unlock_read    00414ed0 f   pjlib-i386-win32-vc14-debug:os_core_win32.obj
 0001:00013fa0       _pj_rwmutex_unlock_write   00414fa0 f   pjlib-i386-win32-vc14-debug:os_core_win32.obj
 0001:00014010       _pj_rwmutex_destroy        00415010 f   pjlib-i386-win32-vc14-debug:os_core_win32.obj
 0001:00014070       _pj_enter_critical_section 00415070 f   pjlib-i386-win32-vc14-debug:os_core_win32.obj
 0001:00014090       _pj_leave_critical_section 00415090 f   pjlib-i386-win32-vc14-debug:os_core_win32.obj
 0001:000140b0       _pj_sem_create             004150b0 f   pjlib-i386-win32-vc14-debug:os_core_win32.obj
 0001:000141f0       _pj_sem_wait               004151f0 f   pjlib-i386-win32-vc14-debug:os_core_win32.obj
 0001:00014250       _pj_sem_trywait            00415250 f   pjlib-i386-win32-vc14-debug:os_core_win32.obj
 0001:000142b0       _pj_sem_post               004152b0 f   pjlib-i386-win32-vc14-debug:os_core_win32.obj
 0001:00014360       _pj_sem_destroy            00415360 f   pjlib-i386-win32-vc14-debug:os_core_win32.obj
 0001:00014410       _pj_event_create           00415410 f   pjlib-i386-win32-vc14-debug:os_core_win32.obj
 0001:00014590       _pj_event_wait             00415590 f   pjlib-i386-win32-vc14-debug:os_core_win32.obj
 0001:000145e0       _pj_event_trywait          004155e0 f   pjlib-i386-win32-vc14-debug:os_core_win32.obj
 0001:00014630       _pj_event_set              00415630 f   pjlib-i386-win32-vc14-debug:os_core_win32.obj
 0001:000146e0       _pj_event_pulse            004156e0 f   pjlib-i386-win32-vc14-debug:os_core_win32.obj
 0001:00014790       _pj_event_reset            00415790 f   pjlib-i386-win32-vc14-debug:os_core_win32.obj
 0001:00014840       _pj_event_destroy          00415840 f   pjlib-i386-win32-vc14-debug:os_core_win32.obj
 0001:000148f0       _pj_term_set_color         004158f0 f   pjlib-i386-win32-vc14-debug:os_core_win32.obj
 0001:00014990       _pj_term_get_color         00415990 f   pjlib-i386-win32-vc14-debug:os_core_win32.obj
 0001:000149e0       _pj_run_app                004159e0 f   pjlib-i386-win32-vc14-debug:os_core_win32.obj
 0001:00014a00       _pj_thread_init            00415a00 f   pjlib-i386-win32-vc14-debug:os_core_win32.obj
 0001:00015720       _pj_pool_create            00416720 f   pjlib-i386-win32-vc14-debug:pool.obj
 0001:00015750       _pj_pool_release           00416750 f   pjlib-i386-win32-vc14-debug:pool.obj
 0001:00015780       _pj_pool_safe_release      00416780 f   pjlib-i386-win32-vc14-debug:pool.obj
 0001:000157b0       _pj_pool_getobjname        004167b0 f   pjlib-i386-win32-vc14-debug:pool.obj
 0001:000157c0       _pj_pool_reset             004167c0 f   pjlib-i386-win32-vc14-debug:pool.obj
 0001:000157e0       _pj_pool_get_capacity      004167e0 f   pjlib-i386-win32-vc14-debug:pool.obj
 0001:000157f0       _pj_pool_get_used_size     004167f0 f   pjlib-i386-win32-vc14-debug:pool.obj
 0001:00015840       _pj_pool_alloc             00416840 f   pjlib-i386-win32-vc14-debug:pool.obj
 0001:00015880       _pj_pool_calloc            00416880 f   pjlib-i386-win32-vc14-debug:pool.obj
 0001:000158c0       _pj_pool_alloc_from_block  004168c0 f   pjlib-i386-win32-vc14-debug:pool.obj
 0001:00015910       _pj_pool_allocate_find     00416910 f   pjlib-i386-win32-vc14-debug:pool.obj
 0001:00015a30       _pj_NO_MEMORY_EXCEPTION    00416a30 f   pjlib-i386-win32-vc14-debug:pool.obj
 0001:00015a40       _pj_pool_create_int        00416a40 f   pjlib-i386-win32-vc14-debug:pool.obj
 0001:00015b60       _pj_pool_init_int          00416b60 f   pjlib-i386-win32-vc14-debug:pool.obj
 0001:00015c00       _pj_pool_destroy_int       00416c00 f   pjlib-i386-win32-vc14-debug:pool.obj
 0001:00016010       _pj_caching_pool_init      00417010 f   pjlib-i386-win32-vc14-debug:pool_caching.obj
 0001:00016110       _pj_caching_pool_destroy   00417110 f   pjlib-i386-win32-vc14-debug:pool_caching.obj
 0001:00016a10       _pj_strerror               00417a10 f   pjlib-i386-win32-vc14-debug:errno.obj
 0001:00016ba0       _pj_perror                 00417ba0 f   pjlib-i386-win32-vc14-debug:errno.obj
 0001:00016be0       _pj_register_strerror      00417be0 f   pjlib-i386-win32-vc14-debug:errno.obj
 0001:00016d90       _pj_errno_clear_handlers   00417d90 f   pjlib-i386-win32-vc14-debug:errno.obj
 0001:00016db0       _pj_perror_1               00417db0 f   pjlib-i386-win32-vc14-debug:errno.obj
 0001:00016de0       _pj_perror_2               00417de0 f   pjlib-i386-win32-vc14-debug:errno.obj
 0001:00016e10       _pj_perror_3               00417e10 f   pjlib-i386-win32-vc14-debug:errno.obj
 0001:00016e40       _pj_perror_4               00417e40 f   pjlib-i386-win32-vc14-debug:errno.obj
 0001:00016e70       _pj_perror_5               00417e70 f   pjlib-i386-win32-vc14-debug:errno.obj
 0001:00017200       _pj_log                    00418200 f   pjlib-i386-win32-vc14-debug:log.obj
 0001:00017a40       _pj_log_set_log_func       00418a40 f   pjlib-i386-win32-vc14-debug:log.obj
 0001:00017a50       _pj_log_get_log_func       00418a50 f   pjlib-i386-win32-vc14-debug:log.obj
 0001:00017a60       _pj_log_set_level          00418a60 f   pjlib-i386-win32-vc14-debug:log.obj
 0001:00017a70       _pj_log_get_level          00418a70 f   pjlib-i386-win32-vc14-debug:log.obj
 0001:00017a80       _pj_log_set_decor          00418a80 f   pjlib-i386-win32-vc14-debug:log.obj
 0001:00017a90       _pj_log_get_decor          00418a90 f   pjlib-i386-win32-vc14-debug:log.obj
 0001:00017aa0       _pj_log_add_indent         00418aa0 f   pjlib-i386-win32-vc14-debug:log.obj
 0001:00017ac0       _pj_log_push_indent        00418ac0 f   pjlib-i386-win32-vc14-debug:log.obj
 0001:00017ad0       _pj_log_pop_indent         00418ad0 f   pjlib-i386-win32-vc14-debug:log.obj
 0001:00017ae0       _pj_log_set_color          00418ae0 f   pjlib-i386-win32-vc14-debug:log.obj
 0001:00017bd0       _pj_log_get_color          00418bd0 f   pjlib-i386-win32-vc14-debug:log.obj
 0001:00017c40       _pj_log_init               00418c40 f   pjlib-i386-win32-vc14-debug:log.obj
 0001:00017cc0       _pj_log_1                  00418cc0 f   pjlib-i386-win32-vc14-debug:log.obj
 0001:00017cf0       _pj_log_2                  00418cf0 f   pjlib-i386-win32-vc14-debug:log.obj
 0001:00017d20       _pj_log_3                  00418d20 f   pjlib-i386-win32-vc14-debug:log.obj
 0001:00017d50       _pj_log_4                  00418d50 f   pjlib-i386-win32-vc14-debug:log.obj
 0001:00017d80       _pj_log_5                  00418d80 f   pjlib-i386-win32-vc14-debug:log.obj
 0001:000182e0       _pj_pool_factory_get_default_policy 004192e0 f   pjlib-i386-win32-vc14-debug:pool_policy_malloc.obj
 0001:00018410       _pj_get_timestamp          00419410 f   pjlib-i386-win32-vc14-debug:os_timestamp_win32.obj
 0001:00018480       _pj_get_timestamp_freq     00419480 f   pjlib-i386-win32-vc14-debug:os_timestamp_win32.obj
 0001:00018520       _pj_gettickcount           00419520 f   pjlib-i386-win32-vc14-debug:os_timestamp_common.obj
 0001:00018570       _pj_elapsed_time           00419570 f   pjlib-i386-win32-vc14-debug:os_timestamp_common.obj
 0001:00018620       _pj_elapsed_msec           00419620 f   pjlib-i386-win32-vc14-debug:os_timestamp_common.obj
 0001:00018650       _pj_elapsed_msec64         00419650 f   pjlib-i386-win32-vc14-debug:os_timestamp_common.obj
 0001:00018680       _pj_elapsed_usec           00419680 f   pjlib-i386-win32-vc14-debug:os_timestamp_common.obj
 0001:000186b0       _pj_elapsed_nanosec        004196b0 f   pjlib-i386-win32-vc14-debug:os_timestamp_common.obj
 0001:00018740       _pj_elapsed_cycle          00419740 f   pjlib-i386-win32-vc14-debug:os_timestamp_common.obj
 0001:000189a0       _pj_str                    004199a0 f   pjlib-i386-win32-vc14-debug:string.obj
 0001:000189e0       _pj_strassign              004199e0 f   pjlib-i386-win32-vc14-debug:string.obj
 0001:00018a00       _pj_strcpy                 00419a00 f   pjlib-i386-win32-vc14-debug:string.obj
 0001:00018a40       _pj_strcpy2                00419a40 f   pjlib-i386-win32-vc14-debug:string.obj
 0001:00018aa0       _pj_strncpy                00419aa0 f   pjlib-i386-win32-vc14-debug:string.obj
 0001:00018b00       _pj_strncpy_with_null      00419b00 f   pjlib-i386-win32-vc14-debug:string.obj
 0001:00018b80       _pj_strdup                 00419b80 f   pjlib-i386-win32-vc14-debug:string.obj
 0001:00018be0       _pj_strdup_with_null       00419be0 f   pjlib-i386-win32-vc14-debug:string.obj
 0001:00018c50       _pj_strdup2                00419c50 f   pjlib-i386-win32-vc14-debug:string.obj
 0001:00018cd0       _pj_strdup2_with_null      00419cd0 f   pjlib-i386-win32-vc14-debug:string.obj
 0001:00018d50       _pj_strdup3                00419d50 f   pjlib-i386-win32-vc14-debug:string.obj
 0001:00018d80       _pj_strcmp                 00419d80 f   pjlib-i386-win32-vc14-debug:string.obj
 0001:00018e60       _pj_strcmp2                00419e60 f   pjlib-i386-win32-vc14-debug:string.obj
 0001:00018eb0       _pj_strncmp                00419eb0 f   pjlib-i386-win32-vc14-debug:string.obj
 0001:00018f10       _pj_strncmp2               00419f10 f   pjlib-i386-win32-vc14-debug:string.obj
 0001:00018f60       _pj_stricmp                00419f60 f   pjlib-i386-win32-vc14-debug:string.obj
 0001:00019040       _pj_stricmp2               0041a040 f   pjlib-i386-win32-vc14-debug:string.obj
 0001:00019090       _pj_strnicmp               0041a090 f   pjlib-i386-win32-vc14-debug:string.obj
 0001:000190f0       _pj_strnicmp2              0041a0f0 f   pjlib-i386-win32-vc14-debug:string.obj
 0001:00019140       _pj_strcat                 0041a140 f   pjlib-i386-win32-vc14-debug:string.obj
 0001:00019190       _pj_strcat2                0041a190 f   pjlib-i386-win32-vc14-debug:string.obj
 0001:000191f0       _pj_strspn                 0041a1f0 f   pjlib-i386-win32-vc14-debug:string.obj
 0001:00019280       _pj_strspn2                0041a280 f   pjlib-i386-win32-vc14-debug:string.obj
 0001:00019300       _pj_strcspn                0041a300 f   pjlib-i386-win32-vc14-debug:string.obj
 0001:00019370       _pj_strcspn2               0041a370 f   pjlib-i386-win32-vc14-debug:string.obj
 0001:000193e0       _pj_strtok                 0041a3e0 f   pjlib-i386-win32-vc14-debug:string.obj
 0001:00019490       _pj_strtok2                0041a490 f   pjlib-i386-win32-vc14-debug:string.obj
 0001:00019540       _pj_strstr                 0041a540 f   pjlib-i386-win32-vc14-debug:string.obj
 0001:000195b0       _pj_stristr                0041a5b0 f   pjlib-i386-win32-vc14-debug:string.obj
 0001:00019620       _pj_strltrim               0041a620 f   pjlib-i386-win32-vc14-debug:string.obj
 0001:00019690       _pj_strrtrim               0041a690 f   pjlib-i386-win32-vc14-debug:string.obj
 0001:00019700       _pj_strtrim                0041a700 f   pjlib-i386-win32-vc14-debug:string.obj
 0001:00019720       _pj_create_random_string   0041a720 f   pjlib-i386-win32-vc14-debug:string.obj
 0001:00019820       _pj_strtol                 0041a820 f   pjlib-i386-win32-vc14-debug:string.obj
 0001:000198e0       _pj_strtol2                0041a8e0 f   pjlib-i386-win32-vc14-debug:string.obj
 0001:00019a80       _pj_strtoul                0041aa80 f   pjlib-i386-win32-vc14-debug:string.obj
 0001:00019b00       _pj_strtoul2               0041ab00 f   pjlib-i386-win32-vc14-debug:string.obj
 0001:00019c30       _pj_strtoul3               0041ac30 f   pjlib-i386-win32-vc14-debug:string.obj
 0001:00019e90       _pj_strtof                 0041ae90 f   pjlib-i386-win32-vc14-debug:string.obj
 0001:0001a000       _pj_utoa                   0041b000 f   pjlib-i386-win32-vc14-debug:string.obj
 0001:0001a020       _pj_utoa_pad               0041b020 f   pjlib-i386-win32-vc14-debug:string.obj
 0001:0001a850       _pj_get_os_error           0041b850 f   pjlib-i386-win32-vc14-debug:os_error_win32.obj
 0001:0001a880       _pj_set_os_error           0041b880 f   pjlib-i386-win32-vc14-debug:os_error_win32.obj
 0001:0001a8b0       _pj_get_netos_error        0041b8b0 f   pjlib-i386-win32-vc14-debug:os_error_win32.obj
 0001:0001a8e0       _pj_set_netos_error        0041b8e0 f   pjlib-i386-win32-vc14-debug:os_error_win32.obj
 0001:0001a930       _platform_strerror         0041b930 f   pjlib-i386-win32-vc14-debug:os_error_win32.obj
 0001:0001ab50       _pj_file_exists            0041bb50 f   pjlib-i386-win32-vc14-debug:file_access_win32.obj
 0001:0001abc0       _pj_file_size              0041bbc0 f   pjlib-i386-win32-vc14-debug:file_access_win32.obj
 0001:0001ac50       _pj_file_delete            0041bc50 f   pjlib-i386-win32-vc14-debug:file_access_win32.obj
 0001:0001ace0       _pj_file_move              0041bce0 f   pjlib-i386-win32-vc14-debug:file_access_win32.obj
 0001:0001ad80       _pj_file_getstat           0041bd80 f   pjlib-i386-win32-vc14-debug:file_access_win32.obj
 0001:0001b330       _pj_file_open              0041c330 f   pjlib-i386-win32-vc14-debug:file_io_win32.obj
 0001:0001b500       _pj_file_close             0041c500 f   pjlib-i386-win32-vc14-debug:file_io_win32.obj
 0001:0001b560       _pj_file_write             0041c560 f   pjlib-i386-win32-vc14-debug:file_io_win32.obj
 0001:0001b5e0       _pj_file_read              0041c5e0 f   pjlib-i386-win32-vc14-debug:file_io_win32.obj
 0001:0001b660       _pj_file_setpos            0041c660 f   pjlib-i386-win32-vc14-debug:file_io_win32.obj
 0001:0001b730       _pj_file_getpos            0041c730 f   pjlib-i386-win32-vc14-debug:file_io_win32.obj
 0001:0001b7a0       _pj_file_flush             0041c7a0 f   pjlib-i386-win32-vc14-debug:file_io_win32.obj
 0001:0001ba20       _pj_GUID_STRING_LENGTH     0041ca20 f   pjlib-i386-win32-vc14-debug:guid_win32.obj
 0001:0001ba30       _pj_generate_unique_string 0041ca30 f   pjlib-i386-win32-vc14-debug:guid_win32.obj
 0001:0001bbc0       _pj_exception_id_alloc     0041cbc0 f   pjlib-i386-win32-vc14-debug:except.obj
 0001:0001bc20       _pj_exception_id_free      0041cc20 f   pjlib-i386-win32-vc14-debug:except.obj
 0001:0001bc80       _pj_exception_id_name      0041cc80 f   pjlib-i386-win32-vc14-debug:except.obj
 0001:0001bd00       _pj_throw_exception_       0041cd00 f   pjlib-i386-win32-vc14-debug:except.obj
 0001:0001bd80       _pj_push_exception_handler_ 0041cd80 f   pjlib-i386-win32-vc14-debug:except.obj
 0001:0001be00       _pj_pop_exception_handler_ 0041ce00 f   pjlib-i386-win32-vc14-debug:except.obj
 0001:0001bf50       _pj_get_version            0041cf50 f   pjlib-i386-win32-vc14-debug:config.obj
 0001:0001bf60       _pj_dump_config            0041cf60 f   pjlib-i386-win32-vc14-debug:config.obj
 0001:0001c5b0       _pj_list_insert_before     0041d5b0 f   pjlib-i386-win32-vc14-debug:list.obj
 0001:0001c5d0       _pj_list_insert_nodes_before 0041d5d0 f   pjlib-i386-win32-vc14-debug:list.obj
 0001:0001c5f0       _pj_list_insert_after      0041d5f0 f   pjlib-i386-win32-vc14-debug:list.obj
 0001:0001c620       _pj_list_insert_nodes_after 0041d620 f   pjlib-i386-win32-vc14-debug:list.obj
 0001:0001c660       _pj_list_merge_first       0041d660 f   pjlib-i386-win32-vc14-debug:list.obj
 0001:0001c6b0       _pj_list_merge_last        0041d6b0 f   pjlib-i386-win32-vc14-debug:list.obj
 0001:0001c700       _pj_list_erase             0041d700 f   pjlib-i386-win32-vc14-debug:list.obj
 0001:0001c730       _pj_list_find_node         0041d730 f   pjlib-i386-win32-vc14-debug:list.obj
 0001:0001c780       _pj_list_search            0041d780 f   pjlib-i386-win32-vc14-debug:list.obj
 0001:0001c7e0       _pj_list_size              0041d7e0 f   pjlib-i386-win32-vc14-debug:list.obj
 0001:0001c910       _pj_lock_create_simple_mutex 0041d910 f   pjlib-i386-win32-vc14-debug:lock.obj
 0001:0001c930       _pj_lock_create_recursive_mutex 0041d930 f   pjlib-i386-win32-vc14-debug:lock.obj
 0001:0001c950       _pj_lock_create_null_mutex 0041d950 f   pjlib-i386-win32-vc14-debug:lock.obj
 0001:0001c990       _pj_lock_create_semaphore  0041d990 f   pjlib-i386-win32-vc14-debug:lock.obj
 0001:0001ca50       _pj_lock_acquire           0041da50 f   pjlib-i386-win32-vc14-debug:lock.obj
 0001:0001caa0       _pj_lock_tryacquire        0041daa0 f   pjlib-i386-win32-vc14-debug:lock.obj
 0001:0001caf0       _pj_lock_release           0041daf0 f   pjlib-i386-win32-vc14-debug:lock.obj
 0001:0001cb40       _pj_lock_destroy           0041db40 f   pjlib-i386-win32-vc14-debug:lock.obj
 0001:0001cb90       _pj_grp_lock_config_default 0041db90 f   pjlib-i386-win32-vc14-debug:lock.obj
 0001:0001cbb0       _pj_grp_lock_create        0041dbb0 f   pjlib-i386-win32-vc14-debug:lock.obj
 0001:0001cd30       _pj_grp_lock_create_w_handler 0041dd30 f   pjlib-i386-win32-vc14-debug:lock.obj
 0001:0001cd80       _pj_grp_lock_destroy       0041dd80 f   pjlib-i386-win32-vc14-debug:lock.obj
 0001:0001cda0       _pj_grp_lock_replace       0041dda0 f   pjlib-i386-win32-vc14-debug:lock.obj
 0001:0001ce30       _pj_grp_lock_acquire       0041de30 f   pjlib-i386-win32-vc14-debug:lock.obj
 0001:0001ce50       _pj_grp_lock_tryacquire    0041de50 f   pjlib-i386-win32-vc14-debug:lock.obj
 0001:0001ce70       _pj_grp_lock_release       0041de70 f   pjlib-i386-win32-vc14-debug:lock.obj
 0001:0001ce90       _pj_grp_lock_add_handler   0041de90 f   pjlib-i386-win32-vc14-debug:lock.obj
 0001:0001ceb0       _pj_grp_lock_del_handler   0041deb0 f   pjlib-i386-win32-vc14-debug:lock.obj
 0001:0001cf20       _pj_grp_lock_add_ref       0041df20 f   pjlib-i386-win32-vc14-debug:lock.obj
 0001:0001cf40       _pj_grp_lock_dec_ref       0041df40 f   pjlib-i386-win32-vc14-debug:lock.obj
 0001:0001cf60       _pj_grp_lock_get_ref       0041df60 f   pjlib-i386-win32-vc14-debug:lock.obj
 0001:0001cf80       _pj_grp_lock_dump          0041df80 f   pjlib-i386-win32-vc14-debug:lock.obj
 0001:0001cf90       _pj_grp_lock_chain_lock    0041df90 f   pjlib-i386-win32-vc14-debug:lock.obj
 0001:0001d050       _pj_grp_lock_unchain_lock  0041e050 f   pjlib-i386-win32-vc14-debug:lock.obj
 0001:0001da50       _pj_pool_create_on_buf     0041ea50 f   pjlib-i386-win32-vc14-debug:pool_buf.obj
 0001:0001dc80       _pj_log_write              0041ec80 f   pjlib-i386-win32-vc14-debug:log_writer_stdout.obj
 0001:0001dd40       _pj_gettimeofday           0041ed40 f   pjlib-i386-win32-vc14-debug:os_time_win32.obj
 0001:0001ddf0       _pj_time_decode            0041edf0 f   pjlib-i386-win32-vc14-debug:os_time_win32.obj
 0001:0001dec0       _pj_time_encode            0041eec0 f   pjlib-i386-win32-vc14-debug:os_time_win32.obj
 0001:0001e120       _pj_srand                  0041f120 f   pjlib-i386-win32-vc14-debug:rand.obj
 0001:0001e140       _pj_rand                   0041f140 f   pjlib-i386-win32-vc14-debug:rand.obj
 0001:0001e1a0       _pj_ntohs                  0041f1a0 f   pjlib-i386-win32-vc14-debug:sock_bsd.obj
 0001:0001e1b0       _pj_htons                  0041f1b0 f   pjlib-i386-win32-vc14-debug:sock_bsd.obj
 0001:0001e1c0       _pj_ntohl                  0041f1c0 f   pjlib-i386-win32-vc14-debug:sock_bsd.obj
 0001:0001e1d0       _pj_htonl                  0041f1d0 f   pjlib-i386-win32-vc14-debug:sock_bsd.obj
 0001:0001e1e0       _pj_inet_ntoa              0041f1e0 f   pjlib-i386-win32-vc14-debug:sock_bsd.obj
 0001:0001e210       _pj_inet_aton              0041f210 f   pjlib-i386-win32-vc14-debug:sock_bsd.obj
 0001:0001e2f0       _pj_inet_pton              0041f2f0 f   pjlib-i386-win32-vc14-debug:sock_bsd.obj
 0001:0001e4d0       _pj_inet_ntop              0041f4d0 f   pjlib-i386-win32-vc14-debug:sock_bsd.obj
 0001:0001e690       _pj_gethostname            0041f690 f   pjlib-i386-win32-vc14-debug:sock_bsd.obj
 0001:0001e710       _pj_sock_socket            0041f710 f   pjlib-i386-win32-vc14-debug:sock_bsd.obj
 0001:0001e820       _pj_sock_close             0041f820 f   pjlib-i386-win32-vc14-debug:sock_bsd.obj
 0001:0001e8a0       _pj_sock_bind              0041f8a0 f   pjlib-i386-win32-vc14-debug:sock_bsd.obj
 0001:0001e950       _pj_sock_bind_in           0041f950 f   pjlib-i386-win32-vc14-debug:sock_bsd.obj
 0001:0001e9d0       _pj_sock_listen            0041f9d0 f   pjlib-i386-win32-vc14-debug:sock_bsd.obj
 0001:0001ea50       _pj_sock_accept            0041fa50 f   pjlib-i386-win32-vc14-debug:sock_bsd.obj
 0001:0001eb00       _pj_sock_connect           0041fb00 f   pjlib-i386-win32-vc14-debug:sock_bsd.obj
 0001:0001eb80       _pj_sock_getpeername       0041fb80 f   pjlib-i386-win32-vc14-debug:sock_bsd.obj
 0001:0001ec00       _pj_sock_getsockname       0041fc00 f   pjlib-i386-win32-vc14-debug:sock_bsd.obj
 0001:0001ec80       _pj_sock_getsockopt        0041fc80 f   pjlib-i386-win32-vc14-debug:sock_bsd.obj
 0001:0001ed40       _pj_sock_setsockopt        0041fd40 f   pjlib-i386-win32-vc14-debug:sock_bsd.obj
 0001:0001edf0       _pj_sock_setsockopt_params 0041fdf0 f   pjlib-i386-win32-vc14-debug:sock_bsd.obj
 0001:0001ef00       _pj_sock_recv              0041ff00 f   pjlib-i386-win32-vc14-debug:sock_bsd.obj
 0001:0001efc0       _pj_sock_recvfrom          0041ffc0 f   pjlib-i386-win32-vc14-debug:sock_bsd.obj
 0001:0001f090       _pj_sock_send              00420090 f   pjlib-i386-win32-vc14-debug:sock_bsd.obj
 0001:0001f150       _pj_sock_sendto            00420150 f   pjlib-i386-win32-vc14-debug:sock_bsd.obj
 0001:0001f210       _pj_sock_shutdown          00420210 f   pjlib-i386-win32-vc14-debug:sock_bsd.obj
 0001:0001f720       _pj_ioqueue_name           00420720 f   pjlib-i386-win32-vc14-debug:ioqueue_select.obj
 0001:0001f730       _pj_ioqueue_create         00420730 f   pjlib-i386-win32-vc14-debug:ioqueue_select.obj
 0001:0001f9b0       _pj_ioqueue_destroy        004209b0 f   pjlib-i386-win32-vc14-debug:ioqueue_select.obj
 0001:0001fab0       _pj_ioqueue_set_lock       00420ab0 f   pjlib-i386-win32-vc14-debug:ioqueue_select.obj
 0001:0001fb20       _pj_ioqueue_set_default_concurrency 00420b20 f   pjlib-i386-win32-vc14-debug:ioqueue_select.obj
 0001:0001fb60       _pj_ioqueue_register_sock  00420b60 f   pjlib-i386-win32-vc14-debug:ioqueue_select.obj
 0001:0001fb90       _pj_ioqueue_register_sock2 00420b90 f   pjlib-i386-win32-vc14-debug:ioqueue_select.obj
 0001:0001fdb0       _pj_ioqueue_unregister     00420db0 f   pjlib-i386-win32-vc14-debug:ioqueue_select.obj
 0001:0001ff70       _pj_ioqueue_get_user_data  00420f70 f   pjlib-i386-win32-vc14-debug:ioqueue_select.obj
 0001:0001ffb0       _pj_ioqueue_set_user_data  00420fb0 f   pjlib-i386-win32-vc14-debug:ioqueue_select.obj
 0001:00020000       _pj_ioqueue_set_concurrency 00421000 f   pjlib-i386-win32-vc14-debug:ioqueue_select.obj
 0001:00020080       _pj_ioqueue_lock_key       00421080 f   pjlib-i386-win32-vc14-debug:ioqueue_select.obj
 0001:000200b0       _pj_ioqueue_trylock_key    004210b0 f   pjlib-i386-win32-vc14-debug:ioqueue_select.obj
 0001:000200e0       _pj_ioqueue_unlock_key     004210e0 f   pjlib-i386-win32-vc14-debug:ioqueue_select.obj
 0001:00020110       _pj_ioqueue_op_key_init    00421110 f   pjlib-i386-win32-vc14-debug:ioqueue_select.obj
 0001:00020130       _pj_ioqueue_is_pending     00421130 f   pjlib-i386-win32-vc14-debug:ioqueue_select.obj
 0001:00020160       _pj_ioqueue_post_completion 00421160 f   pjlib-i386-win32-vc14-debug:ioqueue_select.obj
 0001:000202c0       _pj_ioqueue_accept         004212c0 f   pjlib-i386-win32-vc14-debug:ioqueue_select.obj
 0001:00020470       _pj_ioqueue_connect        00421470 f   pjlib-i386-win32-vc14-debug:ioqueue_select.obj
 0001:000205a0       _pj_ioqueue_poll           004215a0 f   pjlib-i386-win32-vc14-debug:ioqueue_select.obj
 0001:00020b40       _pj_ioqueue_recv           00421b40 f   pjlib-i386-win32-vc14-debug:ioqueue_select.obj
 0001:00020cd0       _pj_ioqueue_recvfrom       00421cd0 f   pjlib-i386-win32-vc14-debug:ioqueue_select.obj
 0001:00020e80       _pj_ioqueue_send           00421e80 f   pjlib-i386-win32-vc14-debug:ioqueue_select.obj
 0001:00021050       _pj_ioqueue_sendto         00422050 f   pjlib-i386-win32-vc14-debug:ioqueue_select.obj
 0001:000216a0       _ioqueue_dispatch_write_event 004226a0 f   pjlib-i386-win32-vc14-debug:ioqueue_select.obj
 0001:00021a60       _ioqueue_dispatch_read_event 00422a60 f   pjlib-i386-win32-vc14-debug:ioqueue_select.obj
 0001:00021d90       _ioqueue_dispatch_exception_event 00422d90 f   pjlib-i386-win32-vc14-debug:ioqueue_select.obj
 0001:00022c00       _pj_time_val_normalize     00423c00 f   pjlib-i386-win32-vc14-debug:types.obj
 0001:00022d20       _PJ_FD_ZERO                00423d20 f   pjlib-i386-win32-vc14-debug:sock_select.obj
 0001:00022d60       _PJ_FD_COUNT               00423d60 f   pjlib-i386-win32-vc14-debug:sock_select.obj
 0001:00022d80       _PJ_FD_SET                 00423d80 f   pjlib-i386-win32-vc14-debug:sock_select.obj
 0001:00022e70       _PJ_FD_CLR                 00423e70 f   pjlib-i386-win32-vc14-debug:sock_select.obj
 0001:00022f70       _PJ_FD_ISSET               00423f70 f   pjlib-i386-win32-vc14-debug:sock_select.obj
 0001:00022fb0       _pj_sock_select            00423fb0 f   pjlib-i386-win32-vc14-debug:sock_select.obj
 0001:0002314c       _CoCreateGuid@4            0042414c f   ole32:ole32.dll
 0001:00023152       _WSAStartup@8              00424152 f   ws2_32:WS2_32.dll
 0001:00023158       _WSACleanup@0              00424158 f   ws2_32:WS2_32.dll
 0001:0002315e       _WSAGetLastError@0         0042415e f   ws2_32:WS2_32.dll
 0001:00023164       _WSASetLastError@4         00424164 f   ws2_32:WS2_32.dll
 0001:0002316a       _accept@12                 0042416a f   ws2_32:WS2_32.dll
 0001:00023170       _bind@12                   00424170 f   ws2_32:WS2_32.dll
 0001:00023176       _closesocket@4             00424176 f   ws2_32:WS2_32.dll
 0001:0002317c       _connect@12                0042417c f   ws2_32:WS2_32.dll
 0001:00023182       _getpeername@12            00424182 f   ws2_32:WS2_32.dll
 0001:00023188       _getsockname@12            00424188 f   ws2_32:WS2_32.dll
 0001:0002318e       _getsockopt@20             0042418e f   ws2_32:WS2_32.dll
 0001:00023194       _htonl@4                   00424194 f   ws2_32:WS2_32.dll
 0001:0002319a       _htons@4                   0042419a f   ws2_32:WS2_32.dll
 0001:000231a0       _inet_addr@4               004241a0 f   ws2_32:WS2_32.dll
 0001:000231a6       _inet_ntoa@4               004241a6 f   ws2_32:WS2_32.dll
 0001:000231ac       _listen@8                  004241ac f   ws2_32:WS2_32.dll
 0001:000231b2       _ntohl@4                   004241b2 f   ws2_32:WS2_32.dll
 0001:000231b8       _ntohs@4                   004241b8 f   ws2_32:WS2_32.dll
 0001:000231be       _recv@16                   004241be f   ws2_32:WS2_32.dll
 0001:000231c4       _recvfrom@24               004241c4 f   ws2_32:WS2_32.dll
 0001:000231ca       _send@16                   004241ca f   ws2_32:WS2_32.dll
 0001:000231d0       _sendto@24                 004241d0 f   ws2_32:WS2_32.dll
 0001:000231d6       _setsockopt@20             004241d6 f   ws2_32:WS2_32.dll
 0001:000231dc       _shutdown@8                004241dc f   ws2_32:WS2_32.dll
 0001:000231e2       _gethostname@8             004241e2 f   ws2_32:WS2_32.dll
 0001:000231e8       _WSAIoctl@36               004241e8 f   ws2_32:WS2_32.dll
 0001:000231ee       _WSASocketA@24             004241ee f   ws2_32:WS2_32.dll
 0001:000231f4       _WSAAddressToStringA@20    004241f4 f   ws2_32:WS2_32.dll
 0001:000231fa       _WSAStringToAddressA@20    004241fa f   ws2_32:WS2_32.dll
 0001:00023200       _ioctlsocket@12            00424200 f   ws2_32:WS2_32.dll
 0001:00023206       ___WSAFDIsSet@8            00424206 f   ws2_32:WS2_32.dll
 0001:0002320c       _select@20                 0042420c f   ws2_32:WS2_32.dll
 0001:00023220       ___raise_securityfailure   00424220 f   LIBCMTD:gs_report.obj
 0001:00023260       ___report_gsfailure        00424260 f   LIBCMTD:gs_report.obj
 0001:000233b0       ___report_rangecheckfailure 004243b0 f   LIBCMTD:gs_report.obj
 0001:000233c0       ___report_securityfailure  004243c0 f   LIBCMTD:gs_report.obj
 0001:000234d0       ___report_securityfailureEx 004244d0 f   LIBCMTD:gs_report.obj
 0001:00023640       @__security_check_cookie@4 00424640 f   LIBCMTD:_secchk_.obj
 0001:00023660       __allmul                   00424660 f   LIBCMTD:llmul.obj
 0001:000236b0       __aulldiv                  004246b0 f   LIBCMTD:ulldiv.obj
 0001:00023b20       ?configure_argv@__scrt_narrow_argv_policy@@SAHXZ 00424b20 f i LIBCMTD:exe_main.obj
 0001:00023b40       ?get_app_type@__scrt_main_policy@@SA?AW4_crt_app_type@@XZ 00424b40 f i LIBCMTD:exe_main.obj
 0001:00023b90       _mainCRTStartup            00424b90 f   LIBCMTD:exe_main.obj
 0001:00023ba0       __ftoui3                   00424ba0 f   LIBCMTD:_ftol3_.obj
 0001:00023baf       __ftoul3                   00424baf f   LIBCMTD:_ftol3_.obj
 0001:00023bbe       __ftol3                    00424bbe f   LIBCMTD:_ftol3_.obj
 0001:00023bcb       __ftol3_NaN                00424bcb f   LIBCMTD:_ftol3_.obj
 0001:00023be3       __ftol3_work               00424be3 f   LIBCMTD:_ftol3_.obj
 0001:00023c69       __ftol3_common             00424c69 f   LIBCMTD:_ftol3_.obj
 0001:00023d2b       __ftol3_arg_error          00424d2b f   LIBCMTD:_ftol3_.obj
 0001:00023d3d       __ftol3_except             00424d3d f   LIBCMTD:_ftol3_.obj
 0001:00023d81       __dtoui3                   00424d81 f   LIBCMTD:_ftol3_.obj
 0001:00023d90       __dtoul3                   00424d90 f   LIBCMTD:_ftol3_.obj
 0001:00023d9f       __dtol3                    00424d9f f   LIBCMTD:_ftol3_.obj
 0001:00023dac       __dtol3_NaN                00424dac f   LIBCMTD:_ftol3_.obj
 0001:00023dc9       __dtol3_work               00424dc9 f   LIBCMTD:_ftol3_.obj
 0001:00023eb0       __ultod3                   00424eb0 f   LIBCMTD:_ftol3_.obj
 0001:00023ef0       __ltod3                    00424ef0 f   LIBCMTD:_ftol3_.obj
 0001:00024000       __alldiv                   00425000 f   LIBCMTD:lldiv.obj
 0001:000240e0       __chkstk                   004250e0 f   LIBCMTD:chkstk.obj
 0001:000240e0       __alloca_probe             004250e0 f   LIBCMTD:chkstk.obj
 0001:00024120       __allshl                   00425120 f   LIBCMTD:llshl.obj
 0001:00024150       __allshr                   00425150 f   LIBCMTD:llshr.obj
 0001:00024180       ??$__crt_fast_decode_pointer@PAP6AXXZ@@YAPAP6AXXZQAP6AXXZ@Z 00425180 f i LIBCMTD:utility.obj
 0001:000241b0       ??$__crt_fast_encode_pointer@PAP6AXXZ@@YAPAP6AXXZQAP6AXXZ@Z 004251b0 f i LIBCMTD:utility.obj
 0001:000241f0       ?__crt_rotate_pointer_value@@YAIIH@Z 004251f0 f i LIBCMTD:utility.obj
 0001:00024340       _NtCurrentTeb              00425340 f i LIBCMTD:utility.obj
 0001:00024350       ___scrt_acquire_startup_lock 00425350 f   LIBCMTD:utility.obj
 0001:000243b0       ___scrt_dllmain_after_initialize_c 004253b0 f   LIBCMTD:utility.obj
 0001:000243e0       ___scrt_dllmain_before_initialize_c 004253e0 f   LIBCMTD:utility.obj
 0001:00024410       ___scrt_dllmain_crt_thread_attach 00425410 f   LIBCMTD:utility.obj
 0001:00024450       ___scrt_dllmain_crt_thread_detach 00425450 f   LIBCMTD:utility.obj
 0001:00024470       ___scrt_dllmain_exception_filter 00425470 f   LIBCMTD:utility.obj
 0001:000244d0       ___scrt_dllmain_uninitialize_c 004254d0 f   LIBCMTD:utility.obj
 0001:00024510       ___scrt_dllmain_uninitialize_critical 00425510 f   LIBCMTD:utility.obj
 0001:00024530       ___scrt_initialize_crt     00425530 f   LIBCMTD:utility.obj
 0001:00024590       ___scrt_initialize_onexit_tables 00425590 f   LIBCMTD:utility.obj
 0001:00024690       ___scrt_is_nonwritable_in_current_image 00425690 f   LIBCMTD:utility.obj
 0001:00024810       ___scrt_release_startup_lock 00425810 f   LIBCMTD:utility.obj
 0001:00024840       ___scrt_uninitialize_crt   00425840 f   LIBCMTD:utility.obj
 0001:00024890       __onexit                   00425890 f   LIBCMTD:utility.obj
 0001:00024920       _at_quick_exit             00425920 f   LIBCMTD:utility.obj
 0001:00024980       _atexit                    00425980 f   LIBCMTD:utility.obj
 0001:000249c0       ___security_init_cookie    004259c0 f   LIBCMTD:gs_support.obj
 0001:00024ae0       __matherr                  00425ae0 f   LIBCMTD:matherr.obj
 0001:00024af0       __get_startup_argv_mode    00425af0 f   LIBCMTD:argv_mode.obj
 0001:00024b00       __get_startup_commit_mode  00425b00 f   LIBCMTD:commit_mode.obj
 0001:00024b10       __get_startup_file_mode    00425b10 f   LIBCMTD:file_mode.obj
 0001:00024b20       __get_startup_new_mode     00425b20 f   LIBCMTD:new_mode.obj
 0001:00024b30       __get_startup_thread_locale_mode 00425b30 f   LIBCMTD:thread_locale.obj
 0001:00024b40       ?__scrt_initialize_type_info@@YAXXZ 00425b40 f   LIBCMTD:tncleanup.obj
 0001:00024b60       ?__scrt_uninitialize_type_info@@YAXXZ 00425b60 f   LIBCMTD:tncleanup.obj
 0001:00024b80       __initialize_default_precision 00425b80 f   LIBCMTD:default_precision.obj
 0001:00024bb0       __initialize_invalid_parameter_handler 00425bb0 f   LIBCMTD:invalid_parameter_handler.obj
 0001:00024bc0       __initialize_denormal_control 00425bc0 f   LIBCMTD:denormal_control.obj
 0001:00024bd0       ___scrt_initialize_default_local_stdio_options 00425bd0 f   LIBCMTD:default_local_stdio_options.obj
 0001:00024c20       ___scrt_is_user_matherr_present 00425c20 f   LIBCMTD:matherr_detection.obj
 0001:00024c50       ___scrt_get_dyn_tls_init_callback 00425c50 f   LIBCMTD:dyn_tls_init.obj
 0001:00024c60       ___scrt_get_dyn_tls_dtor_callback 00425c60 f   LIBCMTD:dyn_tls_dtor.obj
 0001:00024c70       ___scrt_fastfail           00425c70 f   LIBCMTD:utility_desktop.obj
 0001:00024e00       ___scrt_get_show_window_mode 00425e00 f   LIBCMTD:utility_desktop.obj
 0001:00024e50       ___scrt_initialize_winrt   00425e50 f   LIBCMTD:utility_desktop.obj
 0001:00024e60       ___scrt_is_managed_app     00425e60 f   LIBCMTD:utility_desktop.obj
 0001:00024f10       ___scrt_set_unhandled_exception_filter 00425f10 f   LIBCMTD:utility_desktop.obj
 0001:00024f30       ___scrt_unhandled_exception_filter@4 00425f30 f   LIBCMTD:utility_desktop.obj
 0001:00024fb0       __crt_debugger_hook        00425fb0 f   LIBCMTD:utility_desktop.obj
 0001:00024fd0       __RTC_Initialize           00425fd0 f   LIBCMTD:_initsect_.obj
 0001:00025010       __RTC_Terminate            00426010 f   LIBCMTD:_initsect_.obj
 0001:00025050       @_guard_check_icall@4      00426050 f i LIBCMTD:checkcfg.obj
 0001:00025070       ___isa_available_init      00426070 f   LIBCMTD:_cpu_disp_.obj
 0001:00025400       ___scrt_is_ucrt_dll_in_use 00426400 f   LIBCMTD:ucrt_detection.obj
 0001:00025430       @_guard_check_icall_nop@4  00426430 f i LIBCMTD:guard_support.obj
 0001:00025440       __guard_icall_checks_enforced 00426440 f i LIBCMTD:guard_support.obj
 0001:00025470       _waveOutGetErrorTextA@12   00426470 f   winmm:WINMM.dll
 0001:00025476       _waveInGetErrorTextA@12    00426476 f   winmm:WINMM.dll
 0001:0002547c       _waveOutGetNumDevs@0       0042647c f   winmm:WINMM.dll
 0001:00025482       _waveOutGetDevCapsA@12     00426482 f   winmm:WINMM.dll
 0001:00025488       _waveOutGetVolume@8        00426488 f   winmm:WINMM.dll
 0001:0002548e       _waveOutSetVolume@8        0042648e f   winmm:WINMM.dll
 0001:00025494       _waveOutOpen@24            00426494 f   winmm:WINMM.dll
 0001:0002549a       _waveOutClose@4            0042649a f   winmm:WINMM.dll
 0001:000254a0       _waveOutPrepareHeader@12   004264a0 f   winmm:WINMM.dll
 0001:000254a6       _waveOutUnprepareHeader@12 004264a6 f   winmm:WINMM.dll
 0001:000254ac       _waveOutWrite@12           004264ac f   winmm:WINMM.dll
 0001:000254b2       _waveOutPause@4            004264b2 f   winmm:WINMM.dll
 0001:000254b8       _waveOutRestart@4          004264b8 f   winmm:WINMM.dll
 0001:000254be       _waveOutReset@4            004264be f   winmm:WINMM.dll
 0001:000254c4       _waveInGetNumDevs@0        004264c4 f   winmm:WINMM.dll
 0001:000254ca       _waveInGetDevCapsA@12      004264ca f   winmm:WINMM.dll
 0001:000254d0       _waveInOpen@24             004264d0 f   winmm:WINMM.dll
 0001:000254d6       _waveInClose@4             004264d6 f   winmm:WINMM.dll
 0001:000254dc       _waveInPrepareHeader@12    004264dc f   winmm:WINMM.dll
 0001:000254e2       _waveInUnprepareHeader@12  004264e2 f   winmm:WINMM.dll
 0001:000254e8       _waveInAddBuffer@12        004264e8 f   winmm:WINMM.dll
 0001:000254ee       _waveInStart@4             004264ee f   winmm:WINMM.dll
 0001:000254f4       _waveInStop@4              004264f4 f   winmm:WINMM.dll
 0001:000254fa       _waveInReset@4             004264fa f   winmm:WINMM.dll
 0001:00025500       _CloseHandle@4             00426500 f   kernel32:KERNEL32.dll
 0001:00025506       _SetEvent@4                00426506 f   kernel32:KERNEL32.dll
 0001:0002550c       _CreateEventA@16           0042650c f   kernel32:KERNEL32.dll
 0001:00025512       _WaitForMultipleObjects@16 00426512 f   kernel32:KERNEL32.dll
 0001:00025518       _GetCurrentThread@0        00426518 f   kernel32:KERNEL32.dll
 0001:0002551e       _SetThreadPriority@8       0042651e f   kernel32:KERNEL32.dll
 0001:00025524       _GetStdHandle@4            00426524 f   kernel32:KERNEL32.dll
 0001:0002552a       _GetLastError@0            0042652a f   kernel32:KERNEL32.dll
 0001:00025530       _InitializeCriticalSection@4 00426530 f   kernel32:KERNEL32.dll
 0001:00025536       _EnterCriticalSection@4    00426536 f   kernel32:KERNEL32.dll
 0001:0002553c       _LeaveCriticalSection@4    0042653c f   kernel32:KERNEL32.dll
 0001:00025542       _TryEnterCriticalSection@4 00426542 f   kernel32:KERNEL32.dll
 0001:00025548       _DeleteCriticalSection@4   00426548 f   kernel32:KERNEL32.dll
 0001:0002554e       _ResetEvent@4              0042654e f   kernel32:KERNEL32.dll
 0001:00025554       _ReleaseSemaphore@12       00426554 f   kernel32:KERNEL32.dll
 0001:0002555a       _WaitForSingleObject@8     0042655a f   kernel32:KERNEL32.dll
 0001:00025560       _Sleep@4                   00426560 f   kernel32:KERNEL32.dll
 0001:00025566       _GetCurrentProcessId@0     00426566 f   kernel32:KERNEL32.dll
 0001:0002556c       _CreateThread@24           0042656c f   kernel32:KERNEL32.dll
 0001:00025572       _GetCurrentThreadId@0      00426572 f   kernel32:KERNEL32.dll
 0001:00025578       _GetThreadPriority@4       00426578 f   kernel32:KERNEL32.dll
 0001:0002557e       _ResumeThread@4            0042657e f   kernel32:KERNEL32.dll
 0001:00025584       _TlsAlloc@0                00426584 f   kernel32:KERNEL32.dll
 0001:0002558a       _TlsGetValue@4             0042658a f   kernel32:KERNEL32.dll
 0001:00025590       _TlsSetValue@8             00426590 f   kernel32:KERNEL32.dll
 0001:00025596       _TlsFree@4                 00426596 f   kernel32:KERNEL32.dll
 0001:0002559c       _PulseEvent@4              0042659c f   kernel32:KERNEL32.dll
 0001:000255a2       _CreateSemaphoreA@16       004265a2 f   kernel32:KERNEL32.dll
 0001:000255a8       _GetConsoleScreenBufferInfo@8 004265a8 f   kernel32:KERNEL32.dll
 0001:000255ae       _SetConsoleTextAttribute@8 004265ae f   kernel32:KERNEL32.dll
 0001:000255b4       _QueryPerformanceCounter@4 004265b4 f   kernel32:KERNEL32.dll
 0001:000255ba       _QueryPerformanceFrequency@4 004265ba f   kernel32:KERNEL32.dll
 0001:000255c0       _SetLastError@4            004265c0 f   kernel32:KERNEL32.dll
 0001:000255c6       _FormatMessageA@28         004265c6 f   kernel32:KERNEL32.dll
 0001:000255cc       _CreateFileA@28            004265cc f   kernel32:KERNEL32.dll
 0001:000255d2       _DeleteFileA@4             004265d2 f   kernel32:KERNEL32.dll
 0001:000255d8       _FileTimeToLocalFileTime@8 004265d8 f   kernel32:KERNEL32.dll
 0001:000255de       _GetFileSize@8             004265de f   kernel32:KERNEL32.dll
 0001:000255e4       _GetFileTime@16            004265e4 f   kernel32:KERNEL32.dll
 0001:000255ea       _MoveFileExA@12            004265ea f   kernel32:KERNEL32.dll
 0001:000255f0       _FileTimeToSystemTime@8    004265f0 f   kernel32:KERNEL32.dll
 0001:000255f6       _FlushFileBuffers@4        004265f6 f   kernel32:KERNEL32.dll
 0001:000255fc       _ReadFile@20               004265fc f   kernel32:KERNEL32.dll
 0001:00025602       _SetFilePointer@16         00426602 f   kernel32:KERNEL32.dll
 0001:00025608       _WriteFile@20              00426608 f   kernel32:KERNEL32.dll
 0001:0002560e       _GetLocalTime@4            0042660e f   kernel32:KERNEL32.dll
 0001:00025614       _SystemTimeToFileTime@8    00426614 f   kernel32:KERNEL32.dll
 0001:0002561a       _UnhandledExceptionFilter@4 0042661a f   kernel32:KERNEL32.dll
 0001:00025620       _SetUnhandledExceptionFilter@4 00426620 f   kernel32:KERNEL32.dll
 0001:00025626       _GetCurrentProcess@0       00426626 f   kernel32:KERNEL32.dll
 0001:0002562c       _TerminateProcess@8        0042662c f   kernel32:KERNEL32.dll
 0001:00025632       _IsProcessorFeaturePresent@4 00426632 f   kernel32:KERNEL32.dll
 0001:00025638       _GetSystemTimeAsFileTime@4 00426638 f   kernel32:KERNEL32.dll
 0001:0002563e       _InitializeSListHead@4     0042663e f   kernel32:KERNEL32.dll
 0001:00025644       _IsDebuggerPresent@0       00426644 f   kernel32:KERNEL32.dll
 0001:0002564a       _GetStartupInfoW@4         0042664a f   kernel32:KERNEL32.dll
 0001:00025650       _GetModuleHandleW@4        00426650 f   kernel32:KERNEL32.dll
 0001:00025660       _memset                    00426660 f   libvcruntimed:memset.obj
 0001:00025810       _memcpy                    00426810 f   libvcruntimed:memcpy.obj
 0001:00025ef0       _memmove                   00426ef0 f   libvcruntimed:memmove.obj
 0001:000265d0       _strchr                    004275d0 f   libvcruntimed:strchr.obj
 0001:0002663e       ___from_strstr_to_strchr   0042763e     libvcruntimed:strchr.obj
 0001:00026750       _memchr                    00427750 f   libvcruntimed:memchr.obj
 0001:00026a40       _memcmp                    00427a40 f   libvcruntimed:_memcmp_.obj
 0001:00027540       _longjmp                   00428540 f   libvcruntimed:longjmpc.obj
 0001:000275f0       _EventDataDescCreate       004285f0 f i libvcruntimed:telemetry.obj
 0001:00027620       _HRESULT_FROM_WIN32        00428620 f i libvcruntimed:telemetry.obj
 0001:00027660       ___telemetry_main_invoke_trigger 00428660 f   libvcruntimed:telemetry.obj
 0001:000277f0       ___telemetry_main_return_trigger 004287f0 f   libvcruntimed:telemetry.obj
 0001:00027980       ___vcrt_initialize_telemetry_provider 00428980 f   libvcruntimed:telemetry.obj
 0001:000279a0       ___vcrt_uninitialize_telemetry_provider 004289a0 f   libvcruntimed:telemetry.obj
 0001:00027a40       __except_handler4          00428a40 f   libvcruntimed:_chandler4_.obj
 0001:00027c90       ___vcrt_initialize         00428c90 f   libvcruntimed:initialization.obj
 0001:00027ce0       ___vcrt_thread_attach      00428ce0 f   libvcruntimed:initialization.obj
 0001:00027d00       ___vcrt_thread_detach      00428d00 f   libvcruntimed:initialization.obj
 0001:00027d20       ___vcrt_uninitialize       00428d20 f   libvcruntimed:initialization.obj
 0001:00027d50       ___vcrt_uninitialize_critical 00428d50 f   libvcruntimed:initialization.obj
 0001:00027db0       ??$?RD@__crt_internal_free_policy@@QBEXQBD@Z 00428db0 f i libvcruntimed:std_type_info.obj
 0001:00027de0       ??$?RX@__crt_internal_free_policy@@QBEXQBX@Z 00428de0 f i libvcruntimed:std_type_info.obj
 0001:00027e10       ??$__crt_interlocked_compare_exchange_pointer@$$CBD$$T$$T@@YAPBDPDSBD$$T1@Z 00428e10 f i libvcruntimed:std_type_info.obj
 0001:00027e30       ??$__crt_interlocked_compare_exchange_pointer@$$CBDPAD$$T@@YAPBDPDSBDQAD$$T@Z 00428e30 f i libvcruntimed:std_type_info.obj
 0001:00027e50       ??$__crt_interlocked_read_pointer@$$CBD@@YAPBDPDSBD@Z 00428e50 f i libvcruntimed:std_type_info.obj
 0001:00027e70       ??0?$__crt_unique_heap_ptr@DU__crt_internal_free_policy@@@@QAE@QAD@Z 00428e70 f i libvcruntimed:std_type_info.obj
 0001:00027e90       ??0?$__crt_unique_heap_ptr@XU__crt_internal_free_policy@@@@QAE@QAX@Z 00428e90 f i libvcruntimed:std_type_info.obj
 0001:00027eb0       ??1?$__crt_unique_heap_ptr@DU__crt_internal_free_policy@@@@QAE@XZ 00428eb0 f i libvcruntimed:std_type_info.obj
 0001:00027ed0       ??1?$__crt_unique_heap_ptr@XU__crt_internal_free_policy@@@@QAE@XZ 00428ed0 f i libvcruntimed:std_type_info.obj
 0001:00027f30       ??B?$__crt_unique_heap_ptr@DU__crt_internal_free_policy@@@@QBE_NXZ 00428f30 f i libvcruntimed:std_type_info.obj
 0001:00027f50       ??B?$__crt_unique_heap_ptr@XU__crt_internal_free_policy@@@@QBE_NXZ 00428f50 f i libvcruntimed:std_type_info.obj
 0001:00027fd0       ?detach@?$__crt_unique_heap_ptr@XU__crt_internal_free_policy@@@@QAEPAXXZ 00428fd0 f i libvcruntimed:std_type_info.obj
 0001:00028000       ?get@?$__crt_unique_heap_ptr@DU__crt_internal_free_policy@@@@QBEPADXZ 00429000 f i libvcruntimed:std_type_info.obj
 0001:00028020       ?get@?$__crt_unique_heap_ptr@XU__crt_internal_free_policy@@@@QBEPAXXZ 00429020 f i libvcruntimed:std_type_info.obj
 0001:00028040       ?is_valid@?$__crt_unique_heap_ptr@DU__crt_internal_free_policy@@@@QBE_NXZ 00429040 f i libvcruntimed:std_type_info.obj
 0001:00028080       ?is_valid@?$__crt_unique_heap_ptr@XU__crt_internal_free_policy@@@@QBE_NXZ 00429080 f i libvcruntimed:std_type_info.obj
 0001:000280c0       ?release@?$__crt_unique_heap_ptr@DU__crt_internal_free_policy@@@@QAEXXZ 004290c0 f i libvcruntimed:std_type_info.obj
 0001:000280f0       ?release@?$__crt_unique_heap_ptr@XU__crt_internal_free_policy@@@@QAEXXZ 004290f0 f i libvcruntimed:std_type_info.obj
 0001:00028120       ___std_type_info_compare   00429120 f   libvcruntimed:std_type_info.obj
 0001:00028150       ___std_type_info_destroy_list 00429150 f   libvcruntimed:std_type_info.obj
 0001:000281a0       ___std_type_info_hash      004291a0 f   libvcruntimed:std_type_info.obj
 0001:00028210       ___std_type_info_name      00429210 f   libvcruntimed:std_type_info.obj
 0001:00028460       ___longjmp_internal        00429460 f   libvcruntimed:_longjmp_.obj
 0001:00028540       ___except_validate_context_record 00429540 f   libvcruntimed:jbcxrval.obj
 0001:000285a0       ___except_validate_jump_buffer 004295a0 f   libvcruntimed:jbcxrval.obj
 0001:00028600       ??$?BX@__crt_fast_encoded_nullptr_t@@QBEPAXXZ 00429600 f i libvcruntimed:winapi_downlevel.obj
 0001:00028620       ??$__crt_fast_decode_pointer@PAX@@YAPAXQAX@Z 00429620 f i libvcruntimed:winapi_downlevel.obj
 0001:00028650       ??$__crt_fast_encode_pointer@PAX@@YAPAXQAX@Z 00429650 f i libvcruntimed:winapi_downlevel.obj
 0001:00028690       ??$__crt_interlocked_compare_exchange_pointer@UHINSTANCE__@@$$T$$T@@YAPAUHINSTANCE__@@PDSAU0@$$T1@Z 00429690 f i libvcruntimed:winapi_downlevel.obj
 0001:000286b0       ??$__crt_interlocked_compare_exchange_pointer@X$$T$$T@@YAPAXPDSAX$$T1@Z 004296b0 f i libvcruntimed:winapi_downlevel.obj
 0001:000286d0       ??$__crt_interlocked_exchange_pointer@UHINSTANCE__@@PAU1@@@YAPAUHINSTANCE__@@PDSAU0@QAU0@@Z 004296d0 f i libvcruntimed:winapi_downlevel.obj
 0001:000286e0       ??$__crt_interlocked_exchange_pointer@UHINSTANCE__@@PAX@@YAPAUHINSTANCE__@@PDSAU0@QAX@Z 004296e0 f i libvcruntimed:winapi_downlevel.obj
 0001:000286f0       ??$__crt_interlocked_exchange_pointer@XPAX@@YAPAXPDSAXQAX@Z 004296f0 f i libvcruntimed:winapi_downlevel.obj
 0001:00028700       ??$__crt_interlocked_read_pointer@UHINSTANCE__@@@@YAPAUHINSTANCE__@@PDSAU0@@Z 00429700 f i libvcruntimed:winapi_downlevel.obj
 0001:00028720       ??$__crt_interlocked_read_pointer@X@@YAPAXPDSAX@Z 00429720 f i libvcruntimed:winapi_downlevel.obj
 0001:00028740       ?__crt_fast_encode_pointer@@YA?AU__crt_fast_encoded_nullptr_t@@$$T@Z 00429740 f i libvcruntimed:winapi_downlevel.obj
 0001:00028cd0       ___vcrt_EventRegister      00429cd0 f   libvcruntimed:winapi_downlevel.obj
 0001:00028d20       ___vcrt_EventSetInformation 00429d20 f   libvcruntimed:winapi_downlevel.obj
 0001:00028d80       ___vcrt_EventUnregister    00429d80 f   libvcruntimed:winapi_downlevel.obj
 0001:00028dd0       ___vcrt_EventWriteTransfer 00429dd0 f   libvcruntimed:winapi_downlevel.obj
 0001:00028e30       ___vcrt_FlsAlloc           00429e30 f   libvcruntimed:winapi_downlevel.obj
 0001:00028e80       ___vcrt_FlsFree            00429e80 f   libvcruntimed:winapi_downlevel.obj
 0001:00028ed0       ___vcrt_FlsGetValue        00429ed0 f   libvcruntimed:winapi_downlevel.obj
 0001:00028f20       ___vcrt_FlsSetValue        00429f20 f   libvcruntimed:winapi_downlevel.obj
 0001:00028f80       ___vcrt_InitializeCriticalSectionEx 00429f80 f   libvcruntimed:winapi_downlevel.obj
 0001:00028fe0       ___vcrt_initialize_winapi_thunks 00429fe0 f   libvcruntimed:winapi_downlevel.obj
 0001:00029060       ___vcrt_uninitialize_winapi_thunks 0042a060 f   libvcruntimed:winapi_downlevel.obj
 0001:000290f0       __local_unwind4            0042a0f0 f   libvcruntimed:_exsup4_.obj
 0001:000291c6       __seh_longjmp_unwind4@4    0042a1c6 f   libvcruntimed:_exsup4_.obj
 0001:000291ee       @_EH4_CallFilterFunc@8     0042a1ee f   libvcruntimed:_exsup4_.obj
 0001:00029205       @_EH4_TransferToHandler@8  0042a205 f   libvcruntimed:_exsup4_.obj
 0001:0002921e       @_EH4_GlobalUnwind2@8      0042a21e f   libvcruntimed:_exsup4_.obj
 0001:00029237       @_EH4_LocalUnwind@16       0042a237 f   libvcruntimed:_exsup4_.obj
 0001:000292b0       ??$?RU__vcrt_ptd@@@__crt_internal_free_policy@@QBEXQBU__vcrt_ptd@@@Z 0042a2b0 f i libvcruntimed:per_thread_data.obj
 0001:000292e0       ??0?$__crt_unique_heap_ptr@U__vcrt_ptd@@U__crt_internal_free_policy@@@@QAE@QAU__vcrt_ptd@@@Z 0042a2e0 f i libvcruntimed:per_thread_data.obj
 0001:00029300       ??1?$__crt_unique_heap_ptr@U__vcrt_ptd@@U__crt_internal_free_policy@@@@QAE@XZ 0042a300 f i libvcruntimed:per_thread_data.obj
 0001:00029320       ??B?$__crt_unique_heap_ptr@U__vcrt_ptd@@U__crt_internal_free_policy@@@@QBE_NXZ 0042a320 f i libvcruntimed:per_thread_data.obj
 0001:00029340       ?detach@?$__crt_unique_heap_ptr@U__vcrt_ptd@@U__crt_internal_free_policy@@@@QAEPAU__vcrt_ptd@@XZ 0042a340 f i libvcruntimed:per_thread_data.obj
 0001:00029370       ?get@?$__crt_unique_heap_ptr@U__vcrt_ptd@@U__crt_internal_free_policy@@@@QBEPAU__vcrt_ptd@@XZ 0042a370 f i libvcruntimed:per_thread_data.obj
 0001:00029390       ?is_valid@?$__crt_unique_heap_ptr@U__vcrt_ptd@@U__crt_internal_free_policy@@@@QBE_NXZ 0042a390 f i libvcruntimed:per_thread_data.obj
 0001:000293d0       ?release@?$__crt_unique_heap_ptr@U__vcrt_ptd@@U__crt_internal_free_policy@@@@QAEXXZ 0042a3d0 f i libvcruntimed:per_thread_data.obj
 0001:00029430       ___vcrt_freefls@4          0042a430 f   libvcruntimed:per_thread_data.obj
 0001:00029460       ___vcrt_freeptd            0042a460 f   libvcruntimed:per_thread_data.obj
 0001:000294d0       ___vcrt_getptd             0042a4d0 f   libvcruntimed:per_thread_data.obj
 0001:00029500       ___vcrt_getptd_noexit      0042a500 f   libvcruntimed:per_thread_data.obj
 0001:00029630       ___vcrt_initialize_ptd     0042a630 f   libvcruntimed:per_thread_data.obj
 0001:00029690       ___vcrt_uninitialize_ptd   0042a690 f   libvcruntimed:per_thread_data.obj
 0001:000296d0       ___vcrt_initialize_locks   0042a6d0 f   libvcruntimed:locks.obj
 0001:00029740       ___vcrt_lock               0042a740 f   libvcruntimed:locks.obj
 0001:00029760       ___vcrt_uninitialize_locks 0042a760 f   libvcruntimed:locks.obj
 0001:000297c0       ___vcrt_unlock             0042a7c0 f   libvcruntimed:locks.obj
 0001:000297e0       ??$?B$$A6AXXZ@__crt_fast_encoded_nullptr_t@@QBEP6AXXZXZ 0042a7e0 f i libvcruntimed:purevirt_data.obj
 0001:00029800       ??$__crt_fast_encode_pointer@P6AXXZ@@YAP6AXXZQ6AXXZ@Z 0042a800 f i libvcruntimed:purevirt_data.obj
 0001:00029840       ___vcrt_initialize_pure_virtual_call_handler 0042a840 f   libvcruntimed:purevirt_data.obj
 0001:00029870       ??$__vcrt_va_start_verify_argument_type@QBD@@YAXXZ 0042a870 f i libvcruntimed:undname.obj
 0001:00029880       ??0Block@_HeapManager@@QAE@XZ 0042a880 f i libvcruntimed:undname.obj
 0001:000298a0       ??0DName@@QAE@AAPBDD@Z     0042a8a0 f   libvcruntimed:undname.obj
 0001:00029c10       ??0DName@@QAE@ABV0@@Z      0042ac10 f i libvcruntimed:undname.obj
 0001:00029c40       ??0DName@@QAE@D@Z          0042ac40 f   libvcruntimed:undname.obj
 0001:00029d50       ??0DName@@QAE@PAV0@@Z      0042ad50 f   libvcruntimed:undname.obj
 0001:00029ed0       ??0DName@@QAE@PBD@Z        0042aed0 f   libvcruntimed:undname.obj
 0001:0002a000       ??0DName@@QAE@W4DNameStatus@@@Z 0042b000 f   libvcruntimed:undname.obj
 0001:0002a160       ??0DName@@QAE@XZ           0042b160 f i libvcruntimed:undname.obj
 0001:0002a250       ??0DName@@QAE@_J@Z         0042b250 f   libvcruntimed:undname.obj
 0001:0002a430       ??0DName@@QAE@_K@Z         0042b430 f   libvcruntimed:undname.obj
 0001:0002a5c0       ??0DNameNode@@IAE@XZ       0042b5c0 f   libvcruntimed:undname.obj
 0001:0002a5e0       ??0DNameStatusNode@@AAE@W4DNameStatus@@@Z 0042b5e0 f   libvcruntimed:undname.obj
 0001:0002a650       ??0Replicator@@QAE@XZ      0042b650 f i libvcruntimed:undname.obj
 0001:0002a670       ??0UnDecorator@@QAE@PADPBDHP6APADJ@ZK@Z 0042b670 f i libvcruntimed:undname.obj
 0001:0002a730       ??0charNode@@QAE@D@Z       0042b730 f   libvcruntimed:undname.obj
 0001:0002a770       ??0pDNameNode@@QAE@PAVDName@@@Z 0042b770 f   libvcruntimed:undname.obj
 0001:0002a7f0       ??0pairNode@@QAE@PAVDNameNode@@0@Z 0042b7f0 f   libvcruntimed:undname.obj
 0001:0002a840       ??0pcharNode@@QAE@PBDH@Z   0042b840 f   libvcruntimed:undname.obj
 0001:0002a900       ??2@YAPAXIAAV_HeapManager@@H@Z 0042b900 f i libvcruntimed:undname.obj
 0001:0002a920       ??4DName@@QAEAAV0@ABV0@@Z  0042b920 f   libvcruntimed:undname.obj
 0001:0002a950       ??4DName@@QAEAAV0@D@Z      0042b950 f i libvcruntimed:undname.obj
 0001:0002aa60       ??4DName@@QAEAAV0@PAV0@@Z  0042ba60 f   libvcruntimed:undname.obj
 0001:0002abe0       ??4DName@@QAEAAV0@PBD@Z    0042bbe0 f   libvcruntimed:undname.obj
 0001:0002acf0       ??4DName@@QAEAAV0@W4DNameStatus@@@Z 0042bcf0 f   libvcruntimed:undname.obj
 0001:0002ae30       ??AReplicator@@QBE?AVDName@@H@Z 0042be30 f   libvcruntimed:undname.obj
 0001:0002aeb0       ??BUnDecorator@@QAEPADXZ   0042beb0 f i libvcruntimed:undname.obj
 0001:0002b200       ??H@YA?AVDName@@DABV0@@Z   0042c200 f i libvcruntimed:undname.obj
 0001:0002b240       ??H@YA?AVDName@@PBDABV0@@Z 0042c240 f i libvcruntimed:undname.obj
 0001:0002b280       ??H@YA?AVDName@@W4DNameStatus@@ABV0@@Z 0042c280 f i libvcruntimed:undname.obj
 0001:0002b2c0       ??HDName@@QBE?AV0@ABV0@@Z  0042c2c0 f   libvcruntimed:undname.obj
 0001:0002b310       ??HDName@@QBE?AV0@D@Z      0042c310 f   libvcruntimed:undname.obj
 0001:0002b360       ??HDName@@QBE?AV0@PAV0@@Z  0042c360 f   libvcruntimed:undname.obj
 0001:0002b3b0       ??HDName@@QBE?AV0@PBD@Z    0042c3b0 f   libvcruntimed:undname.obj
 0001:0002b400       ??HDName@@QBE?AV0@W4DNameStatus@@@Z 0042c400 f   libvcruntimed:undname.obj
 0001:0002b450       ??YDName@@QAEAAV0@ABV0@@Z  0042c450 f   libvcruntimed:undname.obj
 0001:0002b4d0       ??YDName@@QAEAAV0@D@Z      0042c4d0 f   libvcruntimed:undname.obj
 0001:0002b570       ??YDName@@QAEAAV0@PAV0@@Z  0042c570 f   libvcruntimed:undname.obj
 0001:0002b650       ??YDName@@QAEAAV0@PBD@Z    0042c650 f   libvcruntimed:undname.obj
 0001:0002b710       ??YDName@@QAEAAV0@W4DNameStatus@@@Z 0042c710 f   libvcruntimed:undname.obj
 0001:0002b790       ??YReplicator@@QAEAAV0@ABVDName@@@Z 0042c790 f   libvcruntimed:undname.obj
 0001:0002b840       ??_5DName@@QAEAAV0@ABV0@@Z 0042c840 f   libvcruntimed:undname.obj
 0001:0002b8b0       ?Constructor@_HeapManager@@QAEXP6APAXI@ZP6AXPAX@Z@Z 0042c8b0 f i libvcruntimed:undname.obj
 0001:0002b900       ?Destructor@_HeapManager@@QAEXXZ 0042c900 f i libvcruntimed:undname.obj
 0001:0002b970       ?UScore@UnDecorator@@SAPBDW4Tokens@@@Z 0042c970 f   libvcruntimed:undname.obj
 0001:0002b9b0       ?append@DName@@AAEXPAVDNameNode@@@Z 0042c9b0 f   libvcruntimed:undname.obj
 0001:0002ba60       ?composeDeclaration@UnDecorator@@CA?AVDName@@ABV2@@Z 0042ca60 f i libvcruntimed:undname.obj
 0001:0002de10       ?dbGetString@DName@@QBEPADXZ 0042ee10 f   libvcruntimed:undname.obj
 0001:0002de40       ?doAccessSpecifiers@UnDecorator@@SAHXZ 0042ee40 f i libvcruntimed:undname.obj
 0001:0002de70       ?doAllocationLanguage@UnDecorator@@SAHXZ 0042ee70 f i libvcruntimed:undname.obj
 0001:0002dea0       ?doAllocationModel@UnDecorator@@SAHXZ 0042eea0 f i libvcruntimed:undname.obj
 0001:0002ded0       ?doEcsu@UnDecorator@@SAHXZ 0042eed0 f i libvcruntimed:undname.obj
 0001:0002df00       ?doEllipsis@UnDecorator@@SAHXZ 0042ef00 f i libvcruntimed:undname.obj
 0001:0002df30       ?doFunctionReturns@UnDecorator@@SAHXZ 0042ef30 f i libvcruntimed:undname.obj
 0001:0002df60       ?doMSKeywords@UnDecorator@@SAHXZ 0042ef60 f i libvcruntimed:undname.obj
 0001:0002df90       ?doMemberTypes@UnDecorator@@SAHXZ 0042ef90 f i libvcruntimed:undname.obj
 0001:0002dfc0       ?doNameOnly@UnDecorator@@SAHXZ 0042efc0 f i libvcruntimed:undname.obj
 0001:0002dfe0       ?doNoIdentCharCheck@UnDecorator@@SAHXZ 0042efe0 f i libvcruntimed:undname.obj
 0001:0002e000       ?doPchar@DName@@AAEXPBDH@Z 0042f000 f   libvcruntimed:undname.obj
 0001:0002e190       ?doPtr64@UnDecorator@@SAHXZ 0042f190 f i libvcruntimed:undname.obj
 0001:0002e1c0       ?doRestrictionSpec@UnDecorator@@SAHXZ 0042f1c0 f i libvcruntimed:undname.obj
 0001:0002e1f0       ?doThisTypes@UnDecorator@@SAHXZ 0042f1f0 f i libvcruntimed:undname.obj
 0001:0002e230       ?doThrowTypes@UnDecorator@@SAHXZ 0042f230 f i libvcruntimed:undname.obj
 0001:0002e260       ?doTypeOnly@UnDecorator@@SAHXZ 0042f260 f i libvcruntimed:undname.obj
 0001:0002e280       ?doUnderScore@UnDecorator@@SAHXZ 0042f280 f i libvcruntimed:undname.obj
 0001:0002e2b0       ?getArgumentList@UnDecorator@@CA?AVDName@@XZ 0042f2b0 f   libvcruntimed:undname.obj
 0001:0002e450       ?getArgumentTypes@UnDecorator@@CA?AVDName@@XZ 0042f450 f   libvcruntimed:undname.obj
 0001:0002e600       ?getArrayType@UnDecorator@@CA?AVDName@@ABV2@@Z 0042f600 f i libvcruntimed:undname.obj
 0001:0002e8c0       ?getBasedType@UnDecorator@@CA?AVDName@@XZ 0042f8c0 f   libvcruntimed:undname.obj
 0001:0002e9b0       ?getBasicDataType@UnDecorator@@CA?AVDName@@ABV2@@Z 0042f9b0 f   libvcruntimed:undname.obj
 0001:0002f110       ?getCallIndex@UnDecorator@@CA?AVDName@@XZ 00430110 f i libvcruntimed:undname.obj
 0001:0002f130       ?getCallingConvention@UnDecorator@@CA?AVDName@@XZ 00430130 f   libvcruntimed:undname.obj
 0001:0002f320       ?getDataIndirectType@UnDecorator@@CA?AVDName@@ABV2@PBD0H@Z 00430320 f   libvcruntimed:undname.obj
 0001:0002fcd0       ?getDataIndirectType@UnDecorator@@CA?AVDName@@XZ 00430cd0 f i libvcruntimed:undname.obj
 0001:0002fd20       ?getDataType@UnDecorator@@CA?AVDName@@PAV2@@Z 00430d20 f   libvcruntimed:undname.obj
 0001:0002fe80       ?getDecoratedName@UnDecorator@@CA?AVDName@@XZ 00430e80 f   libvcruntimed:undname.obj
 0001:00030270       ?getDimension@UnDecorator@@CA?AVDName@@_N@Z 00431270 f   libvcruntimed:undname.obj
 0001:000305d0       ?getDispatchTarget@UnDecorator@@CA?AVDName@@XZ 004315d0 f   libvcruntimed:undname.obj
 0001:00030690       ?getDisplacement@UnDecorator@@CA?AVDName@@XZ 00431690 f i libvcruntimed:undname.obj
 0001:000306b0       ?getECSUDataType@UnDecorator@@CA?AVDName@@XZ 004316b0 f   libvcruntimed:undname.obj
 0001:000308f0       ?getECSUName@UnDecorator@@CA?AVDName@@XZ 004318f0 f i libvcruntimed:undname.obj
 0001:00030910       ?getEnumType@UnDecorator@@CA?AVDName@@XZ 00431910 f i libvcruntimed:undname.obj
 0001:00030ab0       ?getExtendedDataIndirectType@UnDecorator@@CA?AVDName@@AAPBDAA_NH@Z 00431ab0 f   libvcruntimed:undname.obj
 0001:00030d90       ?getExternalDataType@UnDecorator@@CA?AVDName@@ABV2@@Z 00431d90 f i libvcruntimed:undname.obj
 0001:00030e50       ?getFunctionIndirectType@UnDecorator@@CA?AVDName@@ABV2@@Z 00431e50 f   libvcruntimed:undname.obj
 0001:00031400       ?getGuardNumber@UnDecorator@@CA?AVDName@@XZ 00432400 f i libvcruntimed:undname.obj
 0001:00031420       ?getLastChar@DName@@QBEDXZ 00432420 f i libvcruntimed:undname.obj
 0001:00031470       ?getLastChar@DNameStatusNode@@UBEDXZ 00432470 f i libvcruntimed:undname.obj
 0001:000314b0       ?getLastChar@charNode@@UBEDXZ 004324b0 f i libvcruntimed:undname.obj
 0001:000314d0       ?getLastChar@pDNameNode@@UBEDXZ 004324d0 f i libvcruntimed:undname.obj
 0001:00031510       ?getLastChar@pairNode@@UBEDXZ 00432510 f i libvcruntimed:undname.obj
 0001:00031590       ?getLastChar@pcharNode@@UBEDXZ 00432590 f i libvcruntimed:undname.obj
 0001:000315d0       ?getLexicalFrame@UnDecorator@@CA?AVDName@@XZ 004325d0 f i libvcruntimed:undname.obj
 0001:00031620       ?getMemory@_HeapManager@@QAEPAXIH@Z 00432620 f   libvcruntimed:undname.obj
 0001:00031780       ?getNumberOfDimensions@UnDecorator@@CAHXZ 00432780 f   libvcruntimed:undname.obj
 0001:000318c0       ?getOperatorName@UnDecorator@@CA?AVDName@@_NPA_N@Z 004328c0 f i libvcruntimed:undname.obj
 0001:00032580       ?getPointerType@UnDecorator@@CA?AVDName@@ABV2@0@Z 00433580 f i libvcruntimed:undname.obj
 0001:000325c0       ?getPointerTypeArray@UnDecorator@@CA?AVDName@@ABV2@0@Z 004335c0 f i libvcruntimed:undname.obj
 0001:00032600       ?getPrimaryDataType@UnDecorator@@CA?AVDName@@ABV2@@Z 00433600 f   libvcruntimed:undname.obj
 0001:00032ac0       ?getPtrRefDataType@UnDecorator@@CA?AVDName@@ABV2@H@Z 00433ac0 f   libvcruntimed:undname.obj
 0001:00032cc0       ?getPtrRefType@UnDecorator@@CA?AVDName@@ABV2@0PBD@Z 00433cc0 f   libvcruntimed:undname.obj
 0001:00032e90       ?getReferenceType@UnDecorator@@CA?AVDName@@ABV2@0PBD@Z 00433e90 f i libvcruntimed:undname.obj
 0001:00032ec0       ?getRestrictionSpec@UnDecorator@@CA?AVDName@@XZ 00433ec0 f   libvcruntimed:undname.obj
 0001:00033060       ?getReturnType@UnDecorator@@CA?AVDName@@PAV2@@Z 00434060 f   libvcruntimed:undname.obj
 0001:000330c0       ?getScope@UnDecorator@@CA?AVDName@@XZ 004340c0 f   libvcruntimed:undname.obj
 0001:000336f0       ?getScopedName@UnDecorator@@CA?AVDName@@XZ 004346f0 f   libvcruntimed:undname.obj
 0001:00033850       ?getSignedDimension@UnDecorator@@CA?AVDName@@XZ 00434850 f   libvcruntimed:undname.obj
 0001:000338f0       ?getStorageConvention@UnDecorator@@CA?AVDName@@XZ 004348f0 f i libvcruntimed:undname.obj
 0001:00033910       ?getString@DName@@QBEPADPAD0@Z 00434910 f i libvcruntimed:undname.obj
 0001:00033970       ?getString@DName@@QBEPADPADH@Z 00434970 f i libvcruntimed:undname.obj
 0001:00033a20       ?getString@DNameStatusNode@@UBEPADPAD0@Z 00434a20 f i libvcruntimed:undname.obj
 0001:00033a60       ?getString@charNode@@UBEPADPAD0@Z 00434a60 f i libvcruntimed:undname.obj
 0001:00033aa0       ?getString@pDNameNode@@UBEPADPAD0@Z 00434aa0 f i libvcruntimed:undname.obj
 0001:00033af0       ?getString@pairNode@@UBEPADPAD0@Z 00434af0 f i libvcruntimed:undname.obj
 0001:00033b90       ?getString@pcharNode@@UBEPADPAD0@Z 00434b90 f i libvcruntimed:undname.obj
 0001:00033bd0       ?getStringEncoding@UnDecorator@@CA?AVDName@@PADH@Z 00434bd0 f   libvcruntimed:undname.obj
 0001:00033d20       ?getStringHelper@@YAPADPAD00H@Z 00434d20 f i libvcruntimed:undname.obj
 0001:00033d70       ?getSymbolName@UnDecorator@@CA?AVDName@@XZ 00434d70 f i libvcruntimed:undname.obj
 0001:00033e20       ?getTemplateArgumentList@UnDecorator@@CA?AVDName@@XZ 00434e20 f   libvcruntimed:undname.obj
 0001:00034300       ?getTemplateConstant@UnDecorator@@CA?AVDName@@XZ 00435300 f   libvcruntimed:undname.obj
 0001:00034a20       ?getTemplateName@UnDecorator@@CA?AVDName@@_N@Z 00435a20 f   libvcruntimed:undname.obj
 0001:00034c60       ?getThisType@UnDecorator@@CA?AVDName@@XZ 00435c60 f i libvcruntimed:undname.obj
 0001:00034cb0       ?getThrowTypes@UnDecorator@@CA?AVDName@@XZ 00435cb0 f   libvcruntimed:undname.obj
 0001:00034d80       ?getTypeEncoding@UnDecorator@@CAHXZ 00435d80 f i libvcruntimed:undname.obj
 0001:00035a50       ?getVCallThunkType@UnDecorator@@CA?AVDName@@XZ 00436a50 f i libvcruntimed:undname.obj
 0001:00035ad0       ?getVbTableType@UnDecorator@@CA?AVDName@@ABV2@@Z 00436ad0 f i libvcruntimed:undname.obj
 0001:00035af0       ?getVdispMapType@UnDecorator@@CA?AVDName@@ABV2@@Z 00436af0 f i libvcruntimed:undname.obj
[...]
 0003:000118c0       ?disableFlags@UnDecorator@@0KA 005118c0     libvcruntimed:undname.obj
 0003:000118c4       ?fExplicitTemplateParams@UnDecorator@@0_NA 005118c4     libvcruntimed:undname.obj
 0003:000118c5       ?fGetTemplateArgumentList@UnDecorator@@0_NA 005118c5     libvcruntimed:undname.obj
 0003:000118c8       ?m_pGetParameter@UnDecorator@@0P6APADJ@ZA 005118c8     libvcruntimed:undname.obj
 0003:00011950       ?nodes@?1??make@DNameStatusNode@@SAPAV2@W4DNameStatus@@@Z@4PAV2@A 00511950     libvcruntimed:undname.obj
 0003:0001198c       ??_B?1??make@DNameStatusNode@@SAPAV1@W4DNameStatus@@@Z@51 0051198c     libvcruntimed:undname.obj
 0003:00011990       __nstream                  00511990     libucrtd:_file.obj
 0003:00011994       ___piob                    00511994     libucrtd:_file.obj
 0003:0001199c       __cflush                   0051199c     libucrtd:_file.obj
 0003:000124c4       __environ_table            005124c4     libucrtd:environment_initialization.obj
 0003:000124c8       __wenviron_table           005124c8     libucrtd:environment_initialization.obj
 0003:000124d0       ___dcrt_initial_wide_environment 005124d0     libucrtd:environment_initialization.obj
 0003:000124d4       ___dcrt_initial_narrow_environment 005124d4     libucrtd:environment_initialization.obj
 0003:000124e4       ___argc                    005124e4     libucrtd:argv_data.obj
 0003:000124e8       ___argv                    005124e8     libucrtd:argv_data.obj
 0003:000124ec       ___wargv                   005124ec     libucrtd:argv_data.obj
 0003:000124f0       __acmdln                   005124f0     libucrtd:argv_data.obj
 0003:000124f4       __wcmdln                   005124f4     libucrtd:argv_data.obj
 0003:000124f8       __pgmptr                   005124f8     libucrtd:argv_data.obj
 0003:000124fc       __wpgmptr                  005124fc     libucrtd:argv_data.obj
 0003:00012500       ___acrt_locale_changed_data 00512500     libucrtd:wsetlocale.obj
 0003:00012508       __commode                  00512508     libucrtd:ncommode.obj
 0003:0001250c       ___acrt_atexit_table       0051250c     libucrtd:onexit.obj
 0003:0001251c       ___acrt_at_quick_exit_table 0051251c     libucrtd:onexit.obj
 0003:00012548       __pfnDumpClient            00512548     libucrtd:debug_heap.obj
 0003:00012660       ___pioinfo                 00512660     libucrtd:ioinit.obj
 0003:000128c8       __nhandle                  005128c8     libucrtd:ioinit.obj
 0003:00012a4c       ___acrt_stdout_buffer      00512a4c     libucrtd:_sftbuf.obj
 0003:00012a50       ___acrt_stderr_buffer      00512a50     libucrtd:_sftbuf.obj
 0003:00012a58       ___acrt_current_locale_data 00512a58     libucrtd:nlsdata.obj
 0003:00012a78       ___mbcodepage              00512a78     libucrtd:mbctype.obj
 0003:00012a7c       ___ismbcodepage            00512a7c     libucrtd:mbctype.obj
 0003:00012a80       ___mbulinfo                00512a80     libucrtd:mbctype.obj
 0003:00012a94       ___mblocalename            00512a94     libucrtd:mbctype.obj
 0003:00012a9c       __fmode                    00512a9c     libucrtd:txtmode.obj
 0003:00012aa0       ___acrt_lconv_static_null  00512aa0     libucrtd:localeconv.obj
 0003:00012aa4       ___acrt_lconv_static_W_null 00512aa4     libucrtd:localeconv.obj
 0003:00012aa8       ___acrt_heap               00512aa8     libucrtd:heap_handle.obj
 0003:00012ab0       __pReportHookListW         00512ab0     libucrtd:dbgrptt.obj
 0003:00012ab4       __pfnReportHook            00512ab4     libucrtd:dbgrptt.obj
 0003:00012ab8       __pReportHookList          00512ab8     libucrtd:dbgrptt.obj
 0003:00012ac0       ___fastflag                00512ac0     libucrtd:fp_flags.obj
 0003:00012ac8       ?g_OutOfMemoryExceptionCallback@@3P6GPAXXZA 00512ac8     libvcruntimed:frame.obj
 0003:00012ad0       ?_OptionsStorage@?1??__local_stdio_scanf_options@@9@9 00512ad0     <common>
 0003:00012ae8       ?_OptionsStorage@?1??__local_stdio_printf_options@@9@9 00512ae8     <common>
 0003:00012af0       _PJ_NO_MEMORY_EXCEPTION    00512af0     <common>
 0003:00012afc       ___scrt_ucrt_dll_is_in_use 00512afc     <common>
 0003:00012b08       ___dyn_tls_dtor_callback   00512b08     <common>
 0003:00012b14       ___dyn_tls_init_callback   00512b14     <common>
 0003:00012b20       __setjmpexused             00512b20     <common>
 0003:00012b2c       __pmatherr                 00512b2c     <common>
 0003:00012b38       ___use_sse2_mathfcns       00512b38     <common>
 0004:00000000       __imp__SystemFunction036@8 00513000     advapi32:ADVAPI32.dll
 0004:00000004       \177ADVAPI32_NULL_THUNK_DATA 00513004     advapi32:ADVAPI32.dll
 0004:00000030       __imp__ReadConsoleW@20     00513030     kernel32:KERNEL32.dll
 0004:00000034       __imp__CreateFileW@28      00513034     kernel32:KERNEL32.dll
 0004:00000038       __imp__SetFilePointerEx@20 00513038     kernel32:KERNEL32.dll
 0004:0000003c       __imp__HeapQueryInformation@20 0051303c     kernel32:KERNEL32.dll
 0004:00000040       __imp__HeapSize@12         00513040     kernel32:KERNEL32.dll
 0004:00000044       __imp__HeapReAlloc@16      00513044     kernel32:KERNEL32.dll
 0004:00000048       __imp__HeapFree@12         00513048     kernel32:KERNEL32.dll
 0004:0000004c       __imp__GetProcessHeap@0    0051304c     kernel32:KERNEL32.dll
 0004:00000050       __imp__SetStdHandle@8      00513050     kernel32:KERNEL32.dll
 0004:00000054       __imp__SetEnvironmentVariableW@8 00513054     kernel32:KERNEL32.dll
 0004:00000058       __imp__SetEnvironmentVariableA@8 00513058     kernel32:KERNEL32.dll
 0004:0000005c       __imp__FreeEnvironmentStringsW@4 0051305c     kernel32:KERNEL32.dll
 0004:00000060       __imp__GetEnvironmentStringsW@0 00513060     kernel32:KERNEL32.dll
 0004:00000064       __imp__GetCPInfo@8         00513064     kernel32:KERNEL32.dll
 0004:00000068       __imp__GetOEMCP@0          00513068     kernel32:KERNEL32.dll
 0004:0000006c       __imp__IsValidCodePage@4   0051306c     kernel32:KERNEL32.dll
 0004:00000070       __imp__FindNextFileW@8     00513070     kernel32:KERNEL32.dll
 0004:00000074       __imp__FindNextFileA@8     00513074     kernel32:KERNEL32.dll
 0004:00000078       __imp__FindFirstFileExW@24 00513078     kernel32:KERNEL32.dll
 0004:0000007c       __imp__FindFirstFileExA@24 0051307c     kernel32:KERNEL32.dll
 0004:00000080       __imp__FindClose@4         00513080     kernel32:KERNEL32.dll
 0004:00000084       __imp__SetConsoleCtrlHandler@8 00513084     kernel32:KERNEL32.dll
 0004:00000088       __imp__WaitForSingleObjectEx@12 00513088     kernel32:KERNEL32.dll
 0004:0000008c       __imp__OutputDebugStringW@4 0051308c     kernel32:KERNEL32.dll
 0004:00000090       __imp__OutputDebugStringA@4 00513090     kernel32:KERNEL32.dll
 0004:00000094       __imp__GetStringTypeW@16   00513094     kernel32:KERNEL32.dll
 0004:00000098       __imp__GetConsoleMode@8    00513098     kernel32:KERNEL32.dll
 0004:0000009c       __imp__GetConsoleCP@0      0051309c     kernel32:KERNEL32.dll
 0004:000000a0       __imp__EnumSystemLocalesW@8 005130a0     kernel32:KERNEL32.dll
 0004:000000a4       __imp__GetUserDefaultLCID@0 005130a4     kernel32:KERNEL32.dll
 0004:000000a8       __imp__IsValidLocale@8     005130a8     kernel32:KERNEL32.dll
 0004:000000ac       __imp__GetLocaleInfoW@16   005130ac     kernel32:KERNEL32.dll
 0004:000000b0       __imp__LCMapStringW@24     005130b0     kernel32:KERNEL32.dll
 0004:000000b4       __imp__CompareStringW@24   005130b4     kernel32:KERNEL32.dll
 0004:000000b8       __imp__GetTimeFormatW@24   005130b8     kernel32:KERNEL32.dll
 0004:000000bc       __imp__GetDateFormatW@24   005130bc     kernel32:KERNEL32.dll
 0004:000000c0       __imp__GetSystemInfo@4     005130c0     kernel32:KERNEL32.dll
 0004:000000c4       __imp__HeapValidate@12     005130c4     kernel32:KERNEL32.dll
 0004:000000c8       __imp__HeapAlloc@12        005130c8     kernel32:KERNEL32.dll
 0004:000000cc       __imp__RaiseException@16   005130cc     kernel32:KERNEL32.dll
 0004:000000d0       __imp__GetACP@0            005130d0     kernel32:KERNEL32.dll
 0004:000000d4       __imp__GetCommandLineW@0   005130d4     kernel32:KERNEL32.dll
 0004:000000d8       __imp__GetCommandLineA@0   005130d8     kernel32:KERNEL32.dll
 0004:000000dc       __imp__ExitProcess@4       005130dc     kernel32:KERNEL32.dll
 0004:000000e0       __imp__WideCharToMultiByte@32 005130e0     kernel32:KERNEL32.dll
 0004:000000e4       __imp__MultiByteToWideChar@24 005130e4     kernel32:KERNEL32.dll
 0004:000000e8       __imp__WriteConsoleW@20    005130e8     kernel32:KERNEL32.dll
 0004:000000ec       __imp__GetModuleHandleExW@12 005130ec     kernel32:KERNEL32.dll
 0004:000000f0       __imp__GetModuleFileNameA@12 005130f0     kernel32:KERNEL32.dll
 0004:000000f4       __imp__GetFileType@4       005130f4     kernel32:KERNEL32.dll
 0004:000000f8       __imp__LoadLibraryExW@12   005130f8     kernel32:KERNEL32.dll
 0004:000000fc       __imp__GetProcAddress@8    005130fc     kernel32:KERNEL32.dll
 0004:00000100       __imp__FreeLibrary@4       00513100     kernel32:KERNEL32.dll
 0004:00000104       __imp__InitializeCriticalSectionAndSpinCount@8 00513104     kernel32:KERNEL32.dll
 0004:00000108       __imp__RtlUnwind@16        00513108     kernel32:KERNEL32.dll
 0004:0000010c       __imp__InterlockedFlushSList@4 0051310c     kernel32:KERNEL32.dll
 0004:00000110       __imp__InterlockedPushEntrySList@8 00513110     kernel32:KERNEL32.dll
 0004:00000114       __imp__EncodePointer@4     00513114     kernel32:KERNEL32.dll
 0004:00000118       __imp__CloseHandle@4       00513118     kernel32:KERNEL32.dll
 0004:0000011c       __imp__SetEvent@4          0051311c     kernel32:KERNEL32.dll
 0004:00000120       __imp__CreateEventA@16     00513120     kernel32:KERNEL32.dll
 0004:00000124       __imp__WaitForMultipleObjects@16 00513124     kernel32:KERNEL32.dll
 0004:00000128       __imp__GetCurrentThread@0  00513128     kernel32:KERNEL32.dll
 0004:0000012c       __imp__SetThreadPriority@8 0051312c     kernel32:KERNEL32.dll
 0004:00000130       __imp__GetStdHandle@4      00513130     kernel32:KERNEL32.dll
 0004:00000134       __imp__GetLastError@0      00513134     kernel32:KERNEL32.dll
 0004:00000138       __imp__InitializeCriticalSection@4 00513138     kernel32:KERNEL32.dll
 0004:0000013c       __imp__EnterCriticalSection@4 0051313c     kernel32:KERNEL32.dll
 0004:00000140       __imp__LeaveCriticalSection@4 00513140     kernel32:KERNEL32.dll
 0004:00000144       __imp__TryEnterCriticalSection@4 00513144     kernel32:KERNEL32.dll
 0004:00000148       __imp__DeleteCriticalSection@4 00513148     kernel32:KERNEL32.dll
 0004:0000014c       __imp__ResetEvent@4        0051314c     kernel32:KERNEL32.dll
 0004:00000150       __imp__ReleaseSemaphore@12 00513150     kernel32:KERNEL32.dll
 0004:00000154       __imp__WaitForSingleObject@8 00513154     kernel32:KERNEL32.dll
 0004:00000158       __imp__Sleep@4             00513158     kernel32:KERNEL32.dll
 0004:0000015c       __imp__GetCurrentProcessId@0 0051315c     kernel32:KERNEL32.dll
 0004:00000160       __imp__CreateThread@24     00513160     kernel32:KERNEL32.dll
 0004:00000164       __imp__GetCurrentThreadId@0 00513164     kernel32:KERNEL32.dll
 0004:00000168       __imp__GetThreadPriority@4 00513168     kernel32:KERNEL32.dll
 0004:0000016c       __imp__ResumeThread@4      0051316c     kernel32:KERNEL32.dll
 0004:00000170       __imp__TlsAlloc@0          00513170     kernel32:KERNEL32.dll
 0004:00000174       __imp__TlsGetValue@4       00513174     kernel32:KERNEL32.dll
 0004:00000178       __imp__TlsSetValue@8       00513178     kernel32:KERNEL32.dll
 0004:0000017c       __imp__TlsFree@4           0051317c     kernel32:KERNEL32.dll
 0004:00000180       __imp__PulseEvent@4        00513180     kernel32:KERNEL32.dll
 0004:00000184       __imp__CreateSemaphoreA@16 00513184     kernel32:KERNEL32.dll
 0004:00000188       __imp__GetConsoleScreenBufferInfo@8 00513188     kernel32:KERNEL32.dll
 0004:0000018c       __imp__SetConsoleTextAttribute@8 0051318c     kernel32:KERNEL32.dll
 0004:00000190       __imp__DecodePointer@4     00513190     kernel32:KERNEL32.dll
 0004:00000194       __imp__QueryPerformanceFrequency@4 00513194     kernel32:KERNEL32.dll
 0004:00000198       __imp__SetLastError@4      00513198     kernel32:KERNEL32.dll
 0004:0000019c       __imp__FormatMessageA@28   0051319c     kernel32:KERNEL32.dll
 0004:000001a0       __imp__CreateFileA@28      005131a0     kernel32:KERNEL32.dll
 0004:000001a4       __imp__DeleteFileA@4       005131a4     kernel32:KERNEL32.dll
 0004:000001a8       __imp__FileTimeToLocalFileTime@8 005131a8     kernel32:KERNEL32.dll
 0004:000001ac       __imp__GetFileSize@8       005131ac     kernel32:KERNEL32.dll
 0004:000001b0       __imp__GetFileTime@16      005131b0     kernel32:KERNEL32.dll
 0004:000001b4       __imp__MoveFileExA@12      005131b4     kernel32:KERNEL32.dll
 0004:000001b8       __imp__FileTimeToSystemTime@8 005131b8     kernel32:KERNEL32.dll
 0004:000001bc       __imp__FlushFileBuffers@4  005131bc     kernel32:KERNEL32.dll
 0004:000001c0       __imp__ReadFile@20         005131c0     kernel32:KERNEL32.dll
 0004:000001c4       __imp__SetFilePointer@16   005131c4     kernel32:KERNEL32.dll
 0004:000001c8       __imp__WriteFile@20        005131c8     kernel32:KERNEL32.dll
 0004:000001cc       __imp__GetLocalTime@4      005131cc     kernel32:KERNEL32.dll
 0004:000001d0       __imp__SystemTimeToFileTime@8 005131d0     kernel32:KERNEL32.dll
 0004:000001d4       __imp__UnhandledExceptionFilter@4 005131d4     kernel32:KERNEL32.dll
 0004:000001d8       __imp__SetUnhandledExceptionFilter@4 005131d8     kernel32:KERNEL32.dll
 0004:000001dc       __imp__GetCurrentProcess@0 005131dc     kernel32:KERNEL32.dll
 0004:000001e0       __imp__TerminateProcess@8  005131e0     kernel32:KERNEL32.dll
 0004:000001e4       __imp__IsProcessorFeaturePresent@4 005131e4     kernel32:KERNEL32.dll
 0004:000001e8       __imp__GetSystemTimeAsFileTime@4 005131e8     kernel32:KERNEL32.dll
 0004:000001ec       __imp__InitializeSListHead@4 005131ec     kernel32:KERNEL32.dll
 0004:000001f0       __imp__IsDebuggerPresent@0 005131f0     kernel32:KERNEL32.dll
 0004:000001f4       __imp__GetStartupInfoW@4   005131f4     kernel32:KERNEL32.dll
 0004:000001f8       __imp__GetModuleHandleW@4  005131f8     kernel32:KERNEL32.dll
 0004:000001fc       __imp__GetModuleFileNameW@12 005131fc     kernel32:KERNEL32.dll
 0004:00000200       __imp__QueryPerformanceCounter@4 00513200     kernel32:KERNEL32.dll
 0004:00000204       \177KERNEL32_NULL_THUNK_DATA 00513204     kernel32:KERNEL32.dll
 0004:0000028c       __imp__waveInReset@4       0051328c     winmm:WINMM.dll
 0004:00000290       __imp__waveInStop@4        00513290     winmm:WINMM.dll
 0004:00000294       __imp__waveInStart@4       00513294     winmm:WINMM.dll
 0004:00000298       __imp__waveInAddBuffer@12  00513298     winmm:WINMM.dll
 0004:0000029c       __imp__waveInUnprepareHeader@12 0051329c     winmm:WINMM.dll
 0004:000002a0       __imp__waveInPrepareHeader@12 005132a0     winmm:WINMM.dll
 0004:000002a4       __imp__waveInClose@4       005132a4     winmm:WINMM.dll
 0004:000002a8       __imp__waveInOpen@24       005132a8     winmm:WINMM.dll
 0004:000002ac       __imp__waveInGetDevCapsA@12 005132ac     winmm:WINMM.dll
 0004:000002b0       __imp__waveInGetNumDevs@0  005132b0     winmm:WINMM.dll
 0004:000002b4       __imp__waveOutReset@4      005132b4     winmm:WINMM.dll
 0004:000002b8       __imp__waveOutRestart@4    005132b8     winmm:WINMM.dll
 0004:000002bc       __imp__waveOutPause@4      005132bc     winmm:WINMM.dll
 0004:000002c0       __imp__waveOutWrite@12     005132c0     winmm:WINMM.dll
 0004:000002c4       __imp__waveOutUnprepareHeader@12 005132c4     winmm:WINMM.dll
 0004:000002c8       __imp__waveOutPrepareHeader@12 005132c8     winmm:WINMM.dll
 0004:000002cc       __imp__waveOutClose@4      005132cc     winmm:WINMM.dll
 0004:000002d0       __imp__waveOutOpen@24      005132d0     winmm:WINMM.dll
 0004:000002d4       __imp__waveOutSetVolume@8  005132d4     winmm:WINMM.dll
 0004:000002d8       __imp__waveOutGetVolume@8  005132d8     winmm:WINMM.dll
 0004:000002dc       __imp__waveOutGetDevCapsA@12 005132dc     winmm:WINMM.dll
 0004:000002e0       __imp__waveOutGetNumDevs@0 005132e0     winmm:WINMM.dll
 0004:000002e4       __imp__waveInGetErrorTextA@12 005132e4     winmm:WINMM.dll
 0004:000002e8       __imp__waveOutGetErrorTextA@12 005132e8     winmm:WINMM.dll
 0004:000002ec       \177WINMM_NULL_THUNK_DATA  005132ec     winmm:WINMM.dll
 0004:00000328       __imp__select@20           00513328     ws2_32:WS2_32.dll
 0004:0000032c       __imp____WSAFDIsSet@8      0051332c     ws2_32:WS2_32.dll
 0004:00000330       __imp__ioctlsocket@12      00513330     ws2_32:WS2_32.dll
 0004:00000334       __imp__WSAStringToAddressA@20 00513334     ws2_32:WS2_32.dll
 0004:00000338       __imp__WSAAddressToStringA@20 00513338     ws2_32:WS2_32.dll
 0004:0000033c       __imp__WSASocketA@24       0051333c     ws2_32:WS2_32.dll
 0004:00000340       __imp__WSAIoctl@36         00513340     ws2_32:WS2_32.dll
 0004:00000344       __imp__gethostname@8       00513344     ws2_32:WS2_32.dll
 0004:00000348       __imp__shutdown@8          00513348     ws2_32:WS2_32.dll
 0004:0000034c       __imp__setsockopt@20       0051334c     ws2_32:WS2_32.dll
 0004:00000350       __imp__sendto@24           00513350     ws2_32:WS2_32.dll
 0004:00000354       __imp__send@16             00513354     ws2_32:WS2_32.dll
 0004:00000358       __imp__recvfrom@24         00513358     ws2_32:WS2_32.dll
 0004:0000035c       __imp__recv@16             0051335c     ws2_32:WS2_32.dll
 0004:00000360       __imp__ntohs@4             00513360     ws2_32:WS2_32.dll
 0004:00000364       __imp__ntohl@4             00513364     ws2_32:WS2_32.dll
 0004:00000368       __imp__listen@8            00513368     ws2_32:WS2_32.dll
 0004:0000036c       __imp__inet_ntoa@4         0051336c     ws2_32:WS2_32.dll
 0004:00000370       __imp__inet_addr@4         00513370     ws2_32:WS2_32.dll
 0004:00000374       __imp__htons@4             00513374     ws2_32:WS2_32.dll
 0004:00000378       __imp__htonl@4             00513378     ws2_32:WS2_32.dll
 0004:0000037c       __imp__getsockopt@20       0051337c     ws2_32:WS2_32.dll
 0004:00000380       __imp__getsockname@12      00513380     ws2_32:WS2_32.dll
 0004:00000384       __imp__getpeername@12      00513384     ws2_32:WS2_32.dll
 0004:00000388       __imp__connect@12          00513388     ws2_32:WS2_32.dll
 0004:0000038c       __imp__closesocket@4       0051338c     ws2_32:WS2_32.dll
 0004:00000390       __imp__bind@12             00513390     ws2_32:WS2_32.dll
 0004:00000394       __imp__accept@12           00513394     ws2_32:WS2_32.dll
 0004:00000398       __imp__WSASetLastError@4   00513398     ws2_32:WS2_32.dll
 0004:0000039c       __imp__WSAGetLastError@0   0051339c     ws2_32:WS2_32.dll
 0004:000003a0       __imp__WSACleanup@0        005133a0     ws2_32:WS2_32.dll
 0004:000003a4       __imp__WSAStartup@8        005133a4     ws2_32:WS2_32.dll
 0004:000003a8       \177WS2_32_NULL_THUNK_DATA 005133a8     ws2_32:WS2_32.dll
 0004:000003ec       __imp__CoCreateGuid@4      005133ec     ole32:ole32.dll
 0004:000003f0       \177ole32_NULL_THUNK_DATA  005133f0     ole32:ole32.dll
 0004:0000041c       __IMPORT_DESCRIPTOR_ole32  0051341c     ole32:ole32.dll
 0004:00000430       __IMPORT_DESCRIPTOR_WS2_32 00513430     ws2_32:WS2_32.dll
 0004:00000444       __IMPORT_DESCRIPTOR_WINMM  00513444     winmm:WINMM.dll
 0004:00000458       __IMPORT_DESCRIPTOR_KERNEL32 00513458     kernel32:KERNEL32.dll
 0004:0000046c       __IMPORT_DESCRIPTOR_ADVAPI32 0051346c     advapi32:ADVAPI32.dll
 0004:00000480       __NULL_IMPORT_DESCRIPTOR   00513480     ole32:ole32.dll
 0005:00000000       ___guard_check_icall_fptr  00515000     LIBCMTD:guard_support.obj
